
 Start         Length     Name                   Class
 0001:00401000 000023268H _TEXT                  CODE
 0002:00425000 000007018H _DATA                  DATA
 0003:0042C018 000013C44H _BSS                   BSS
 0004:00000000 00000009CH _TLS                   TLS


Detailed map of segments
 0001:00000000 0000014F C=CODE    S=_TEXT    G=(none)   M=C:\BORLAND\BCC55\LIB\C0X32.OBJ ACBP=A9
 0001:00000150 00000575 C=CODE    S=_TEXT    G=(none)   M=C:\USERS\PETER\SOURCE\REPOS\MEMACS\NT\BCPP55\OBJ\ABBREV.OBJ ACBP=A9
 0001:000006C8 000008A7 C=CODE    S=_TEXT    G=(none)   M=C:\USERS\PETER\SOURCE\REPOS\MEMACS\NT\BCPP55\OBJ\BASIC.OBJ ACBP=A9
 0001:00000F70 00000CAD C=CODE    S=_TEXT    G=(none)   M=C:\USERS\PETER\SOURCE\REPOS\MEMACS\NT\BCPP55\OBJ\BIND.OBJ ACBP=A9
 0001:00001C20 00000994 C=CODE    S=_TEXT    G=(none)   M=C:\USERS\PETER\SOURCE\REPOS\MEMACS\NT\BCPP55\OBJ\BUFFER.OBJ ACBP=A9
 0001:000025B4 000001E7 C=CODE    S=_TEXT    G=(none)   M=C:\USERS\PETER\SOURCE\REPOS\MEMACS\NT\BCPP55\OBJ\CHAR.OBJ ACBP=A9
 0001:0000279C 000001A0 C=CODE    S=_TEXT    G=(none)   M=C:\USERS\PETER\SOURCE\REPOS\MEMACS\NT\BCPP55\OBJ\CRYPT.OBJ ACBP=A9
 0001:0000293C 00001A85 C=CODE    S=_TEXT    G=(none)   M=C:\USERS\PETER\SOURCE\REPOS\MEMACS\NT\BCPP55\OBJ\DISPLAY.OBJ ACBP=A9
 0001:000043C4 00002DF8 C=CODE    S=_TEXT    G=(none)   M=C:\USERS\PETER\SOURCE\REPOS\MEMACS\NT\BCPP55\OBJ\EVAL.OBJ ACBP=A9
 0001:000071BC 00001441 C=CODE    S=_TEXT    G=(none)   M=C:\USERS\PETER\SOURCE\REPOS\MEMACS\NT\BCPP55\OBJ\EXEC.OBJ ACBP=A9
 0001:00008600 00000DCC C=CODE    S=_TEXT    G=(none)   M=C:\USERS\PETER\SOURCE\REPOS\MEMACS\NT\BCPP55\OBJ\FILE.OBJ ACBP=A9
 0001:000093CC 00000381 C=CODE    S=_TEXT    G=(none)   M=C:\USERS\PETER\SOURCE\REPOS\MEMACS\NT\BCPP55\OBJ\FILEIO.OBJ ACBP=A9
 0001:00009750 000010A2 C=CODE    S=_TEXT    G=(none)   M=C:\USERS\PETER\SOURCE\REPOS\MEMACS\NT\BCPP55\OBJ\INPUT.OBJ ACBP=A9
 0001:0000A7F4 00000626 C=CODE    S=_TEXT    G=(none)   M=C:\USERS\PETER\SOURCE\REPOS\MEMACS\NT\BCPP55\OBJ\ISEARCH.OBJ ACBP=A9
 0001:0000AE1C 0000110D C=CODE    S=_TEXT    G=(none)   M=C:\USERS\PETER\SOURCE\REPOS\MEMACS\NT\BCPP55\OBJ\LINE.OBJ ACBP=A9
 0001:0000BF2C 00000F73 C=CODE    S=_TEXT    G=(none)   M=C:\USERS\PETER\SOURCE\REPOS\MEMACS\NT\BCPP55\OBJ\MAIN.OBJ ACBP=A9
 0001:0000CEA0 00000BC9 C=CODE    S=_TEXT    G=(none)   M=C:\USERS\PETER\SOURCE\REPOS\MEMACS\NT\BCPP55\OBJ\MOUSE.OBJ ACBP=A9
 0001:0000DA6C 0000089D C=CODE    S=_TEXT    G=(none)   M=C:\USERS\PETER\SOURCE\REPOS\MEMACS\NT\BCPP55\OBJ\NT.OBJ ACBP=A9
 0001:0000E30C 00000A99 C=CODE    S=_TEXT    G=(none)   M=C:\USERS\PETER\SOURCE\REPOS\MEMACS\NT\BCPP55\OBJ\NTCONIO.OBJ ACBP=A9
 0001:0000EDA8 000015F3 C=CODE    S=_TEXT    G=(none)   M=C:\USERS\PETER\SOURCE\REPOS\MEMACS\NT\BCPP55\OBJ\RANDOM.OBJ ACBP=A9
 0001:0001039C 00000974 C=CODE    S=_TEXT    G=(none)   M=C:\USERS\PETER\SOURCE\REPOS\MEMACS\NT\BCPP55\OBJ\REGION.OBJ ACBP=A9
 0001:00010D10 0000084B C=CODE    S=_TEXT    G=(none)   M=C:\USERS\PETER\SOURCE\REPOS\MEMACS\NT\BCPP55\OBJ\REPLACE.OBJ ACBP=A9
 0001:0001155C 00000651 C=CODE    S=_TEXT    G=(none)   M=C:\USERS\PETER\SOURCE\REPOS\MEMACS\NT\BCPP55\OBJ\SCREEN.OBJ ACBP=A9
 0001:00011BB0 00001304 C=CODE    S=_TEXT    G=(none)   M=C:\USERS\PETER\SOURCE\REPOS\MEMACS\NT\BCPP55\OBJ\SEARCH.OBJ ACBP=A9
 0001:00012EB4 00000944 C=CODE    S=_TEXT    G=(none)   M=C:\USERS\PETER\SOURCE\REPOS\MEMACS\NT\BCPP55\OBJ\TAGS.OBJ ACBP=A9
 0001:000137F8 000006D5 C=CODE    S=_TEXT    G=(none)   M=C:\USERS\PETER\SOURCE\REPOS\MEMACS\NT\BCPP55\OBJ\UNDO.OBJ ACBP=A9
 0001:00013ED0 00000D27 C=CODE    S=_TEXT    G=(none)   M=C:\USERS\PETER\SOURCE\REPOS\MEMACS\NT\BCPP55\OBJ\WINDOW.OBJ ACBP=A9
 0001:00014BF8 00000AE1 C=CODE    S=_TEXT    G=(none)   M=C:\USERS\PETER\SOURCE\REPOS\MEMACS\NT\BCPP55\OBJ\WORD.OBJ ACBP=A9
 0001:000156DC 0000002B C=CODE    S=_TEXT    G=(none)   M=C:\BORLAND\BCC55\LIB\CW32.LIB|calloc ACBP=A9
 0001:00015708 0000000F C=CODE    S=_TEXT    G=(none)   M=C:\BORLAND\BCC55\LIB\CW32.LIB|del ACBP=A9
 0001:00015718 0000000F C=CODE    S=_TEXT    G=(none)   M=C:\BORLAND\BCC55\LIB\CW32.LIB|delarray ACBP=A9
 0001:00015728 00000111 C=CODE    S=_TEXT    G=(none)   M=C:\BORLAND\BCC55\LIB\CW32.LIB|virtmem ACBP=A9
 0001:0001583C 0000009F C=CODE    S=_TEXT    G=(none)   M=C:\BORLAND\BCC55\LIB\CW32.LIB|hrdir_b ACBP=A9
 0001:000158DC 00000020 C=CODE    S=_TEXT    G=(none)   M=C:\BORLAND\BCC55\LIB\CW32.LIB|hrdir_mf ACBP=A9
 0001:000158FC 00000016 C=CODE    S=_TEXT    G=(none)   M=C:\BORLAND\BCC55\LIB\CW32.LIB|hrdir_r ACBP=A9
 0001:00015914 000000B8 C=CODE    S=_TEXT    G=(none)   M=C:\BORLAND\BCC55\LIB\CW32.LIB|hrdir_s ACBP=A9
 0001:000159CC 00000001 C=CODE    S=_TEXT    G=(none)   M=C:\BORLAND\BCC55\LIB\CW32.LIB|hrdir_us ACBP=A9
 0001:000159D0 000009CC C=CODE    S=_TEXT    G=(none)   M=C:\BORLAND\BCC55\LIB\CW32.LIB|heap ACBP=A9
 0001:0001639C 00000292 C=CODE    S=_TEXT    G=(none)   M=C:\BORLAND\BCC55\LIB\CW32.LIB|realloc ACBP=A9
 0001:00016630 00000001 C=CODE    S=_TEXT    G=(none)   M=C:\BORLAND\BCC55\LIB\CW32.LIB|crtlst_i ACBP=A9
 0001:00016634 00000001 C=CODE    S=_TEXT    G=(none)   M=C:\BORLAND\BCC55\LIB\CW32.LIB|crtlst_l ACBP=A9
 0001:00016638 0000001E C=CODE    S=_TEXT    G=(none)   M=C:\BORLAND\BCC55\LIB\CW32.LIB|memchr ACBP=A9
 0001:00016658 00000024 C=CODE    S=_TEXT    G=(none)   M=C:\BORLAND\BCC55\LIB\CW32.LIB|memcpy ACBP=A9
 0001:0001667C 0000004A C=CODE    S=_TEXT    G=(none)   M=C:\BORLAND\BCC55\LIB\CW32.LIB|memmove ACBP=A9
 0001:000166C8 0000008A C=CODE    S=_TEXT    G=(none)   M=C:\BORLAND\BCC55\LIB\CW32.LIB|memset ACBP=A9
 0001:00016754 00000018 C=CODE    S=_TEXT    G=(none)   M=C:\BORLAND\BCC55\LIB\CW32.LIB|wmemset ACBP=A9
 0001:0001676C 0000003C C=CODE    S=_TEXT    G=(none)   M=C:\BORLAND\BCC55\LIB\CW32.LIB|strcat ACBP=A9
 0001:000167A8 00000053 C=CODE    S=_TEXT    G=(none)   M=C:\BORLAND\BCC55\LIB\CW32.LIB|strchr ACBP=A9
 0001:000167FC 0000004B C=CODE    S=_TEXT    G=(none)   M=C:\BORLAND\BCC55\LIB\CW32.LIB|strcmp ACBP=A9
 0001:00016848 0000002F C=CODE    S=_TEXT    G=(none)   M=C:\BORLAND\BCC55\LIB\CW32.LIB|strcpy ACBP=A9
 0001:00016878 0000005A C=CODE    S=_TEXT    G=(none)   M=C:\BORLAND\BCC55\LIB\CW32.LIB|strlen ACBP=A9
 0001:000168D4 0000006E C=CODE    S=_TEXT    G=(none)   M=C:\BORLAND\BCC55\LIB\CW32.LIB|strncat ACBP=A9
 0001:00016944 00000027 C=CODE    S=_TEXT    G=(none)   M=C:\BORLAND\BCC55\LIB\CW32.LIB|strncmp ACBP=A9
 0001:0001696C 0000006C C=CODE    S=_TEXT    G=(none)   M=C:\BORLAND\BCC55\LIB\CW32.LIB|memcmp ACBP=A9
 0001:000169D8 00000032 C=CODE    S=_TEXT    G=(none)   M=C:\BORLAND\BCC55\LIB\CW32.LIB|strdup ACBP=A9
 0001:00016A0C 0000004F C=CODE    S=_TEXT    G=(none)   M=C:\BORLAND\BCC55\LIB\CW32.LIB|strncpy ACBP=A9
 0001:00016A5C 0000003F C=CODE    S=_TEXT    G=(none)   M=C:\BORLAND\BCC55\LIB\CW32.LIB|strrev ACBP=A9
 0001:00016A9C 00000054 C=CODE    S=_TEXT    G=(none)   M=C:\BORLAND\BCC55\LIB\CW32.LIB|strstr ACBP=A9
 0001:00016AF0 00000037 C=CODE    S=_TEXT    G=(none)   M=C:\BORLAND\BCC55\LIB\CW32.LIB|_stpcpy ACBP=A9
 0001:00016B28 00000018 C=CODE    S=_TEXT    G=(none)   M=C:\BORLAND\BCC55\LIB\CW32.LIB|wcslen ACBP=A9
 0001:00016B40 0000003F C=CODE    S=_TEXT    G=(none)   M=C:\BORLAND\BCC55\LIB\CW32.LIB|wcscpy ACBP=A9
 0001:00016B80 00000070 C=CODE    S=_TEXT    G=(none)   M=C:\BORLAND\BCC55\LIB\CW32.LIB|xxa ACBP=A9
 0001:00016BF0 00000778 C=CODE    S=_TEXT    G=(none)   M=C:\BORLAND\BCC55\LIB\CW32.LIB|xxtype ACBP=A9
 0001:00017342 000000B6 C=CODE    S=_TEXT    G=(none)   M=C:\BORLAND\BCC55\LIB\CW32.LIB|xxut ACBP=A9
 0001:000173E4 0000014B C=CODE    S=_TEXT    G=(none)   M=C:\BORLAND\BCC55\LIB\CW32.LIB|xxv ACBP=A9
 0001:00017530 0000000A C=CODE    S=_TEXT    G=(none)   M=C:\BORLAND\BCC55\LIB\CW32.LIB|defhandl ACBP=A9
 0001:0001753C 00000179 C=CODE    S=_TEXT    G=(none)   M=C:\BORLAND\BCC55\LIB\CW32.LIB|except ACBP=A9
 0001:000176B8 00000046 C=CODE    S=_TEXT    G=(none)   M=C:\BORLAND\BCC55\LIB\CW32.LIB|setexc ACBP=A9
 0001:00017700 00000022 C=CODE    S=_TEXT    G=(none)   M=C:\BORLAND\BCC55\LIB\CW32.LIB|ta ACBP=A9
 0001:00017724 0000003C C=CODE    S=_TEXT    G=(none)   M=C:\BORLAND\BCC55\LIB\CW32.LIB|__access ACBP=A9
 0001:00017760 00000060 C=CODE    S=_TEXT    G=(none)   M=C:\BORLAND\BCC55\LIB\CW32.LIB|__close ACBP=A9
 0001:000177C0 00000086 C=CODE    S=_TEXT    G=(none)   M=C:\BORLAND\BCC55\LIB\CW32.LIB|__eof ACBP=A9
 0001:00017848 00000047 C=CODE    S=_TEXT    G=(none)   M=C:\BORLAND\BCC55\LIB\CW32.LIB|__isatty ACBP=A9
 0001:00017890 00000076 C=CODE    S=_TEXT    G=(none)   M=C:\BORLAND\BCC55\LIB\CW32.LIB|__lseek ACBP=A9
 0001:00017908 000001FA C=CODE    S=_TEXT    G=(none)   M=C:\BORLAND\BCC55\LIB\CW32.LIB|__open ACBP=A9
 0001:00017B04 0000019A C=CODE    S=_TEXT    G=(none)   M=C:\BORLAND\BCC55\LIB\CW32.LIB|__read ACBP=A9
 0001:00017CA0 0000011C C=CODE    S=_TEXT    G=(none)   M=C:\BORLAND\BCC55\LIB\CW32.LIB|__write ACBP=A9
 0001:00017DBC 00000011 C=CODE    S=_TEXT    G=(none)   M=C:\BORLAND\BCC55\LIB\CW32.LIB|_cfinfo ACBP=A9
 0001:00017DD0 00000038 C=CODE    S=_TEXT    G=(none)   M=C:\BORLAND\BCC55\LIB\CW32.LIB|_flshall ACBP=A9
 0001:00017E08 0000001D C=CODE    S=_TEXT    G=(none)   M=C:\BORLAND\BCC55\LIB\CW32.LIB|_fputc ACBP=A9
 0001:00017E28 00000008 C=CODE    S=_TEXT    G=(none)   M=C:\BORLAND\BCC55\LIB\CW32.LIB|_mktemp ACBP=A9
 0001:00017E30 00000061 C=CODE    S=_TEXT    G=(none)   M=C:\BORLAND\BCC55\LIB\CW32.LIB|_read ACBP=A9
 0001:00017E91 00000017 C=CODE    S=_TEXT    G=(none)   M=C:\BORLAND\BCC55\LIB\CW32.LIB|_umask ACBP=A9
 0001:00017E94 00000008 C=CODE    S=_TEXT    G=(none)   M=C:\BORLAND\BCC55\LIB\CW32.LIB|_unlink ACBP=A9
 0001:00017E9C 00000061 C=CODE    S=_TEXT    G=(none)   M=C:\BORLAND\BCC55\LIB\CW32.LIB|_write ACBP=A9
 0001:00017F00 00000008 C=CODE    S=_TEXT    G=(none)   M=C:\BORLAND\BCC55\LIB\CW32.LIB|access ACBP=A9
 0001:00017F08 0000007D C=CODE    S=_TEXT    G=(none)   M=C:\BORLAND\BCC55\LIB\CW32.LIB|allocbuf ACBP=A9
 0001:00017F88 0000008E C=CODE    S=_TEXT    G=(none)   M=C:\BORLAND\BCC55\LIB\CW32.LIB|fclose ACBP=A9
 0001:00018018 0000025B C=CODE    S=_TEXT    G=(none)   M=C:\BORLAND\BCC55\LIB\CW32.LIB|ffile ACBP=A9
 0001:00018274 0000007F C=CODE    S=_TEXT    G=(none)   M=C:\BORLAND\BCC55\LIB\CW32.LIB|fflush ACBP=A9
 0001:000182F4 0000012D C=CODE    S=_TEXT    G=(none)   M=C:\BORLAND\BCC55\LIB\CW32.LIB|fgets ACBP=A9
 0001:00018424 0000005A C=CODE    S=_TEXT    G=(none)   M=C:\BORLAND\BCC55\LIB\CW32.LIB|flushout ACBP=A9
 0001:00018480 00000023 C=CODE    S=_TEXT    G=(none)   M=C:\BORLAND\BCC55\LIB\CW32.LIB|fmodeptr ACBP=A9
 0001:000184A4 000001DD C=CODE    S=_TEXT    G=(none)   M=C:\BORLAND\BCC55\LIB\CW32.LIB|fopen ACBP=A9
 0001:00018684 000000D9 C=CODE    S=_TEXT    G=(none)   M=C:\BORLAND\BCC55\LIB\CW32.LIB|fputn ACBP=A9
 0001:00018760 0000013E C=CODE    S=_TEXT    G=(none)   M=C:\BORLAND\BCC55\LIB\CW32.LIB|fseek ACBP=A9
 0001:000188A0 000000D4 C=CODE    S=_TEXT    G=(none)   M=C:\BORLAND\BCC55\LIB\CW32.LIB|fullpath ACBP=A9
 0001:00018974 00000140 C=CODE    S=_TEXT    G=(none)   M=C:\BORLAND\BCC55\LIB\CW32.LIB|getdcwd ACBP=A9
 0001:00018AB4 000002B9 C=CODE    S=_TEXT    G=(none)   M=C:\BORLAND\BCC55\LIB\CW32.LIB|handles ACBP=A9
 0001:00018D70 00000076 C=CODE    S=_TEXT    G=(none)   M=C:\BORLAND\BCC55\LIB\CW32.LIB|ioerror ACBP=A9
 0001:00018DE8 0000019E C=CODE    S=_TEXT    G=(none)   M=C:\BORLAND\BCC55\LIB\CW32.LIB|lgetc ACBP=A9
 0001:00018F88 00000110 C=CODE    S=_TEXT    G=(none)   M=C:\BORLAND\BCC55\LIB\CW32.LIB|lputc ACBP=A9
 0001:00019098 00000091 C=CODE    S=_TEXT    G=(none)   M=C:\BORLAND\BCC55\LIB\CW32.LIB|mkname ACBP=A9
 0001:0001912C 000000A9 C=CODE    S=_TEXT    G=(none)   M=C:\BORLAND\BCC55\LIB\CW32.LIB|mktemp ACBP=A9
 0001:000191D5 00000079 C=CODE    S=_TEXT    G=(none)   M=C:\BORLAND\BCC55\LIB\CW32.LIB|perror ACBP=A9
 0001:000191D8 00000023 C=CODE    S=_TEXT    G=(none)   M=C:\BORLAND\BCC55\LIB\CW32.LIB|printf ACBP=A9
 0001:000191FC 0000004E C=CODE    S=_TEXT    G=(none)   M=C:\BORLAND\BCC55\LIB\CW32.LIB|puts ACBP=A9
 0001:0001924C 0000001E C=CODE    S=_TEXT    G=(none)   M=C:\BORLAND\BCC55\LIB\CW32.LIB|rename ACBP=A9
 0001:0001926C 00000838 C=CODE    S=_TEXT    G=(none)   M=C:\BORLAND\BCC55\LIB\CW32.LIB|scanner ACBP=A9
 0001:00019AA4 0000022B C=CODE    S=_TEXT    G=(none)   M=C:\BORLAND\BCC55\LIB\CW32.LIB|scn2i64 ACBP=A9
 0001:00019CD0 0000004D C=CODE    S=_TEXT    G=(none)   M=C:\BORLAND\BCC55\LIB\CW32.LIB|setvbuf ACBP=A9
 0001:00019D20 00000078 C=CODE    S=_TEXT    G=(none)   M=C:\BORLAND\BCC55\LIB\CW32.LIB|sprintf ACBP=A9
 0001:00019D98 00000073 C=CODE    S=_TEXT    G=(none)   M=C:\BORLAND\BCC55\LIB\CW32.LIB|sscanf ACBP=A9
 0001:00019E0C 00000115 C=CODE    S=_TEXT    G=(none)   M=C:\BORLAND\BCC55\LIB\CW32.LIB|streams ACBP=A9
 0001:00019F24 0000001A C=CODE    S=_TEXT    G=(none)   M=C:\BORLAND\BCC55\LIB\CW32.LIB|unlink ACBP=A9
 0001:00019F40 000009EC C=CODE    S=_TEXT    G=(none)   M=C:\BORLAND\BCC55\LIB\CW32.LIB|vprinter ACBP=A9
 0001:0001A92C 0000002E C=CODE    S=_TEXT    G=(none)   M=C:\BORLAND\BCC55\LIB\CW32.LIB|xfclose ACBP=A9
 0001:0001A95C 00000027 C=CODE    S=_TEXT    G=(none)   M=C:\BORLAND\BCC55\LIB\CW32.LIB|xfflush ACBP=A9
 0001:0001A983 00000006 C=CODE    S=_TEXT    G=(none)   M=C:\BORLAND\BCC55\LIB\CW32.LIB|cconv ACBP=A9
 0001:0001A984 000002C3 C=CODE    S=_TEXT    G=(none)   M=C:\BORLAND\BCC55\LIB\CW32.LIB|convt ACBP=A9
 0001:0001AC48 00000051 C=CODE    S=_TEXT    G=(none)   M=C:\BORLAND\BCC55\LIB\CW32.LIB|getinfo ACBP=A9
 0001:0001AC9C 00000102 C=CODE    S=_TEXT    G=(none)   M=C:\BORLAND\BCC55\LIB\CW32.LIB|is ACBP=A9
 0001:0001ADA0 00000103 C=CODE    S=_TEXT    G=(none)   M=C:\BORLAND\BCC55\LIB\CW32.LIB|wis ACBP=A9
 0001:0001AEA4 00000043 C=CODE    S=_TEXT    G=(none)   M=C:\BORLAND\BCC55\LIB\CW32.LIB|isctype ACBP=A9
 0001:0001AEE8 00000055 C=CODE    S=_TEXT    G=(none)   M=C:\BORLAND\BCC55\LIB\CW32.LIB|iswctype ACBP=A9
 0001:0001AF40 0000117F C=CODE    S=_TEXT    G=(none)   M=C:\BORLAND\BCC55\LIB\CW32.LIB|locale ACBP=A9
 0001:0001C0C0 0000080E C=CODE    S=_TEXT    G=(none)   M=C:\BORLAND\BCC55\LIB\CW32.LIB|initcat ACBP=A9
 0001:0001C8D0 00000097 C=CODE    S=_TEXT    G=(none)   M=C:\BORLAND\BCC55\LIB\CW32.LIB|lconv ACBP=A9
 0001:0001C968 00000024 C=CODE    S=_TEXT    G=(none)   M=C:\BORLAND\BCC55\LIB\CW32.LIB|lstrlwr ACBP=A9
 0001:0001C98C 00000054 C=CODE    S=_TEXT    G=(none)   M=C:\BORLAND\BCC55\LIB\CW32.LIB|ltolower ACBP=A9
 0001:0001C9E0 00000054 C=CODE    S=_TEXT    G=(none)   M=C:\BORLAND\BCC55\LIB\CW32.LIB|ltoupper ACBP=A9
 0001:0001CA34 000004D0 C=CODE    S=_TEXT    G=(none)   M=C:\BORLAND\BCC55\LIB\CW32.LIB|mbyte1 ACBP=A9
 0001:0001CF04 00000200 C=CODE    S=_TEXT    G=(none)   M=C:\BORLAND\BCC55\LIB\CW32.LIB|_ll ACBP=A9
 0001:0001D104 00000008 C=CODE    S=_TEXT    G=(none)   M=C:\BORLAND\BCC55\LIB\CW32.LIB|_ltoa1 ACBP=A9
 0001:0001D10C 00000188 C=CODE    S=_TEXT    G=(none)   M=C:\BORLAND\BCC55\LIB\CW32.LIB|_pow10 ACBP=A9
 0001:0001D294 00000077 C=CODE    S=_TEXT    G=(none)   M=C:\BORLAND\BCC55\LIB\CW32.LIB|atol ACBP=A9
 0001:0001D30C 00000013 C=CODE    S=_TEXT    G=(none)   M=C:\BORLAND\BCC55\LIB\CW32.LIB|clear87 ACBP=A9
 0001:0001D320 0000002F C=CODE    S=_TEXT    G=(none)   M=C:\BORLAND\BCC55\LIB\CW32.LIB|ctrl87 ACBP=A9
 0001:0001D350 00000018 C=CODE    S=_TEXT    G=(none)   M=C:\BORLAND\BCC55\LIB\CW32.LIB|cvtentry ACBP=A9
 0001:0001D368 00000018 C=CODE    S=_TEXT    G=(none)   M=C:\BORLAND\BCC55\LIB\CW32.LIB|cvtfak ACBP=A9
 0001:0001D380 00000018 C=CODE    S=_TEXT    G=(none)   M=C:\BORLAND\BCC55\LIB\CW32.LIB|cvtfakw ACBP=A9
 0001:0001D398 00000016 C=CODE    S=_TEXT    G=(none)   M=C:\BORLAND\BCC55\LIB\CW32.LIB|fpreset ACBP=A9
 0001:0001D3B0 0000002D C=CODE    S=_TEXT    G=(none)   M=C:\BORLAND\BCC55\LIB\CW32.LIB|fuildq ACBP=A9
 0001:0001D3E0 00000021 C=CODE    S=_TEXT    G=(none)   M=C:\BORLAND\BCC55\LIB\CW32.LIB|fuistq ACBP=A9
 0001:0001D404 00000011 C=CODE    S=_TEXT    G=(none)   M=C:\BORLAND\BCC55\LIB\CW32.LIB|fxam ACBP=A9
 0001:0001D418 000000B1 C=CODE    S=_TEXT    G=(none)   M=C:\BORLAND\BCC55\LIB\CW32.LIB|int64toa ACBP=A9
 0001:0001D4CC 00000117 C=CODE    S=_TEXT    G=(none)   M=C:\BORLAND\BCC55\LIB\CW32.LIB|ldtrunc ACBP=A9
 0001:0001D5E4 0000008F C=CODE    S=_TEXT    G=(none)   M=C:\BORLAND\BCC55\LIB\CW32.LIB|longtoa ACBP=A9
 0001:0001D674 00000075 C=CODE    S=_TEXT    G=(none)   M=C:\BORLAND\BCC55\LIB\CW32.LIB|ltoa1 ACBP=A9
 0001:0001D6EC 0000002A C=CODE    S=_TEXT    G=(none)   M=C:\BORLAND\BCC55\LIB\CW32.LIB|matherr ACBP=A9
 0001:0001D718 0000002E C=CODE    S=_TEXT    G=(none)   M=C:\BORLAND\BCC55\LIB\CW32.LIB|matherrl ACBP=A9
 0001:0001D748 00000016 C=CODE    S=_TEXT    G=(none)   M=C:\BORLAND\BCC55\LIB\CW32.LIB|mathptr ACBP=A9
 0001:0001D760 00000025 C=CODE    S=_TEXT    G=(none)   M=C:\BORLAND\BCC55\LIB\CW32.LIB|qdiv10 ACBP=A9
 0001:0001D788 0000002E C=CODE    S=_TEXT    G=(none)   M=C:\BORLAND\BCC55\LIB\CW32.LIB|qmul10 ACBP=A9
 0001:0001D7B8 000002F9 C=CODE    S=_TEXT    G=(none)   M=C:\BORLAND\BCC55\LIB\CW32.LIB|realcvt ACBP=A9
 0001:0001DAB4 00000331 C=CODE    S=_TEXT    G=(none)   M=C:\BORLAND\BCC55\LIB\CW32.LIB|realcvtw ACBP=A9
 0001:0001DDE8 000004E1 C=CODE    S=_TEXT    G=(none)   M=C:\BORLAND\BCC55\LIB\CW32.LIB|scantod ACBP=A9
 0001:0001E2CC 000004DD C=CODE    S=_TEXT    G=(none)   M=C:\BORLAND\BCC55\LIB\CW32.LIB|scanwtod ACBP=A9
 0001:0001E7AC 000002D2 C=CODE    S=_TEXT    G=(none)   M=C:\BORLAND\BCC55\LIB\CW32.LIB|xcvt ACBP=A9
 0001:0001EA80 000002F1 C=CODE    S=_TEXT    G=(none)   M=C:\BORLAND\BCC55\LIB\CW32.LIB|xcvtw ACBP=A9
 0001:0001ED74 00000139 C=CODE    S=_TEXT    G=(none)   M=C:\BORLAND\BCC55\LIB\CW32.LIB|mbctype ACBP=A9
 0001:0001EEB0 0000003D C=CODE    S=_TEXT    G=(none)   M=C:\BORLAND\BCC55\LIB\CW32.LIB|mbisalp ACBP=A9
 0001:0001EEF0 0000001A C=CODE    S=_TEXT    G=(none)   M=C:\BORLAND\BCC55\LIB\CW32.LIB|mbisdgt ACBP=A9
 0001:0001EF0C 0000001A C=CODE    S=_TEXT    G=(none)   M=C:\BORLAND\BCC55\LIB\CW32.LIB|mbisspc ACBP=A9
 0001:0001EF28 00000050 C=CODE    S=_TEXT    G=(none)   M=C:\BORLAND\BCC55\LIB\CW32.LIB|mbschr ACBP=A9
 0001:0001EF78 00000076 C=CODE    S=_TEXT    G=(none)   M=C:\BORLAND\BCC55\LIB\CW32.LIB|mbscmp ACBP=A9
 0001:0001EFF0 00000055 C=CODE    S=_TEXT    G=(none)   M=C:\BORLAND\BCC55\LIB\CW32.LIB|mbsdec ACBP=A9
 0001:0001F048 0000009B C=CODE    S=_TEXT    G=(none)   M=C:\BORLAND\BCC55\LIB\CW32.LIB|mbsicmp ACBP=A9
 0001:0001F0E4 00000054 C=CODE    S=_TEXT    G=(none)   M=C:\BORLAND\BCC55\LIB\CW32.LIB|mbsnbcpy ACBP=A9
 0001:0001F138 000000BF C=CODE    S=_TEXT    G=(none)   M=C:\BORLAND\BCC55\LIB\CW32.LIB|mbsnbicm ACBP=A9
 0001:0001F1F8 00000056 C=CODE    S=_TEXT    G=(none)   M=C:\BORLAND\BCC55\LIB\CW32.LIB|mbsrchr ACBP=A9
 0001:0001F250 000000A6 C=CODE    S=_TEXT    G=(none)   M=C:\BORLAND\BCC55\LIB\CW32.LIB|assert ACBP=A9
 0001:0001F2F8 000000B8 C=CODE    S=_TEXT    G=(none)   M=C:\BORLAND\BCC55\LIB\CW32.LIB|ermsghlp ACBP=A9
 0001:0001F3B0 00000006 C=CODE    S=_TEXT    G=(none)   M=C:\BORLAND\BCC55\LIB\CW32.LIB|errno ACBP=A9
 0001:0001F3B0 0000019B C=CODE    S=_TEXT    G=(none)   M=C:\BORLAND\BCC55\LIB\CW32.LIB|errormsg ACBP=A9
 0001:0001F54C 00000089 C=CODE    S=_TEXT    G=(none)   M=C:\BORLAND\BCC55\LIB\CW32.LIB|platform ACBP=A9
 0001:0001F5D8 00000022 C=CODE    S=_TEXT    G=(none)   M=C:\BORLAND\BCC55\LIB\CW32.LIB|abort ACBP=A9
 0001:0001F5FC 000000A7 C=CODE    S=_TEXT    G=(none)   M=C:\BORLAND\BCC55\LIB\CW32.LIB|exit ACBP=A9
 0001:0001F6A4 00000057 C=CODE    S=_TEXT    G=(none)   M=C:\BORLAND\BCC55\LIB\CW32.LIB|getenv ACBP=A9
 0001:0001F6FC 0000001A C=CODE    S=_TEXT    G=(none)   M=C:\BORLAND\BCC55\LIB\CW32.LIB|initwild ACBP=A9
 0001:0001F718 00000011 C=CODE    S=_TEXT    G=(none)   M=C:\BORLAND\BCC55\LIB\CW32.LIB|exparg ACBP=A9
 0001:0001F72C 00000011 C=CODE    S=_TEXT    G=(none)   M=C:\BORLAND\BCC55\LIB\CW32.LIB|wexparg ACBP=A9
 0001:0001F740 00000027 C=CODE    S=_TEXT    G=(none)   M=C:\BORLAND\BCC55\LIB\CW32.LIB|initargv ACBP=A9
 0001:0001F768 0000016C C=CODE    S=_TEXT    G=(none)   M=C:\BORLAND\BCC55\LIB\CW32.LIB|setargv ACBP=A9
 0001:0001F8D4 000001E5 C=CODE    S=_TEXT    G=(none)   M=C:\BORLAND\BCC55\LIB\CW32.LIB|hsargv ACBP=A9
 0001:0001FABC 00000227 C=CODE    S=_TEXT    G=(none)   M=C:\BORLAND\BCC55\LIB\CW32.LIB|whsargv ACBP=A9
 0001:0001FCE4 0000001D C=CODE    S=_TEXT    G=(none)   M=C:\BORLAND\BCC55\LIB\CW32.LIB|spawnl ACBP=A9
 0001:0001FD04 0000001D C=CODE    S=_TEXT    G=(none)   M=C:\BORLAND\BCC55\LIB\CW32.LIB|spawnlp ACBP=A9
 0001:0001FD24 0000002D C=CODE    S=_TEXT    G=(none)   M=C:\BORLAND\BCC55\LIB\CW32.LIB|srchenv ACBP=A9
 0001:0001FD54 000000F5 C=CODE    S=_TEXT    G=(none)   M=C:\BORLAND\BCC55\LIB\CW32.LIB|srchstr ACBP=A9
 0001:0001FE4C 00000045 C=CODE    S=_TEXT    G=(none)   M=C:\BORLAND\BCC55\LIB\CW32.LIB|setargv0 ACBP=A9
 0001:0001FE94 0000063B C=CODE    S=_TEXT    G=(none)   M=C:\BORLAND\BCC55\LIB\CW32.LIB|loadprog ACBP=A9
 0001:000204D0 000001A0 C=CODE    S=_TEXT    G=(none)   M=C:\BORLAND\BCC55\LIB\CW32.LIB|setenvp ACBP=A9
 0001:00020670 000002F8 C=CODE    S=_TEXT    G=(none)   M=C:\BORLAND\BCC55\LIB\CW32.LIB|signal ACBP=A9
 0001:00020968 000000E5 C=CODE    S=_TEXT    G=(none)   M=C:\BORLAND\BCC55\LIB\CW32.LIB|system ACBP=A9
 0001:00020A50 00000006 C=CODE    S=_TEXT    G=(none)   M=C:\BORLAND\BCC55\LIB\CW32.LIB|_getpid ACBP=A9
 0001:00020A58 00000157 C=CODE    S=_TEXT    G=(none)   M=C:\BORLAND\BCC55\LIB\CW32.LIB|initexit ACBP=A9
 0001:00020BB0 000001A4 C=CODE    S=_TEXT    G=(none)   M=C:\BORLAND\BCC55\LIB\CW32.LIB|startup ACBP=A9
 0001:00020D54 0000004F C=CODE    S=_TEXT    G=(none)   M=C:\BORLAND\BCC55\LIB\CW32.LIB|tlsstat ACBP=A9
 0001:00020DA4 000000AC C=CODE    S=_TEXT    G=(none)   M=C:\BORLAND\BCC55\LIB\CW32.LIB|ctime ACBP=A9
 0001:00020E50 000001A9 C=CODE    S=_TEXT    G=(none)   M=C:\BORLAND\BCC55\LIB\CW32.LIB|gmtime ACBP=A9
 0001:00020FFC 000002A4 C=CODE    S=_TEXT    G=(none)   M=C:\BORLAND\BCC55\LIB\CW32.LIB|timefunc ACBP=A9
 0001:000212A0 00000006 C=CODE    S=_TEXT    G=(none)   M=C:\BORLAND\BCC55\LIB\CW32.LIB|tzdata ACBP=A9
 0001:000212A8 000001C8 C=CODE    S=_TEXT    G=(none)   M=C:\BORLAND\BCC55\LIB\CW32.LIB|tzset ACBP=A9
 0001:00021470 00000008 C=CODE    S=_TEXT    G=(none)   M=C:\BORLAND\BCC55\LIB\CW32.LIB|_tzset ACBP=A9
 0001:00021478 0000004D C=CODE    S=_TEXT    G=(none)   M=C:\BORLAND\BCC55\LIB\CW32.LIB|time ACBP=A9
 0001:000214C8 00001BA2 C=CODE    S=_TEXT    G=(none)   M=C:\BORLAND\BCC55\LIB\CW32.LIB|xx ACBP=A9
 0002:0000009C 000000A4 C=DATA    S=_DATA    G=DGROUP   M=C:\BORLAND\BCC55\LIB\C0X32.OBJ ACBP=A9
 0002:00000140 000000A8 C=DATA    S=_DATA    G=DGROUP   M=C:\USERS\PETER\SOURCE\REPOS\MEMACS\NT\BCPP55\OBJ\ABBREV.OBJ ACBP=A9
 0002:000001E8 00000054 C=DATA    S=_DATA    G=DGROUP   M=C:\USERS\PETER\SOURCE\REPOS\MEMACS\NT\BCPP55\OBJ\BASIC.OBJ ACBP=A9
 0002:0000023C 00000158 C=DATA    S=_DATA    G=DGROUP   M=C:\USERS\PETER\SOURCE\REPOS\MEMACS\NT\BCPP55\OBJ\BIND.OBJ ACBP=A9
 0002:00000394 000000FC C=DATA    S=_DATA    G=DGROUP   M=C:\USERS\PETER\SOURCE\REPOS\MEMACS\NT\BCPP55\OBJ\BUFFER.OBJ ACBP=A9
 0002:00000490 0000001C C=DATA    S=_DATA    G=DGROUP   M=C:\USERS\PETER\SOURCE\REPOS\MEMACS\NT\BCPP55\OBJ\CRYPT.OBJ ACBP=A9
 0002:000004AC 000000C8 C=DATA    S=_DATA    G=DGROUP   M=C:\USERS\PETER\SOURCE\REPOS\MEMACS\NT\BCPP55\OBJ\DISPLAY.OBJ ACBP=A9
 0002:00000574 000008E4 C=DATA    S=_DATA    G=DGROUP   M=C:\USERS\PETER\SOURCE\REPOS\MEMACS\NT\BCPP55\OBJ\EVAL.OBJ ACBP=A9
 0002:00000E58 000004A8 C=DATA    S=_DATA    G=DGROUP   M=C:\USERS\PETER\SOURCE\REPOS\MEMACS\NT\BCPP55\OBJ\EXEC.OBJ ACBP=A9
 0002:00001300 000001B4 C=DATA    S=_DATA    G=DGROUP   M=C:\USERS\PETER\SOURCE\REPOS\MEMACS\NT\BCPP55\OBJ\FILE.OBJ ACBP=A9
 0002:000014B4 00000054 C=DATA    S=_DATA    G=DGROUP   M=C:\USERS\PETER\SOURCE\REPOS\MEMACS\NT\BCPP55\OBJ\FILEIO.OBJ ACBP=A9
 0002:00001508 00000068 C=DATA    S=_DATA    G=DGROUP   M=C:\USERS\PETER\SOURCE\REPOS\MEMACS\NT\BCPP55\OBJ\INPUT.OBJ ACBP=A9
 0002:00001570 00000050 C=DATA    S=_DATA    G=DGROUP   M=C:\USERS\PETER\SOURCE\REPOS\MEMACS\NT\BCPP55\OBJ\ISEARCH.OBJ ACBP=A9
 0002:000015C0 00000070 C=DATA    S=_DATA    G=DGROUP   M=C:\USERS\PETER\SOURCE\REPOS\MEMACS\NT\BCPP55\OBJ\LINE.OBJ ACBP=A9
 0002:00001630 00002700 C=DATA    S=_DATA    G=DGROUP   M=C:\USERS\PETER\SOURCE\REPOS\MEMACS\NT\BCPP55\OBJ\MAIN.OBJ ACBP=A9
 0002:00003D30 00000018 C=DATA    S=_DATA    G=DGROUP   M=C:\USERS\PETER\SOURCE\REPOS\MEMACS\NT\BCPP55\OBJ\MOUSE.OBJ ACBP=A9
 0002:00003D48 0000007C C=DATA    S=_DATA    G=DGROUP   M=C:\USERS\PETER\SOURCE\REPOS\MEMACS\NT\BCPP55\OBJ\NT.OBJ ACBP=A9
 0002:00003DC4 00000154 C=DATA    S=_DATA    G=DGROUP   M=C:\USERS\PETER\SOURCE\REPOS\MEMACS\NT\BCPP55\OBJ\NTCONIO.OBJ ACBP=A9
 0002:00003F18 000000A8 C=DATA    S=_DATA    G=DGROUP   M=C:\USERS\PETER\SOURCE\REPOS\MEMACS\NT\BCPP55\OBJ\RANDOM.OBJ ACBP=A9
 0002:00003FC0 000000C8 C=DATA    S=_DATA    G=DGROUP   M=C:\USERS\PETER\SOURCE\REPOS\MEMACS\NT\BCPP55\OBJ\REGION.OBJ ACBP=A9
 0002:00004088 000000E8 C=DATA    S=_DATA    G=DGROUP   M=C:\USERS\PETER\SOURCE\REPOS\MEMACS\NT\BCPP55\OBJ\REPLACE.OBJ ACBP=A9
 0002:00004170 000000DC C=DATA    S=_DATA    G=DGROUP   M=C:\USERS\PETER\SOURCE\REPOS\MEMACS\NT\BCPP55\OBJ\SCREEN.OBJ ACBP=A9
 0002:0000424C 000000B8 C=DATA    S=_DATA    G=DGROUP   M=C:\USERS\PETER\SOURCE\REPOS\MEMACS\NT\BCPP55\OBJ\SEARCH.OBJ ACBP=A9
 0002:00004304 0000010C C=DATA    S=_DATA    G=DGROUP   M=C:\USERS\PETER\SOURCE\REPOS\MEMACS\NT\BCPP55\OBJ\TAGS.OBJ ACBP=A9
 0002:00004410 00000084 C=DATA    S=_DATA    G=DGROUP   M=C:\USERS\PETER\SOURCE\REPOS\MEMACS\NT\BCPP55\OBJ\UNDO.OBJ ACBP=A9
 0002:00004494 0000010C C=DATA    S=_DATA    G=DGROUP   M=C:\USERS\PETER\SOURCE\REPOS\MEMACS\NT\BCPP55\OBJ\WINDOW.OBJ ACBP=A9
 0002:000045A0 00000050 C=DATA    S=_DATA    G=DGROUP   M=C:\USERS\PETER\SOURCE\REPOS\MEMACS\NT\BCPP55\OBJ\WORD.OBJ ACBP=A9
 0002:000045F0 00000004 C=DATA    S=_DATA    G=DGROUP   M=C:\BORLAND\BCC55\LIB\CW32.LIB|virtmem ACBP=A9
 0002:000045F4 00000098 C=DATA    S=_DATA    G=DGROUP   M=C:\BORLAND\BCC55\LIB\CW32.LIB|hrdir_b ACBP=A9
 0002:0000468C 00000020 C=DATA    S=_DATA    G=DGROUP   M=C:\BORLAND\BCC55\LIB\CW32.LIB|hrdir_s ACBP=A9
 0002:000046AC 00000040 C=DATA    S=_DATA    G=DGROUP   M=C:\BORLAND\BCC55\LIB\CW32.LIB|heap ACBP=A9
 0002:000046EC 00000004 C=DATA    S=_DATA    G=DGROUP   M=C:\BORLAND\BCC55\LIB\CW32.LIB|xx_xpf ACBP=A9
 0002:000046F0 00000330 C=DATA    S=_DATA    G=DGROUP   M=C:\BORLAND\BCC55\LIB\CW32.LIB|xxtype ACBP=A9
 0002:00004A10 0000003C C=DATA    S=_DATA    G=DGROUP   M=C:\BORLAND\BCC55\LIB\CW32.LIB|xxut ACBP=A9
 0002:00004A4C 000000E4 C=DATA    S=_DATA    G=DGROUP   M=C:\BORLAND\BCC55\LIB\CW32.LIB|xxv ACBP=A9
 0002:00004B30 00000014 C=DATA    S=_DATA    G=DGROUP   M=C:\BORLAND\BCC55\LIB\CW32.LIB|except ACBP=A9
 0002:00004B44 00000004 C=DATA    S=_DATA    G=DGROUP   M=C:\BORLAND\BCC55\LIB\CW32.LIB|_cfinfo ACBP=A9
 0002:00004B48 00000004 C=DATA    S=_DATA    G=DGROUP   M=C:\BORLAND\BCC55\LIB\CW32.LIB|_umask ACBP=A9
 0002:00004B4C 00000004 C=DATA    S=_DATA    G=DGROUP   M=C:\BORLAND\BCC55\LIB\CW32.LIB|cfinfo ACBP=A9
 0002:00004B50 000004B0 C=DATA    S=_DATA    G=DGROUP   M=C:\BORLAND\BCC55\LIB\CW32.LIB|files ACBP=A9
 0002:00005000 000000CC C=DATA    S=_DATA    G=DGROUP   M=C:\BORLAND\BCC55\LIB\CW32.LIB|files2 ACBP=A9
 0002:000050CC 00000004 C=DATA    S=_DATA    G=DGROUP   M=C:\BORLAND\BCC55\LIB\CW32.LIB|fmode ACBP=A9
 0002:000050D0 00000004 C=DATA    S=_DATA    G=DGROUP   M=C:\BORLAND\BCC55\LIB\CW32.LIB|fmodeptr ACBP=A9
 0002:000050D4 0000012B C=DATA    S=_DATA    G=DGROUP   M=C:\BORLAND\BCC55\LIB\CW32.LIB|ioerror ACBP=A9
 0002:00005200 0000000C C=DATA    S=_DATA    G=DGROUP   M=C:\BORLAND\BCC55\LIB\CW32.LIB|mkname ACBP=A9
 0002:0000520C 00000008 C=DATA    S=_DATA    G=DGROUP   M=C:\BORLAND\BCC55\LIB\CW32.LIB|mktemp ACBP=A9
 0002:00005214 0000047C C=DATA    S=_DATA    G=DGROUP   M=C:\BORLAND\BCC55\LIB\CW32.LIB|perror ACBP=A9
 0002:00005690 00000082 C=DATA    S=_DATA    G=DGROUP   M=C:\BORLAND\BCC55\LIB\CW32.LIB|scanner ACBP=A9
 0002:00005714 00000076 C=DATA    S=_DATA    G=DGROUP   M=C:\BORLAND\BCC55\LIB\CW32.LIB|vprinter ACBP=A9
 0002:0000578C 00000202 C=DATA    S=_DATA    G=DGROUP   M=C:\BORLAND\BCC55\LIB\CW32.LIB|bigctype ACBP=A9
 0002:00005990 0000003C C=DATA    S=_DATA    G=DGROUP   M=C:\BORLAND\BCC55\LIB\CW32.LIB|cconv ACBP=A9
 0002:000059CC 00000050 C=DATA    S=_DATA    G=DGROUP   M=C:\BORLAND\BCC55\LIB\CW32.LIB|convt ACBP=A9
 0002:00005A1C 00000100 C=DATA    S=_DATA    G=DGROUP   M=C:\BORLAND\BCC55\LIB\CW32.LIB|clower ACBP=A9
 0002:00005B1C 00000100 C=DATA    S=_DATA    G=DGROUP   M=C:\BORLAND\BCC55\LIB\CW32.LIB|cupper ACBP=A9
 0002:00005C1C 00000118 C=DATA    S=_DATA    G=DGROUP   M=C:\BORLAND\BCC55\LIB\CW32.LIB|locale ACBP=A9
 0002:00005D34 00000260 C=DATA    S=_DATA    G=DGROUP   M=C:\BORLAND\BCC55\LIB\CW32.LIB|clocale ACBP=A9
 0002:00005F94 00000068 C=DATA    S=_DATA    G=DGROUP   M=C:\BORLAND\BCC55\LIB\CW32.LIB|initcat ACBP=A9
 0002:00005FFC 000000C0 C=DATA    S=_DATA    G=DGROUP   M=C:\BORLAND\BCC55\LIB\CW32.LIB|_pow10 ACBP=A9
 0002:000060BC 00000068 C=DATA    S=_DATA    G=DGROUP   M=C:\BORLAND\BCC55\LIB\CW32.LIB|cvtfak ACBP=A9
 0002:00006124 00000068 C=DATA    S=_DATA    G=DGROUP   M=C:\BORLAND\BCC55\LIB\CW32.LIB|cvtfakw ACBP=A9
 0002:0000618C 00000004 C=DATA    S=_DATA    G=DGROUP   M=C:\BORLAND\BCC55\LIB\CW32.LIB|deflt87 ACBP=A9
 0002:00006190 0000007C C=DATA    S=_DATA    G=DGROUP   M=C:\BORLAND\BCC55\LIB\CW32.LIB|hugeval ACBP=A9
 0002:0000620C 00000008 C=DATA    S=_DATA    G=DGROUP   M=C:\BORLAND\BCC55\LIB\CW32.LIB|initcvt ACBP=A9
 0002:00006214 00000008 C=DATA    S=_DATA    G=DGROUP   M=C:\BORLAND\BCC55\LIB\CW32.LIB|mathptr ACBP=A9
 0002:0000621C 00000014 C=DATA    S=_DATA    G=DGROUP   M=C:\BORLAND\BCC55\LIB\CW32.LIB|realcvt ACBP=A9
 0002:00006230 00000028 C=DATA    S=_DATA    G=DGROUP   M=C:\BORLAND\BCC55\LIB\CW32.LIB|realcvtw ACBP=A9
 0002:00006258 00000028 C=DATA    S=_DATA    G=DGROUP   M=C:\BORLAND\BCC55\LIB\CW32.LIB|scantod ACBP=A9
 0002:00006280 00000028 C=DATA    S=_DATA    G=DGROUP   M=C:\BORLAND\BCC55\LIB\CW32.LIB|scanwtod ACBP=A9
 0002:000062A8 00000048 C=DATA    S=_DATA    G=DGROUP   M=C:\BORLAND\BCC55\LIB\CW32.LIB|mbctype ACBP=A9
 0002:000062F0 00000024 C=DATA    S=_DATA    G=DGROUP   M=C:\BORLAND\BCC55\LIB\CW32.LIB|assert ACBP=A9
 0002:00006314 00000024 C=DATA    S=_DATA    G=DGROUP   M=C:\BORLAND\BCC55\LIB\CW32.LIB|ermsghlp ACBP=A9
 0002:00006338 00000004 C=DATA    S=_DATA    G=DGROUP   M=C:\BORLAND\BCC55\LIB\CW32.LIB|errno ACBP=A9
 0002:0000633C 00000010 C=DATA    S=_DATA    G=DGROUP   M=C:\BORLAND\BCC55\LIB\CW32.LIB|errormsg ACBP=A9
 0002:0000634C 00000028 C=DATA    S=_DATA    G=DGROUP   M=C:\BORLAND\BCC55\LIB\CW32.LIB|platform ACBP=A9
 0002:00006374 00000020 C=DATA    S=_DATA    G=DGROUP   M=C:\BORLAND\BCC55\LIB\CW32.LIB|abort ACBP=A9
 0002:00006394 00000004 C=DATA    S=_DATA    G=DGROUP   M=C:\BORLAND\BCC55\LIB\CW32.LIB|patexit ACBP=A9
 0002:00006398 0000000C C=DATA    S=_DATA    G=DGROUP   M=C:\BORLAND\BCC55\LIB\CW32.LIB|exit ACBP=A9
 0002:000063A4 00000008 C=DATA    S=_DATA    G=DGROUP   M=C:\BORLAND\BCC55\LIB\CW32.LIB|saptr ACBP=A9
 0002:000063AC 00000008 C=DATA    S=_DATA    G=DGROUP   M=C:\BORLAND\BCC55\LIB\CW32.LIB|wsaptr ACBP=A9
 0002:000063B4 00000054 C=DATA    S=_DATA    G=DGROUP   M=C:\BORLAND\BCC55\LIB\CW32.LIB|setargv ACBP=A9
 0002:00006408 00000028 C=DATA    S=_DATA    G=DGROUP   M=C:\BORLAND\BCC55\LIB\CW32.LIB|hsargv ACBP=A9
 0002:00006430 00000024 C=DATA    S=_DATA    G=DGROUP   M=C:\BORLAND\BCC55\LIB\CW32.LIB|whsargv ACBP=A9
 0002:00006454 00000004 C=DATA    S=_DATA    G=DGROUP   M=C:\BORLAND\BCC55\LIB\CW32.LIB|srchenv ACBP=A9
 0002:00006458 00000004 C=DATA    S=_DATA    G=DGROUP   M=C:\BORLAND\BCC55\LIB\CW32.LIB|srchstr ACBP=A9
 0002:0000645C 00000004 C=DATA    S=_DATA    G=DGROUP   M=C:\BORLAND\BCC55\LIB\CW32.LIB|wildptr ACBP=A9
 0002:00006460 00000004 C=DATA    S=_DATA    G=DGROUP   M=C:\BORLAND\BCC55\LIB\CW32.LIB|wwildptr ACBP=A9
 0002:00006464 00000020 C=DATA    S=_DATA    G=DGROUP   M=C:\BORLAND\BCC55\LIB\CW32.LIB|setargv0 ACBP=A9
 0002:00006484 00000030 C=DATA    S=_DATA    G=DGROUP   M=C:\BORLAND\BCC55\LIB\CW32.LIB|loadprog ACBP=A9
 0002:000064B4 00000054 C=DATA    S=_DATA    G=DGROUP   M=C:\BORLAND\BCC55\LIB\CW32.LIB|setenvp ACBP=A9
 0002:00006508 0000005E C=DATA    S=_DATA    G=DGROUP   M=C:\BORLAND\BCC55\LIB\CW32.LIB|signal ACBP=A9
 0002:00006568 0000001C C=DATA    S=_DATA    G=DGROUP   M=C:\BORLAND\BCC55\LIB\CW32.LIB|system ACBP=A9
 0002:00006584 00000004 C=DATA    S=_DATA    G=DGROUP   M=C:\BORLAND\BCC55\LIB\CW32.LIB|globals ACBP=A9
 0002:00006588 00000004 C=DATA    S=_DATA    G=DGROUP   M=C:\BORLAND\BCC55\LIB\CW32.LIB|initexit ACBP=A9
 0002:0000658C 00000024 C=DATA    S=_DATA    G=DGROUP   M=C:\BORLAND\BCC55\LIB\CW32.LIB|ctime ACBP=A9
 0002:000065B0 000001C4 C=DATA    S=_DATA    G=DGROUP   M=C:\BORLAND\BCC55\LIB\CW32.LIB|timedata ACBP=A9
 0002:00006774 00000008 C=DATA    S=_DATA    G=DGROUP   M=C:\BORLAND\BCC55\LIB\CW32.LIB|tzdata ACBP=A9
 0002:0000677C 00000010 C=DATA    S=_DATA    G=DGROUP   M=C:\BORLAND\BCC55\LIB\CW32.LIB|tzset ACBP=A9
 0002:0000678C 0000088C C=DATA    S=_DATA    G=DGROUP   M=C:\BORLAND\BCC55\LIB\CW32.LIB|xx ACBP=A9
 0003:00000000 00000100 C=BSS     S=_BSS     G=DGROUP   M=C:\USERS\PETER\SOURCE\REPOS\MEMACS\NT\BCPP55\OBJ\BIND.OBJ ACBP=A9
 0003:00000100 00000008 C=BSS     S=_BSS     G=DGROUP   M=C:\USERS\PETER\SOURCE\REPOS\MEMACS\NT\BCPP55\OBJ\DISPLAY.OBJ ACBP=A9
 0003:00000108 00000E1A C=BSS     S=_BSS     G=DGROUP   M=C:\USERS\PETER\SOURCE\REPOS\MEMACS\NT\BCPP55\OBJ\EVAL.OBJ ACBP=A9
 0003:00000F24 00000008 C=BSS     S=_BSS     G=DGROUP   M=C:\USERS\PETER\SOURCE\REPOS\MEMACS\NT\BCPP55\OBJ\FILEIO.OBJ ACBP=A9
 0003:00000F2C 00000200 C=BSS     S=_BSS     G=DGROUP   M=C:\USERS\PETER\SOURCE\REPOS\MEMACS\NT\BCPP55\OBJ\INPUT.OBJ ACBP=A9
 0003:0000112C 00000408 C=BSS     S=_BSS     G=DGROUP   M=C:\USERS\PETER\SOURCE\REPOS\MEMACS\NT\BCPP55\OBJ\ISEARCH.OBJ ACBP=A9
 0003:00001534 00006E08 C=BSS     S=_BSS     G=DGROUP   M=C:\USERS\PETER\SOURCE\REPOS\MEMACS\NT\BCPP55\OBJ\MAIN.OBJ ACBP=A9
 0003:0000833C 00000920 C=BSS     S=_BSS     G=DGROUP   M=C:\USERS\PETER\SOURCE\REPOS\MEMACS\NT\BCPP55\OBJ\NT.OBJ ACBP=A9
 0003:00008C5C 0000A67C C=BSS     S=_BSS     G=DGROUP   M=C:\USERS\PETER\SOURCE\REPOS\MEMACS\NT\BCPP55\OBJ\NTCONIO.OBJ ACBP=A9
 0003:000132D8 00000004 C=BSS     S=_BSS     G=DGROUP   M=C:\USERS\PETER\SOURCE\REPOS\MEMACS\NT\BCPP55\OBJ\REPLACE.OBJ ACBP=A9
 0003:000132DC 000000A4 C=BSS     S=_BSS     G=DGROUP   M=C:\USERS\PETER\SOURCE\REPOS\MEMACS\NT\BCPP55\OBJ\SEARCH.OBJ ACBP=A9
 0003:00013380 00000018 C=BSS     S=_BSS     G=DGROUP   M=C:\BORLAND\BCC55\LIB\CW32.LIB|hrdir_b ACBP=A9
 0003:00013398 00000410 C=BSS     S=_BSS     G=DGROUP   M=C:\BORLAND\BCC55\LIB\CW32.LIB|xxtype ACBP=A9
 0003:000137A8 00000008 C=BSS     S=_BSS     G=DGROUP   M=C:\BORLAND\BCC55\LIB\CW32.LIB|xxv ACBP=A9
 0003:000137B0 00000008 C=BSS     S=_BSS     G=DGROUP   M=C:\BORLAND\BCC55\LIB\CW32.LIB|except ACBP=A9
 0003:000137B8 00000190 C=BSS     S=_BSS     G=DGROUP   M=C:\BORLAND\BCC55\LIB\CW32.LIB|files2 ACBP=A9
 0003:00013948 00000004 C=BSS     S=_BSS     G=DGROUP   M=C:\BORLAND\BCC55\LIB\CW32.LIB|ioerror ACBP=A9
 0003:0001394C 00000001 C=BSS     S=_BSS     G=DGROUP   M=C:\BORLAND\BCC55\LIB\CW32.LIB|lgetc ACBP=A9
 0003:00013950 0000000F C=BSS     S=_BSS     G=DGROUP   M=C:\BORLAND\BCC55\LIB\CW32.LIB|mkname ACBP=A9
 0003:00013960 00000108 C=BSS     S=_BSS     G=DGROUP   M=C:\BORLAND\BCC55\LIB\CW32.LIB|mbctype ACBP=A9
 0003:00013A68 00000100 C=BSS     S=_BSS     G=DGROUP   M=C:\BORLAND\BCC55\LIB\CW32.LIB|assert ACBP=A9
 0003:00013B68 00000019 C=BSS     S=_BSS     G=DGROUP   M=C:\BORLAND\BCC55\LIB\CW32.LIB|ermsghlp ACBP=A9
 0003:00013B84 00000004 C=BSS     S=_BSS     G=DGROUP   M=C:\BORLAND\BCC55\LIB\CW32.LIB|platform ACBP=A9
 0003:00013B88 0000000C C=BSS     S=_BSS     G=DGROUP   M=C:\BORLAND\BCC55\LIB\CW32.LIB|setargv ACBP=A9
 0003:00013B94 00000004 C=BSS     S=_BSS     G=DGROUP   M=C:\BORLAND\BCC55\LIB\CW32.LIB|hsargv ACBP=A9
 0003:00013B98 00000004 C=BSS     S=_BSS     G=DGROUP   M=C:\BORLAND\BCC55\LIB\CW32.LIB|whsargv ACBP=A9
 0003:00013B9C 00000010 C=BSS     S=_BSS     G=DGROUP   M=C:\BORLAND\BCC55\LIB\CW32.LIB|setenvp ACBP=A9
 0003:00013BAC 00000040 C=BSS     S=_BSS     G=DGROUP   M=C:\BORLAND\BCC55\LIB\CW32.LIB|globals ACBP=A9
 0003:00013BEC 0000001A C=BSS     S=_BSS     G=DGROUP   M=C:\BORLAND\BCC55\LIB\CW32.LIB|ctime ACBP=A9
 0003:00013C08 00000024 C=BSS     S=_BSS     G=DGROUP   M=C:\BORLAND\BCC55\LIB\CW32.LIB|gmtime ACBP=A9
 0003:00013C2C 00000008 C=BSS     S=_BSS     G=DGROUP   M=C:\BORLAND\BCC55\LIB\CW32.LIB|tzset ACBP=A9
 0003:00013C34 00000010 C=BSS     S=_BSS     G=DGROUP   M=C:\BORLAND\BCC55\LIB\CW32.LIB|xx ACBP=A9
 0004:00000000 0000009C C=TLS     S=_TLS     G=DGROUP   M=C:\BORLAND\BCC55\LIB\CW32.LIB|xxv ACBP=A9

  Address         Publics by Name

 0001:00000140      Sysinit::__linkproc__ __fastcall GetTls()
 0002:00005E44      _CLOCALE
 0002:00005D34      _CMonetary
 0002:00005D68      _CNumeric
 0002:00005D80      _CTimeDate
 0001:00021CF4      _CatchCleanup()
 0001:00017344      _InitTermAndUnexPtrs()
 0001:00021B4D      _ReThrowException(unsigned int, unsigned char *)
 0001:00021B18      _ThrowExceptionLDTC(void *, void *, void *, void *, unsigned int, unsigned int, unsigned int, unsigned char *, void *)
 0002:00006648      __AmPm
 0003:00013BAC      __C0argc
 0003:00013BB0      __C0argv
 0003:00013BB4      __C0environ
 0001:00023016      __CurrExcContext
 0002:00006650      __Days
 0003:000137A8      __DestructorCountPtr
 0001:0001F534      __ErrorExit
 0001:0001F408      __ErrorMessage
 0001:0001F348      __ErrorMessageHelper
 0003:00013BCC      __ExcRegPtr
 0001:000174BC      __ExceptInit
 0002:00004AE8      __ExceptVarsSize
 0001:00016BC7      __ExceptionHandler
 0001:00016BB9      __ExitExceptBlock
 0001:00000059      __GetExceptDLLinfo
 0001:00017508      __GetExceptDLLinfoInternal
 0001:00021BB8      __Global_unwind
 0003:000137B0      __HandlerPtr
 0001:000176A4      __InitDefaultHander
 0001:00016B80      __InitExceptBlockLDTC
 0002:00006618      __LMonth
 0002:000065CC      __LWeekday
 0001:000200A4      __LoadProg
 0001:00022224      __Local_unwind
 0002:00000138      __PackageInfoTable
 0001:00022237      __Return_unwind
 0002:000065E8      __SMonth
 0002:000065B0      __SWeekday
 0001:000176B8      __SetExceptionHandler
 0001:00017658      __SetUserHandler
 0002:00000127      __TLS_index
 0002:0000012B      __TLS_index4
 0001:000176CD      __UnsetExceptionHandler
 0001:000176F9      __UnwindException
 0003:000137B4      __UserHandlerPtr
 0002:0000665C      __YDays
 0002:00000134      ___CPPdebugHook
 0002:00000134      ___CPPdebugHook_segment
 0002:00004A4C      ___CPPexceptionList
 0001:000158D8      ___CRTL_MEM_CheckBorMem
 0001:0001585C      ___CRTL_MEM_GetBorMemPtrs
 0001:00015914      ___CRTL_MEM_Revector
 0001:000159CC      ___CRTL_MEM_UseBorMM
 0001:00020D54      ___CRTL_TLS_Alloc
 0001:00020D98      ___CRTL_TLS_ExitThread
 0001:00020D5C      ___CRTL_TLS_Free
 0001:00020DA0      ___CRTL_TLS_GetInfo
 0001:00020D6C      ___CRTL_TLS_GetValue
 0001:00020D90      ___CRTL_TLS_InitThread
 0001:00020D7C      ___CRTL_TLS_SetValue
 0001:00016634      ___CRTL_VCLLIB_Linkage
 0001:00016630      ___CRTL_VCL_Init
 0001:00018DB4      ___DOSerror
 0001:00017530      ___DefHandler
 0001:0001F524      ___ErrorMessage
 0002:00004A68      ___ExceptStaticXbuff
 0001:00018D70      ___IOerror
 0001:000214F3      ___JumpToCatch__
 0001:00018DD4      ___NTerror
 0001:00000140      ___System__GetTls
 0001:00022298      ____ExceptionHandler
 0001:00017724      ___access
 0002:000046E8      ___allocated
 0001:00017410      ___call_terminate
 0001:00017484      ___call_unexpected
 0001:00017760      ___close
 0002:0000678C      ___debuggerDisableTerminateCallback
 0001:00017706      ___doGlobalUnwind
 0001:000177C0      ___eof
 0002:00004A50      ___exceptFlags
 0002:00004A64      ___exceptMemAllocVars
 0002:00004A60      ___exceptStaticBuffP
 0001:00018684      ___fputn
 0001:0001862C      ___getfp
 0002:000061D4      ___ieee_64_n_inf
 0002:000061E4      ___ieee_64_n_nanq
 0002:000061F4      ___ieee_64_n_nans
 0002:00006204      ___ieee_64_n_zero
 0002:000061CC      ___ieee_64_p_inf
 0002:000061DC      ___ieee_64_p_nanq
 0002:000061EC      ___ieee_64_p_nans
 0002:000061FC      ___ieee_64_p_zero
 0001:0001D418      ___int64toa
 0002:00000119      ___isDLL
 0002:000000E0      ___isGUI
 0002:00000118      ___isVCLPackage
 0001:00017848      ___isatty
 0001:00017878      ___isatty_osfhandle
 0001:0001AEA4      ___isctype
 0001:0001AEE8      ___iswctype
 0001:0001D4CC      ___ldtrunc
 0002:00005E70      ___locale
 0002:00005C20      ___localeLock
 0001:0001D5E4      ___longtoa
 0001:00017890      ___lseek
 0002:00005C1C      ___mb_cur_max
 0001:00019098      ___mkname
 0001:0001D356      ___nextreal
 0001:00017908      ___open
 0001:00018580      ___openfp
 0001:0001639C      ___org__expand
 0001:00018E88      ___org__fgetc
 0001:00017E08      ___org__fputc
 0001:000188A0      ___org__fullpath
 0001:00018974      ___org__getdcwd
 0001:0001D6EC      ___org__matherr
 0001:0001D718      ___org__matherrl
 0001:00016614      ___org__msize
 0001:00017E78      ___org__read
 0001:00017E30      ___org__rtl_read
 0001:00017E9C      ___org__rtl_write
 0001:0001FD24      ___org__searchenv
 0001:0001FD54      ___org__searchstr
 0001:00017EE4      ___org__write
 0001:00017F00      ___org_access
 0001:00020DFC      ___org_asctime
 0001:0001D2FC      ___org_atoi
 0001:0001D294      ___org_atol
 0001:000156DC      ___org_calloc
 0001:00020E28      ___org_ctime
 0001:00015708      ___org_delete
 0001:00015718      ___org_deletea
 0001:00017F88      ___org_fclose
 0001:00018274      ___org_fflush
 0001:00018EA0      ___org_fgetc
 0001:000182F4      ___org_fgets
 0001:00018658      ___org_fopen
 0001:00018F88      ___org_fputc
 0001:000158EC      ___org_free
 0001:000187BC      ___org_fseek
 0001:00018820      ___org_ftell
 0001:0001F6A4      ___org_getenv
 0001:00020FBC      ___org_gmtime
 0001:0001D674      ___org_itoa
 0001:00020FD4      ___org_localtime
 0001:0001D104      ___org_ltoa
 0001:000158DC      ___org_malloc
 0001:0001CA34      ___org_mblen
 0001:0001CBF8      ___org_mbstowcs
 0001:0001CAB0      ___org_mbtowc
 0001:00016638      ___org_memchr
 0001:0001696C      ___org_memcmp
 0001:00016658      ___org_memcpy
 0001:0001667C      ___org_memmove
 0001:000166C8      ___org_memset
 0001:00017E28      ___org_mktemp
 0001:000191D8      ___org_printf
 0001:000191FC      ___org_puts
 0001:000208F8      ___org_raise
 0001:000158FC      ___org_realloc
 0001:0001924C      ___org_rename
 0001:00019CD0      ___org_setvbuf
 0001:0001FCE4      ___org_spawnl
 0001:0001FD04      ___org_spawnlp
 0001:00019D48      ___org_sprintf
 0001:00019DC4      ___org_sscanf
 0001:0001676C      ___org_strcat
 0001:000167A8      ___org_strchr
 0001:000167FC      ___org_strcmp
 0001:00016848      ___org_strcpy
 0001:000169D8      ___org_strdup
 0001:00016878      ___org_strlen
 0001:000168D4      ___org_strncat
 0001:00016944      ___org_strncmp
 0001:00016A0C      ___org_strncpy
 0001:00016A5C      ___org_strrev
 0001:00016A9C      ___org_strstr
 0001:00021478      ___org_time
 0001:0001D6A4      ___org_ultoa
 0001:00017E94      ___org_unlink
 0001:00019D70      ___org_vsprintf
 0001:00019DE8      ___org_vsscanf
 0001:0001CD60      ___org_wcstombs
 0001:0001CB84      ___org_wctomb
 0003:00013C38      ___pCPPdebugHook
 0002:00006394      ___pCallAtExitProcs
 0001:0002175D      ___raiseDebuggerException
 0001:00017B70      ___read
 0001:0001D350      ___realcvt
 0001:00019AA4      ___scantoint64
 0002:00004A10      ___terminatePTR
 0002:00004A5C      ___throwExceptionName
 0002:00004A54      ___throwFileName
 0002:00004A58      ___throwLineNumber
 0001:000190E8      ___tmpnam
 0002:00004A14      ___unexpectdPTR
 0002:00000126      ___useDynamicTLS
 0001:0001D658      ___utoa
 0001:00019FF0      ___vprinter
 0001:00017CA0      ___write
 0001:0001E7AC      ___xcvt
 0001:0001EA80      ___xcvtw
 0004:00000000      ___xxInfo
 0002:000046EC      ___xxPersonality
 0001:0001F5D8      __abort
 0001:00000000      __acrtused
 0001:0001BF20      __addCategoryName
 0002:00006484      __add_pid_ptr
 0001:000172C8      __adjustClassAdr(void *, tpid *, tpid *)
 0001:0001C0C0      __allocAndGetValue
 0001:00017F08      __allocbuf
 0003:00013BC0      __argc
 0003:00013B88      __argv
 0002:00006464      __argv0
 0001:0001F718      __argv_default_expand
 0002:0000645C      __argv_expand_ptr
 0001:0001F298      __assert
 0001:00020DA4      __atime
 0003:00013380      __bormm_pfn_FreeMem
 0003:00013384      __bormm_pfn_GetMem
 0003:0001338C      __bormm_pfn_HeapAddRef
 0003:00013390      __bormm_pfn_HeapRelease
 0003:00013388      __bormm_pfn_ReallocMem
 0001:0001F694      __c_exit
 0001:0001F684      __cexit
 0002:00004B44      __cfinfo_get
 0002:0000578C      __chartype
 0002:00004AFC      __chtbl__ __call_terminate()
 0002:00004A18      __chtbl__ std::terminate()
 0001:0001B954      __cleanCategories
 0001:0001B4D4      __cleanLocale
 0001:00020B44      __cleanup
 0001:0001D30C      __clear87
 0002:00006408      __cmdline_escapes
 0001:0001D320      __control87
 0001:00020A68      __create_shmem
 0001:0001DA9C      __cvt_init
 0001:0001DDD0      __cvt_initw
 0002:00006778      __daylight
 0002:0000618C      __default87
 0003:00013BC4      __dll_table
 0002:000050D4      __dosErrorToSV
 0003:00013948      __doserrno
 0001:0001FE94      __dummy_add_pid
 0001:00018AF4      __dup_handle
 0002:00004B1C      __ectbl__ __call_terminate()
 0002:00004A38      __ectbl__ std::terminate()
 0003:00013BA8      __env_lock
 0003:00013B9C      __environ
 0003:00013BA4      __envsize
 0003:00013BE0      __exe_table
 0001:0001F66C      __exit
 0001:00017690      __exit_except
 0001:00019EC8      __exit_streams
 0001:0001F7F0      __exitargv
 0002:000063A8      __exitargv_ptr
 0002:00006398      __exitbuf
 0002:0000639C      __exitfopen
 0002:000063A0      __exitopen
 0001:0001639C      __expand
 0001:00020504      __expandblock
 0001:00018E88      __fgetc
 0002:00004B4C      __fileinfo
 0001:00018250      __findclose
 0001:00018210      __findfirst
 0001:00018018      __findnext
 0002:000046C8      __firstHeap
 0002:00006210      __floatconvert
 0001:00017DD0      __flushall
 0001:00018424      __flushout
 0002:000050CC      __fmode
 0002:000050D0      __fmodeptr
 0001:0001D398      __fpreset
 0001:00017E08      __fputc
 0002:000046D4      __freeStart
 0001:00018B5C      __free_handle
 0001:000159BC      __free_heaps
 0001:0001D3B0      __fuildq
 0001:0001D3E0      __fuistq
 0001:000188A0      __fullpath
 0001:0001D404      __fxam
 0001:00000066      __getHInstance
 0001:0001B540      __getLocale
 0001:0001AC48      __getLocaleNumericInfo
 0001:0001C11C      __getShortValue
 0001:00018AB4      __get_handle
 0001:00018974      __getdcwd
 0001:0001EE98      __getmbcp
 0001:00020A50      __getpid
 0002:0000012F      __hInstance
 0001:0001FA2C      __handle_exitargv
 0001:0001F8D4      __handle_setargv
 0001:0001FC50      __handle_wexitargv
 0001:0001FABC      __handle_wsetargv
 0003:00013880      __handles
 0002:00004690      __heap_redirector
 0002:00006194      __huge_dble
 0002:00006190      __huge_flt
 0002:0000619C      __huge_ldble
 0002:000061BC      __indefinite
 0001:0001B4D0      __initLocale
 0001:0001EEA0      __initMBCSTable
 0001:00017678      __init_except
 0001:00020A70      __init_exit_proc
 0001:00018C14      __init_handles
 0001:0001F740      __init_setargv_handlers
 0001:00019E0C      __init_streams
 0001:0001F6FC      __init_wild_handlers
 0001:00018490      __initfileinfo
 0001:00018480      __initfmode
 0001:0001D748      __initmatherr
 0001:00015FB4      __internal_free
 0001:0001633C      __internal_free_heaps
 0001:00016124      __internal_malloc
 0001:0001657C      __internal_realloc
 0001:000171B8      __isCompatTypeID(tpid *, tpid *, int, tpid * *)
 0001:0000005E      __isDLL
 0001:00020FFC      __isDST
 0001:000170DC      __isSameTypeID(tpid *, tpid *)
 0002:00006584      __isWindows
 0001:0001EEB0      __ismbcalpha
 0001:0001EEF0      __ismbcdigit
 0001:0001EF0C      __ismbcspace
 0002:000062A8      __kalpha
 0002:000062AA      __kpunct
 0002:000046CC      __lastHeap
 0002:000046D0      __linktable
 0001:0001CF27      __lldiv
 0001:0001CFE8      __llmod
 0001:0001CF04      __llmul
 0001:0001C8D0      __llocaleconv
 0001:0001D0B0      __llshl
 0001:0001D0CC      __llshr
 0001:0001CF9F      __lludiv
 0001:0001D062      __llumod
 0001:0001D0E8      __llushr
 0002:00005990      __localeconvention
 0001:0001B4B8      __lockLocale
 0002:00005A1C      __lower
 0001:0001C968      __lstrlwr
 0001:0001D6C4      __ltoa
 0001:0001C98C      __ltolower
 0001:0001C9E0      __ltoupper
 0001:0001D6EC      __matherr
 0001:0001D718      __matherrl
 0002:000061AA      __max_dble
 0002:000061A6      __max_flt
 0002:000061B2      __max_ldble
 0003:00013A64      __mbcsCodePage
 0003:00013960      __mbctype
 0001:0001EF28      __mbschr
 0001:0001EF78      __mbscmp
 0001:0001EFF0      __mbsdec
 0001:0001F048      __mbsicmp
 0001:0001F0E4      __mbsnbcpy
 0001:0001F138      __mbsnbicmp
 0001:0001F1F8      __mbsrchr
 0002:00006340      __messagefile
 0002:0000633C      __messagefunc
 0001:0001912C      __mktemp
 0001:00016614      __msize
 0002:000060C0      __nextrealptr
 0002:00006128      __nextrealwptr
 0002:00005000      __nfile
 0002:00004B48      __notUmask
 0002:000046B8      __nv_heap_size
 0002:00005004      __openfd
 0003:00013BB8      __oscmd
 0003:00013BBC      __osenv
 0003:00013B84      __ostype
 0001:00016324      __phys_avail
 0003:000137B8      __pidtab
 0002:00006214      __pmatherr
 0002:00006218      __pmatherrl
 0001:0001D10C      __pow10
 0001:0001D760      __qdiv10
 0001:0001D788      __qmul10
 0001:00017E78      __read
 0002:000060BC      __realcvtptr
 0002:00006124      __realcvtwptr
 0002:000046E0      __rover
 0001:00017E30      __rtl_read
 0001:00017E9C      __rtl_write
 0001:0001E2B4      __scan_init
 0001:0001E794      __scan_initw
 0001:0001926C      __scanner
 0001:0001D362      __scanrslt
 0002:000060C8      __scanrsltptr
 0001:0001D35C      __scantod
 0002:000060C4      __scantodptr
 0002:00006130      __scanwrsltptr
 0002:0000612C      __scanwtodptr
 0001:0001FD24      __searchenv
 0001:0001FD54      __searchstr
 0001:0001C178      __setCType
 0001:0001C8C4      __setCollate
 0001:0001AFF0      __setLocale32A
 0001:0001AF40      __setLocale32W
 0001:0001BD00      __setLocaleFromString
 0001:0001C260      __setMonetary
 0001:0001B798      __setNewCategories
 0001:0001C83C      __setNumeric
 0001:0001C3E0      __setTime
 0001:0001F768      __setargv
 0002:000063B4      __setargv__
 0002:000063A4      __setargv_ptr
 0002:000064B4      __setenvp__
 0001:0001762C      __setexc
 0001:0001ED74      __setmbcp
 0002:000046BC      __smalloc_threshold
 0001:00020BB0      __startup
 0003:00013BE8      __stkbase
 0002:00004B30      __stkchk
 0001:00016AF0      __stpcpy
 0002:00004B50      __streams
 0002:00005214      __sys_errlist
 0002:000052D8      __sys_nerr
 0001:00020A58      __terminate
 0002:00006774      __timezone
 0002:000061C0      __tiny_ldble
 0003:00013950      __tmpnum
 0001:00021110      __totalsec
 0002:0000620C      __turboFloat
 0001:000170A4      __typeIDname(tpid *)
 0002:0000677C      __tzname
 0001:000212A8      __tzset
 0001:00019F24      __unlink
 0001:0001B4C4      __unlockLocale
 0001:00017648      __unsetexc
 0001:0001766C      __unsetuserhandler
 0002:00005B1C      __upper
 0002:000046C0      __virt_chunk_free
 0002:000046C4      __virt_chunk_free2
 0002:000046B0      __virt_chunk_size
 0002:000046B4      __virt_chunk_size2
 0002:000046AC      __virt_heap_size
 0003:00013BD8      __wC0argv
 0003:00013BDC      __wC0environ
 0001:0001F72C      __wargv_default_expand
 0002:00006460      __wargv_expand_ptr
 0002:000063B0      __wexitargv_ptr
 0001:0001A984      __win32DateTimeToPOSIX
 0001:00016754      __wmemset
 0003:00013BD4      __woscmd
 0003:00013BD0      __wosenv
 0001:00017EE4      __write
 0002:000063AC      __wsetargv_ptr
 0001:0001A92C      __xfclose
 0001:0001A95C      __xfflush
 0003:0000397C      _ab_bell
 0003:00003980      _ab_cap
 0003:00003B8C      _ab_end
 0003:00003978      _ab_head
 0003:00003B88      _ab_pos
 0003:00003984      _ab_quick
 0003:00003988      _ab_word
 0001:0001F5EC      _abort
 0002:000022A0      _abortc
 0001:00017F00      _access
 0002:0000232C      _access_time
 0001:000132FB      _add_path
 0001:0001329B      _alterpattern
 0001:00020DFC      _asctime
 0001:0001D2FC      _atoi
 0001:0001D294      _atol
 0001:00013267      _backupword
 0003:0000396C      _bheadp
 0003:00003B94      _blistp
 0002:00002278      _bstore
 0003:000044C8      _bufhook
 0001:000156DC      _calloc
 0003:00003838      _charpending
 0002:000021AC      _clearflag
 0002:00002228      _clexec
 0003:000044B0      _cmdhook
 0002:0000233C      _cmdstatus
 0002:000022C4      _cname
 0002:0000225C      _cpending
 0003:00003948      _cquote
 0002:00002308      _cryptflag
 0001:00020E28      _ctime
 0003:00003964      _curbp
 0003:00003950      _curcol
 0003:0000395C      _curgoal
 0003:0000394C      _currow
 0003:00003960      _curwp
 0002:000027A0      _defferupdate
 0003:0000752C      _deltapat
 0002:00002214      _deskcolor
 0002:00002338      _diagflag
 0002:00002230      _discmd
 0002:00002234      _disinp
 0002:00002798      _disphigh
 0002:0000279C      _dispundo
 0002:000027B8      _dname
 0002:000027E0      _dname_len
 0002:00002784      _eexitflag
 0002:00002788      _eexitval
 0002:00000574      _envars
 0002:00002328      _envram
 0002:000021B4      _eolexist
 0002:00006338      _errno
 0002:00003B5B      _errorm
 0003:000044C0      _exbhook
 0002:000021BC      _exec_error
 0002:000021B0      _execlevel
 0001:0000E024      _execprog
 0002:00001B9C      _execstr
 0001:0001F654      _exit
 0003:000044D0      _exithook
 0002:00003B66      _falsem
 0002:000027A8      _fbusy
 0001:00017F88      _fclose
 0001:00018274      _fflush
 0003:00000F24      _ffp
 0001:00018EA0      _fgetc
 0001:000182F4      _fgets
 0002:00001B98      _fillcol
 0003:00003B90      _first_screen
 0001:000130D0      _fix_index
 0002:00002780      _flen
 0002:000021C0      _flickcode
 0002:0000277C      _fline
 0002:00001FA1      _fmtlead
 0001:00018658      _fopen
 0001:00018F88      _fputc
 0001:000158EC      _free
 0001:000187BC      _fseek
 0001:00018820      _ftell
 0002:000006EC      _funcs
 0002:0000221C      _gacount
 0002:00002218      _gasave
 0002:00002210      _gbcolor
 0001:00001963      _getbind
 0001:0001F6A4      _getenv
 0002:0000220C      _gfcolor
 0002:00002208      _gflags
 0002:00002204      _gmode
 0001:00020FBC      _gmtime
 0002:00001BA0      _golabel
 0003:00007504      _grpmatch
 0002:000027AC      _hilite
 0002:00002270      _hjump
 0002:00002264      _hscroll
 0002:00002268      _hscrollbar
 0003:00013298      _in_buf
 0001:0000E329      _in_check
 0001:0000E365      _in_get
 0001:0000E318      _in_init
 0002:00003E74      _in_last
 0002:00003E70      _in_next
 0001:0000E344      _in_put
 0001:0001AC9C      _isalnum
 0001:0001ACC8      _isalpha
 0001:0001ACB4      _isascii
 0001:0001ACE0      _iscntrl
 0001:0001ACF4      _isdigit
 0001:0001AD08      _isgraph
 0001:0001AD20      _islower
 0001:0001AD34      _isprint
 0001:0001AD4C      _ispunct
 0001:0001AD60      _isspace
 0002:000022A8      _isterm
 0001:0001AD74      _isupper
 0001:0001ADA0      _iswalnum
 0001:0001ADCC      _iswalpha
 0001:0001ADB8      _iswascii
 0001:0001ADE4      _iswcntrl
 0001:0001ADF8      _iswdigit
 0001:0001AE0C      _iswgraph
 0001:0001AE24      _iswlower
 0001:0001AE38      _iswprint
 0001:0001AE50      _iswpunct
 0001:0001AE64      _iswspace
 0001:0001AE78      _iswupper
 0001:0001AE8C      _iswxdigit
 0001:0001AD88      _isxdigit
 0001:0001D674      _itoa
 0002:00002310      _kbdend
 0003:00001534      _kbdm
 0002:00002314      _kbdmode
 0003:00003940      _kbdptr
 0002:00002318      _kbdrep
 0003:00003880      _kbufh
 0003:00003840      _kbufp
 0002:000027F4      _keytab
 0003:0000383C      _kill_index
 0003:000038C0      _kskip
 0003:00003900      _kused
 0003:00008A54      _lDir
 0003:00003958      _lastflag
 0002:00002320      _lastkey
 0002:00003D38      _lastmcmd
 0002:00002372      _lastmesg
 0002:00002774      _lastptr
 0002:00002248      _lasttime
 0002:00003D34      _lastxpos
 0002:00003D30      _lastypos
 0002:0000228C      _lbound
 0001:00020FD4      _localtime
 0001:00012F99      _lookup
 0003:00003CA0      _lowcase
 0003:00003534      _lterm
 0001:0001D104      _ltoa
 0002:00002330      _macbug
 0002:000027B4      _magical
 0001:0000BF38      _main
 0002:000021A2      _mainbuf
 0001:000123A6      _make_delta
 0001:000158DC      _malloc
 0003:000044D8      _matchlen
 0003:000044E0      _matchline
 0003:000044DC      _matchoff
 0001:0001CA34      _mblen
 0001:0001CBF8      _mbstowcs
 0001:0001CAB0      _mbtowc
 0003:000064E4      _mcdeltapat
 0003:000044E4      _mcpat
 0001:00016638      _memchr
 0001:0001696C      _memcmp
 0001:00016658      _memcpy
 0001:0001667C      _memmove
 0001:000166C8      _memset
 0001:00017E28      _mktemp
 0001:00004129      _mlwrite
 0002:000021C8      _mmove_flag
 0002:00003AED      _modecode
 0002:00002238      _modeflag
 0002:000021D4      _modename
 0002:000021C4      _mouse_move
 0002:00002334      _mouseflag
 0002:00002224      _mpresf
 0002:0000222C      _mstore
 0002:00001630      _names
 0002:00002794      _nclicks
 0002:000021CC      _newscreenflag
 0001:00012EC0      _newtags
 0002:000027A4      _notquiescent
 0003:00008A58      _num_found
 0002:00002200      _numfunc
 0003:00003834      _obj
 0002:0000230C      _oldcrypt
 0003:00003944      _oquote
 0003:00003C20      _os
 0003:0000813C      _outline
 0002:000021D0      _overlap
 0003:0000893C      _pBuf
 0002:00002340      _palstr
 0002:00001DA1      _paralead
 0003:00003EA0      _pat
 0003:00008A5C      _path
 0002:0000023C      _pathname
 0002:000027B0      _patmatch
 0002:00002250      _popflag
 0002:00002254      _popwait
 0002:00002258      _posflag
 0002:000022BC      _predef
 0002:000022B4      _prefix
 0002:000022B8      _prenum
 0001:000191D8      _printf
 0001:000191FC      _puts
 0002:000022C0      _quotec
 0001:000208F8      _raise
 0003:00008B5C      _rbuf
 0003:000044A0      _readhook
 0001:000158FC      _realloc
 0001:0001924C      _rename
 0002:0000229C      _reptc
 0001:00013E4D      _reroom
 0002:0000231C      _restflag
 0001:000131D6      _restword
 0002:000021B8      _revexist
 0002:00003E18      _revflag
 0002:000027B6      _rmagical
 0003:00006504      _rmcpat
 0001:00013DE3      _room
 0003:000042A0      _rpat
 0002:00002573      _rval
 0002:00002778      _saveflag
 0002:000022AC      _searchtype
 0002:00002324      _seed
 0001:00001B7A      _set_key
 0001:00019CD0      _setvbuf
 0002:00002220      _sgarbf
 0001:0000DFFA      _shell
 0001:00020898      _signal
 0003:00003B9C      _slistp
 0001:0001FCE4      _spawnl
 0001:0001FD04      _spawnlp
 0001:00019D48      _sprintf
 0003:00003BA0      _sres
 0002:00002274      _ssave
 0001:00019DC4      _sscanf
 0002:00002260      _sscroll
 0002:00002298      _stabsize
 0002:000022A4      _sterm
 0001:0001676C      _strcat
 0001:000167A8      _strchr
 0001:000167FC      _strcmp
 0001:00016848      _strcpy
 0001:000169D8      _strdup
 0001:00016878      _strlen
 0001:000168D4      _strncat
 0001:00016944      _strncmp
 0001:00016A0C      _strncpy
 0001:00016A5C      _strrev
 0001:00016A9C      _strstr
 0002:00002304      _swindow
 0001:00020968      _system
 0002:00002290      _taboff
 0002:00002294      _tabsize
 0001:0001337D      _tagger
 0003:000040A0      _tap
 0003:00007B34      _tapatled
 0003:000064F4      _tapatledcm
 0003:000054E4      _tapcm
 0002:00003E1C      _term
 0003:00003954      _thisflag
 0001:00021478      _time
 0002:0000223C      _timeflag
 0002:00003B61      _truem
 0002:00002288      _ttcol
 0002:00002284      _ttrow
 0001:00021470      _tzset
 0003:00003B98      _ulistp
 0001:0001D6A4      _ultoa
 0001:00013DC5      _undo_dump
 0001:00013804      _undo_insert
 0001:00013948      _undo_op
 0001:00013A4A      _undo_zot
 0002:00002240      _undoflag
 0002:00002244      _undoing
 0001:00017E94      _unlink
 0003:00003DA0      _upcase
 0003:00003974      _uv_global
 0003:00003970      _uv_head
 0001:00015794      _virt_alloc
 0001:000157BC      _virt_commit
 0001:00015808      _virt_decommit
 0001:00015820      _virt_release
 0001:00015728      _virt_reserve
 0002:0000226C      _vscrollbar
 0001:00019D70      _vsprintf
 0001:00019DE8      _vsscanf
 0002:00002280      _vtcol
 0002:0000227C      _vtrow
 0001:00016B40      _wcscpy
 0001:00016B28      _wcslen
 0001:0001CD60      _wcstombs
 0001:0001CB84      _wctomb
 0003:00003968      _wheadp
 0002:000021A8      _wlflag
 0003:00003734      _wordlist
 0003:000044A8      _wraphook
 0003:000044B8      _writehook
 0002:0000278C      _xpos
 0002:000022B0      _yankflag
 0002:00002790      _ypos
 0001:00000699      ab_clean
 0001:00000621      ab_delete
 0001:000001B4      ab_expand
 0001:000004D3      ab_init
 0001:0000050A      ab_insert
 0001:000005EB      ab_lookup
 0001:0000015C      ab_save
 0001:00006B61      absv
 0001:0000027C      add_abbrev
 0001:0000BA3D      addline
 0001:0000FD06      adjustmode
 0001:00011FD4      amatch
 0001:0000232E      anycb
 0001:00001449      apro
 0001:00006737      asc_int
 0003:00000108      b10_2
 0003:00000F24      b13_2
 0003:00013960      b1451_2
 0003:00000F2C      b14_2
 0003:00013A68      b1587_2
 0003:0000112C      b15_2
 0003:00013B68      b1603_2
 0003:00013B84      b1615_2
 0003:00013B88      b1697_2
 0003:00013B94      b1699_2
 0003:00013B98      b1701_2
 0003:00013B9C      b1773_2
 0003:00013BAC      b1795_1
 0003:00013BEC      b1815_2
 0003:00013C08      b1821_1
 0003:00013C2C      b1835_2
 0003:00013C34      b1891_2
 0003:00001534      b18_2
 0003:0000833C      b20_2
 0003:00008C5C      b21_2
 0003:00013380      b231_2
 0003:000132D8      b24_2
 0003:000132DC      b26_2
 0003:00000000      b4_2
 0003:00013398      b545_2
 0003:000137A8      b549_2
 0003:000137B0      b555_2
 0003:000137B8      b745_1
 0003:00013948      b821_2
 0003:0001394C      b827_1
 0003:00013950      b845_2
 0003:00000100      b8_2
 0001:000006EB      backchar
 0001:0000FB31      backdel
 0001:00011D1A      backhunt
 0001:00000974      backline
 0001:00000D4C      backpage
 0001:00011CD7      backsearch
 0001:00013799      backtagword
 0001:00014CC6      backword
 0001:000024EE      bclear
 0001:00002357      bfind
 0001:00004EB5      binary
 0001:00001075      bindtokey
 0001:00012E57      biteq
 0001:00012683      boundry
 0001:00001481      buildlist
 0001:0000CE3B      bytecopy
 0001:0001A92C      c1025_0
 0001:0001A95C      c1027_0
 0001:0001A984      c1033_0
 0001:0001AC48      c1041_0
 0001:0001AC9C      c1049_0
 0001:0001ADA0      c1051_0
 0001:0001AEA4      c1053_0
 0001:0001AEE8      c1055_0
 0001:0001AF40      c1057_0
 0001:0001B4D0      c1057_2
 0001:0001B4D4      c1057_3
 0001:0001C0C0      c1061_0
 0001:0001C8D0      c1063_0
 0001:0001C968      c1081_0
 0001:0001C98C      c1093_0
 0001:0001C9E0      c1097_0
 0001:000043C4      c10_0
 0001:0001CA34      c1101_0
 0001:0001CF04      c1151_0
 0001:0001D104      c1181_0
 0001:0001D10C      c1191_0
 0001:000071BC      c11_0
 0001:0001D294      c1215_0
 0001:0001D30C      c1227_0
 0001:0001D320      c1241_0
 0001:0001D350      c1243_0
 0001:0001D368      c1247_0
 0001:0001D380      c1249_0
 0001:0001D398      c1289_0
 0001:0001D3B0      c1297_0
 0001:0001D3E0      c1299_0
 0001:00008600      c12_0
 0001:0001D404      c1301_0
 0001:0001D418      c1317_0
 0001:0001D4CC      c1327_0
 0001:0001D5E4      c1337_0
 0001:0001D674      c1345_0
 0001:0001D6EC      c1349_0
 0001:0001D718      c1351_0
 0001:0001D748      c1353_0
 0001:0001D760      c1375_0
 0001:0001D788      c1377_0
 0001:0001D7B8      c1381_0
 0001:0001DAB4      c1383_0
 0001:0001DDE8      c1391_0
 0001:0001E2CC      c1393_0
 0001:000093CC      c13_0
 0001:0001E7AC      c1437_0
 0001:0001EA80      c1439_0
 0001:0001ED74      c1451_0
 0001:0001EEA0      c1451_3
 0001:0001EEB0      c1453_0
 0001:0001EEF0      c1455_0
 0001:0001EF0C      c1473_0
 0001:0001EF28      c1485_0
 0001:0001EF78      c1487_0
 0001:0001EFF0      c1491_0
 0001:0001F048      c1493_0
 0001:00009750      c14_0
 0001:0001F0E4      c1511_0
 0001:0001F138      c1513_0
 0001:0001F1F8      c1535_0
 0001:0001F250      c1587_0
 0001:0000A7F4      c15_0
 0001:0001F2F8      c1603_0
 0001:0001F3B0      c1607_0
 0001:0001F54C      c1615_0
 0001:0001F54C      c1615_3
 0001:0001F5D8      c1635_0
 0001:0001F5FC      c1673_0
 0001:0001F6A4      c1675_0
 0001:0001F6FC      c1681_0
 0001:0001F718      c1683_0
 0001:0001F72C      c1685_0
 0001:0001F740      c1691_0
 0001:0001F768      c1697_0
 0001:0001F768      c1697_3
 0001:0001F7F0      c1697_4
 0001:0001F8D4      c1699_0
 0001:0000AE1C      c16_0
 0001:0001FABC      c1701_0
 0001:0001FCE4      c1705_0
 0001:0001FD04      c1713_0
 0001:0001FD24      c1737_0
 0001:0001FD54      c1745_0
 0001:0001FE4C      c1759_0
 0001:0001FE4C      c1759_2
 0001:0001FE84      c1759_3
 0001:0001FE94      c1765_0
 0001:000204D0      c1773_0
 0001:00020650      c1773_3
 0001:000204D0      c1773_4
 0001:00020670      c1777_0
 0001:00020968      c1781_0
 0001:00020A50      c1787_0
 0001:00020A58      c1797_0
 0001:00020BB0      c1799_0
 0001:00020D54      c1813_0
 0001:00020DA4      c1815_0
 0001:00020E50      c1821_0
 0001:00020FFC      c1831_0
 0001:000212A0      c1833_0
 0001:000212A0      c1833_2
 0001:000212A8      c1835_0
 0001:00021470      c1837_0
 0001:00021478      c1863_0
 0001:000214C8      c1891_0
 0001:000214C8      c1891_3
 0001:0000BF2C      c18_0
 0001:000156DC      c199_0
 0001:0000CEA0      c19_0
 0001:00000000      c1_0
 0001:00015708      c201_0
 0001:00015718      c203_0
 0001:0000DA6C      c20_0
 0001:0000E30C      c21_0
 0001:00015728      c229_0
 0001:0000EDA8      c22_0
 0001:0001583C      c231_0
 0001:000158DC      c237_0
 0001:000158FC      c239_0
 0001:0001039C      c23_0
 0001:00015914      c241_0
 0001:000159B0      c241_2
 0001:000159CC      c243_0
 0001:000159D0      c247_0
 0001:00010D10      c24_0
 0001:0001155C      c25_0
 0001:0001639C      c267_0
 0001:00016630      c269_0
 0001:00011BB0      c26_0
 0001:00016634      c273_0
 0001:00012EB4      c27_0
 0001:000137F8      c28_0
 0001:00013ED0      c29_0
 0001:00000150      c2_0
 0001:00014BF8      c30_0
 0001:000006C8      c3_0
 0001:00016638      c413_0
 0001:00016658      c417_0
 0001:0001667C      c421_0
 0001:000166C8      c423_0
 0001:00016754      c425_0
 0001:0001676C      c439_0
 0001:000167A8      c441_0
 0001:000167FC      c443_0
 0001:00016848      c445_0
 0001:00016878      c447_0
 0001:000168D4      c449_0
 0001:00016944      c451_0
 0001:0001696C      c465_0
 0001:000169D8      c471_0
 0001:00016A0C      c477_0
 0001:00016A5C      c487_0
 0001:00016A9C      c493_0
 0001:00016AF0      c497_0
 0001:00016B28      c499_0
 0001:00000F70      c4_0
 0001:00016B40      c501_0
 0001:00016B80      c541_0
 0001:00016BF0      c545_0
 0001:00016D47      c545_3
 0001:000173E4      c549_0
 0001:000173E4      c549_4
 0001:00017530      c551_0
 0001:0001753C      c555_0
 0001:00017678      c555_3
 0001:00017690      c555_4
 0001:000176B8      c559_0
 0001:00017700      c561_0
 0001:00017724      c565_0
 0001:00017760      c567_0
 0001:000177C0      c573_0
 0001:00017848      c577_0
 0001:00017890      c579_0
 0001:00017908      c581_0
 0001:00017B04      c583_0
 0001:00017CA0      c589_0
 0001:00017DBC      c591_0
 0001:00001C20      c5_0
 0001:00017DD0      c609_0
 0001:00017E08      c611_0
 0001:00017E28      c623_0
 0001:00017E30      c633_0
 0001:00017E94      c647_0
 0001:00017E9C      c665_0
 0001:00017F00      c667_0
 0001:00017F08      c669_0
 0001:000025B4      c6_0
 0001:00017F88      c723_0
 0001:00018018      c727_0
 0001:00018274      c731_0
 0001:000182F4      c737_0
 0001:00018424      c753_0
 0001:00018480      c757_0
 0001:000184A4      c763_0
 0001:00018684      c771_0
 0001:00018760      c789_0
 0001:000188A0      c797_0
 0001:0000279C      c7_0
 0001:00018974      c805_0
 0001:00018AB4      c819_0
 0001:00018D70      c821_0
 0001:00018DE8      c827_0
 0001:00018F88      c835_0
 0001:00019098      c845_0
 0001:0001912C      c847_0
 0001:000191D8      c855_0
 0001:000191FC      c859_0
 0001:0001924C      c869_0
 0001:0001926C      c881_0
 0001:00019AA4      c889_0
 0001:00019CD0      c899_0
 0001:0000293C      c8_0
 0001:00019D20      c909_0
 0001:00019D98      c913_0
 0001:00019E0C      c921_0
 0001:00019EC8      c921_1
 0001:00019F24      c937_0
 0001:00019F40      c949_0
 0001:00014FA4      capword
 0001:00012C65      cclmake
 0001:0000CE0A      cex
 0001:00002625      chcase
 0001:0000ABF0      checknext
 0001:0000F638      cinsert
 0001:0000BF03      clear_ring
 0001:00009FCE      clist_buffer
 0001:00009E72      clist_command
 0001:0000A169      clist_file
 0001:0000FF3E      clrmes
 0001:000018D7      cmdstr
 0001:00009EF2      comp_buffer
 0001:00009D81      comp_command
 0001:0000A049      comp_file
 0001:00009905      complete
 0001:0001047A      copyregion
 0001:0000CE6C      copystr
 0001:0000CD38      ctlxe
 0001:0000CCA9      ctlxlp
 0001:0000CCF8      ctlxrp
 0001:0000981C      ctoec
 0001:0000CD83      ctrlg
 0001:0000BE72      cycle_ring
 0001:000115B9      cycle_screens
 0002:0000578C      d1029_0
 0002:00005990      d1031_1
 0002:000059CC      d1033_1
 0002:00005A1C      d1035_0
 0002:00005B1C      d1039_0
 0002:00005C1C      d1057_1
 0002:00005D34      d1059_0
 0002:00005F94      d1061_1
 0002:00000574      d10_1
 0002:00005FFC      d1191_1
 0002:00000E58      d11_1
 0002:000060BC      d1247_1
 0002:00006124      d1249_1
 0002:0000618C      d1251_0
 0002:00001300      d12_1
 0002:00006190      d1305_0
 0002:0000620C      d1315_0
 0002:00006214      d1353_1
 0002:0000621C      d1381_1
 0002:00006230      d1383_1
 0002:00006258      d1391_1
 0002:00006280      d1393_1
 0002:000014B4      d13_1
 0002:000062A8      d1451_1
 0002:00001508      d14_1
 0002:000062F0      d1587_1
 0002:00001570      d15_1
 0002:00006314      d1603_1
 0002:00006338      d1605_1
 0002:0000633C      d1607_1
 0002:0000634C      d1615_1
 0002:00006374      d1635_1
 0002:00006394      d1637_0
 0002:00006398      d1673_1
 0002:000063A4      d1693_0
 0002:000063AC      d1695_0
 0002:000063B4      d1697_1
 0002:00006408      d1699_1
 0002:000015C0      d16_1
 0002:00006430      d1701_1
 0002:00006454      d1737_1
 0002:00006458      d1745_1
 0002:0000645C      d1755_0
 0002:00006460      d1757_0
 0002:00006464      d1759_1
 0002:00006484      d1765_1
 0002:000064B4      d1773_1
 0002:00006508      d1777_1
 0002:00006568      d1781_1
 0002:00006584      d1795_0
 0002:00006588      d1797_1
 0002:0000658C      d1815_1
 0002:000065B0      d1827_0
 0002:00006774      d1833_1
 0002:0000677C      d1835_1
 0002:0000678C      d1891_1
 0002:00001630      d18_1
 0002:00003D30      d19_1
 0002:0000009C      d1_1
 0002:00003D48      d20_1
 0002:00003DC4      d21_1
 0002:000045F0      d229_1
 0002:00003F18      d22_1
 0002:000045F4      d231_1
 0002:00003FC0      d23_1
 0002:0000468C      d241_1
 0002:000046AC      d247_1
 0002:00004088      d24_1
 0002:00004170      d25_1
 0002:0000424C      d26_1
 0002:00004304      d27_1
 0002:00004410      d28_1
 0002:00004494      d29_1
 0002:00000140      d2_1
 0002:000045A0      d30_1
 0002:000001E8      d3_1
 0002:0000023C      d4_1
 0002:000046EC      d543_0
 0002:000046F0      d545_1
 0002:00004A10      d547_1
 0002:00004A4C      d549_1
 0002:00004B30      d555_1
 0002:00004B44      d591_1
 0002:00000394      d5_1
 0002:00004B48      d645_1
 0002:00004B4C      d671_0
 0002:00004B50      d743_0
 0002:00005000      d745_0
 0002:000050CC      d755_0
 0002:000050D0      d757_1
 0002:00000490      d7_1
 0002:000050D4      d821_1
 0002:00005200      d845_1
 0002:0000520C      d847_1
 0002:00005214      d853_1
 0002:00005690      d881_1
 0002:000004AC      d8_1
 0002:00005714      d949_1
 0001:0000C005      dcline
 0001:0000F975      deblank
 0001:00008152      debug
 0001:00000419      def_abbrevs
 0001:000002EB      del_abbrev
 0001:00015262      delbword
 0001:000116F5      delete_screen
 0001:000150EB      delfword
 0001:0000FCF6      delgmode
 0001:00011289      delins
 0001:0000FCD6      delmode
 0001:000141F0      delwind
 0001:00001436      desbind
 0001:00000321      desc_abbrevs
 0001:000070D7      desfunc
 0001:0000100E      deskey
 0001:00006E03      desvars
 0001:0000F23E      detab
 0001:00006D3C      dispvar
 0001:0000786F      dobuf
 0001:000072EA      docmd
 0001:0000856A      dofile
 0001:0000A786      echochar
 0001:0000A72E      echostring
 0001:00002836      ecrypt
 0001:000097F5      ectoc
 0001:0000C716      edinit
 0001:0000C438      editloop
 0001:00014DA0      endword
 0001:00014506      enlargewind
 0001:0000F31F      entab
 0001:00004EA4      envval
 0001:000124A1      eq
 0001:00006B79      ernd
 0001:000080A5      errormesg
 0001:0000781E      execbuf
 0001:000072A6      execcmd
 0001:000084A1      execfile
 0001:00001B23      execkey
 0001:0000DB55      execprg
 0001:0000778A      execproc
 0001:0000C88D      execute
 0001:0001226B      fbound
 0001:00009722      fexist
 0001:00009486      ffclose
 0001:000095CF      ffgetline
 0001:000094CB      ffputline
 0001:000093D8      ffropen
 0001:00009409      ffwopen
 0001:00008CCB      fileapp
 0001:000086B4      filefind
 0001:00009006      filename
 0001:0000860C      fileread
 0001:00008D1B      filesave
 0001:00008C65      filewrite
 0001:000153C8      fillpara
 0001:0000DD9B      filter
 0001:000115D6      find_screen
 0001:0000EF64      findcol
 0001:00005BB5      findvar
 0001:0000A833      fisearch
 0001:000056D0      fixnull
 0001:000022D8      flong_asc
 0001:0000178F      flook
 0001:00010140      fmatch
 0001:000019E8      fncmatch
 0001:00000779      forwchar
 0001:0000FADC      forwdel
 0001:00011BFF      forwhunt
 0001:000008DA      forwline
 0001:00000CB5      forwpage
 0001:00011BBC      forwsearch
 0001:00014D3E      forwword
 0001:00011656      free_screen
 0001:00008482      freewhile
 0001:00004E93      funval
 0001:0000ACD6      get_char
 0001:0000A2C1      get_key
 0001:0000986D      getcbuf
 0001:0000EEE7      getccol
 0001:000016CD      getckey
 0001:0000A325      getcmd
 0001:0000B79E      getctext
 0001:00014BC0      getcwnum
 0001:00001ED3      getdefb
 0001:00003F70      getdtime
 0001:0000FF95      getfence
 0001:0000E131      getffile
 0001:000087E0      getfile
 0001:00001985      getfname
 0001:00000C54      getgoal
 0001:000056E3      getkill
 0001:0000EEC0      getlinenum
 0001:00009847      getname
 0001:0000E26B      getnfile
 0001:0000257D      getoldb
 0001:00010B5D      getreg
 0001:000109AB      getregion
 0001:0000A390      getstring
 0001:00014BDE      gettwnum
 0001:0000684E      gettyp
 0001:00006915      getval
 0001:00006CA6      getwlist
 0001:00014B9C      getwpos
 0001:000059A3      global_var
 0001:00000874      gotobob
 0001:000006D4      gotobol
 0001:00000A17      gotobop
 0001:000008A8      gotoeob
 0001:00000758      gotoeol
 0001:00000B26      gotoeop
 0001:000007F0      gotoline
 0001:00000F0A      gotomark
 0001:00004EFF      gtenv
 0001:00009899      gtfilename
 0001:00004491      gtfun
 0001:00004E1D      gtusr
 0001:00000F7C      help
 0001:00009099      ifile
 0001:0000F9F4      indent
 0001:00010B98      indent_region
 0001:00011779      init_screen
 0001:00002713      initchars
 0001:000003D0      ins_abbrevs
 0001:0000F720      insbrace
 0001:00008641      insfile
 0001:0000F90A      inspound
 0001:0000AF6F      insspace
 0001:0000678D      int_asc
 0001:0001771B      invokeHnd()
 0001:00015339      inword
 0001:000025C0      is_letter
 0001:000025E9      is_lower
 0001:00006CDD      is_num
 0001:00002607      is_upper
 0001:0000A85D      isearch
 0001:00015376      isinword
 0001:0000D97B      ismodeline
 0001:00010294      istring
 0001:00017700      jump()
 0001:0000BAA9      kdelete
 0001:00000315      kill_abbrevs
 0001:00001E55      killbuffer
 0001:00015596      killpara
 0001:000103FB      killregion
 0001:0000FBAA      killtext
 0001:0000BB41      kinsert
 0001:0000AE28      lalloc
 0001:0000AF17      lchange
 0001:0000B451      ldelete
 0001:0000B829      ldelnewline
 0001:0000AE60      lfree
 0001:0000B017      linsert
 0001:0000AF97      linstr
 0001:000119A6      list_screens
 0001:00002033      listbuffers
 0001:00012727      liteq
 0001:00012D74      litmake
 0001:0000B327      lnewline
 0001:00005AAC      local_var
 0001:000067FE      long_asc
 0001:0001036A      lookup_color
 0001:00011880      lookup_screen
 0001:0000B2D7      lover
 0001:000026E7      lowerc
 0001:00002691      lowercase
 0001:0001050D      lowerregion
 0001:00014ED3      lowerword
 0001:0000B266      lowrite
 0001:00006B04      ltos
 0001:000075B9      macarg
 0001:000011F3      macrotokey
 0001:00002058      makelist
 0001:00008BCD      makename
 0001:00012A92      mcclear
 0001:00012B5E      mceq
 0001:00011DF2      mcscanner
 0001:0001278F      mcstr
 0001:0000CC84      meexit
 0001:0000CDE3      meta
 0001:00006B3F      mklower
 0001:00006B1D      mkupper
 0001:000042A1      mlabort
 0001:00004040      mlerase
 0001:0000401E      mlferase
 0001:00004272      mlforce
 0001:000040AD      mlout
 0001:0000A64F      mlprompt
 0001:0000435F      mlputf
 0001:000042D6      mlputi
 0001:0000431D      mlputli
 0001:000042B0      mlputs
 0001:000097D8      mlreply
 0001:000111A5      mlrquery
 0001:0000975C      mlyesno
 0001:0000CFC7      mmove
 0001:00003AF3      modeline
 0001:0000D8DC      mouse_screen
 0001:0000D80C      mouseline
 0001:0000D85F      mouseoffset
 0001:0000D7D7      mousewindow
 0001:00003FEE      movecursor
 0001:00012322      movelocalpoint
 0001:0000CEAC      movemd
 0001:0000D575      movemu
 0001:0000D0C9      mregdown
 0001:0000D339      mregup
 0001:00013FFD      mvdnwind
 0001:00014012      mvupwind
 0001:00001FB6      namebuffer
 0001:000071C8      namedcmd
 0001:00001A19      namval
 0001:0001071B      narrow
 0001:00014B00      new_col_org
 0001:00014B4E      new_row_org
 0001:0000F570      newline
 0001:00014901      newsize
 0001:00014A7D      newwidth
 0001:0000BB21      next_kill
 0001:000075F2      nextarg
 0001:00001C70      nextbuffer
 0001:000126D1      nextch
 0001:00014882      nextdown
 0001:0001485E      nextup
 0001:00013F37      nextwind
 0001:0000E39A      ntbcol
 0001:0000EC10      ntbeep
 0001:0000ED2E      ntclose
 0001:0000EBF8      ntcres
 0001:0000EAE9      nteeol
 0001:0000EB56      nteeop
 0001:0000E383      ntfcol
 0001:0000E46D      ntflush
 0001:0000E8EF      ntgetc
 0001:0000ED8A      ntkclose
 0001:0000ED47      ntkopen
 0001:0000E439      ntmove
 0001:0000EC1A      ntopen
 0001:0000EA5C      ntputc
 0001:0000EBE9      ntrev
 0001:0000CDD7      nullproc
 0001:000140C6      onlywind
 0001:0000F51D      openline
 0001:00015708      operator delete(void *)
 0001:00015718      operator delete[](void *)
 0001:0000A626      ostring
 0001:0000A5FD      outstring
 0001:000102FF      ovstring
 0001:0000718C      pad
 0001:0000DBE6      pipecmd
 0001:000035E4      pop
 0001:00001E8F      popbuffer
 0001:00013FB1      prevwind
 0001:0000B7E0      putctext
 0001:00010D30      qreplace
 0001:0000CBB6      quickexit
 0001:0000CC3A      quit
 0001:0000F166      quote
 0001:0000CDA7      rdonly
 0001:000089A3      readin
 0001:000124F8      readpattern
 0001:0000ADEC      reeat
 0001:00015538      reform
 0001:00002CAA      reframe
 0001:00013F06      refresh
 0001:00011568      refresh_screen
 0001:000103A8      reglines
 0001:00010B19      regtostr
 0001:00000E40      remmark
 0001:00011B35      rename_screen
 0001:00010D44      replaces
 0001:00013EDC      reposition
 0001:0000873B      resetkey
 0001:0001472B      resize
 0001:0000D9B0      resizm
[...]
 0001:0001D658      ___utoa
 0001:0001D674      _itoa
 0001:0001D674      c1345_0
 0001:0001D674      ___org_itoa
 0001:0001D6A4      ___org_ultoa
 0001:0001D6A4      _ultoa
 0001:0001D6C4      __ltoa
 0001:0001D6EC      c1349_0
 0001:0001D6EC      __matherr
 0001:0001D6EC      ___org__matherr
 0001:0001D718      __matherrl
 0001:0001D718      ___org__matherrl
 0001:0001D718      c1351_0
 0001:0001D748      c1353_0
 0001:0001D748      __initmatherr
 0001:0001D760      c1375_0
 0001:0001D760      __qdiv10
 0001:0001D788      c1377_0
 0001:0001D788      __qmul10
 0001:0001D7B8      c1381_0
 0001:0001DA9C      __cvt_init
 0001:0001DAB4      c1383_0
 0001:0001DDD0      __cvt_initw
 0001:0001DDE8      c1391_0
 0001:0001E2B4      __scan_init
 0001:0001E2CC      c1393_0
 0001:0001E794      __scan_initw
 0001:0001E7AC      c1437_0
 0001:0001E7AC      ___xcvt
 0001:0001EA80      ___xcvtw
 0001:0001EA80      c1439_0
 0001:0001ED74      c1451_0
 0001:0001ED74      __setmbcp
 0001:0001EE98      __getmbcp
 0001:0001EEA0      c1451_3
 0001:0001EEA0      __initMBCSTable
 0001:0001EEB0      c1453_0
 0001:0001EEB0      __ismbcalpha
 0001:0001EEF0      c1455_0
 0001:0001EEF0      __ismbcdigit
 0001:0001EF0C      c1473_0
 0001:0001EF0C      __ismbcspace
 0001:0001EF28      __mbschr
 0001:0001EF28      c1485_0
 0001:0001EF78      __mbscmp
 0001:0001EF78      c1487_0
 0001:0001EFF0      c1491_0
 0001:0001EFF0      __mbsdec
 0001:0001F048      c1493_0
 0001:0001F048      __mbsicmp
 0001:0001F0E4      __mbsnbcpy
 0001:0001F0E4      c1511_0
 0001:0001F138      __mbsnbicmp
 0001:0001F138      c1513_0
 0001:0001F1F8      c1535_0
 0001:0001F1F8      __mbsrchr
 0001:0001F250      c1587_0
 0001:0001F298      __assert
 0001:0001F2F8      c1603_0
 0001:0001F348      __ErrorMessageHelper
 0001:0001F3B0      c1607_0
 0001:0001F408      __ErrorMessage
 0001:0001F524      ___ErrorMessage
 0001:0001F534      __ErrorExit
 0001:0001F54C      c1615_0
 0001:0001F54C      c1615_3
 0001:0001F5D8      __abort
 0001:0001F5D8      c1635_0
 0001:0001F5EC      _abort
 0001:0001F5FC      c1673_0
 0001:0001F654      _exit
 0001:0001F66C      __exit
 0001:0001F684      __cexit
 0001:0001F694      __c_exit
 0001:0001F6A4      _getenv
 0001:0001F6A4      c1675_0
 0001:0001F6A4      ___org_getenv
 0001:0001F6FC      __init_wild_handlers
 0001:0001F6FC      c1681_0
 0001:0001F718      c1683_0
 0001:0001F718      __argv_default_expand
 0001:0001F72C      __wargv_default_expand
 0001:0001F72C      c1685_0
 0001:0001F740      __init_setargv_handlers
 0001:0001F740      c1691_0
 0001:0001F768      __setargv
 0001:0001F768      c1697_3
 0001:0001F768      c1697_0
 0001:0001F7F0      __exitargv
 0001:0001F7F0      c1697_4
 0001:0001F8D4      __handle_setargv
 0001:0001F8D4      c1699_0
 0001:0001FA2C      __handle_exitargv
 0001:0001FABC      __handle_wsetargv
 0001:0001FABC      c1701_0
 0001:0001FC50      __handle_wexitargv
 0001:0001FCE4      ___org_spawnl
 0001:0001FCE4      c1705_0
 0001:0001FCE4      _spawnl
 0001:0001FD04      c1713_0
 0001:0001FD04      _spawnlp
 0001:0001FD04      ___org_spawnlp
 0001:0001FD24      c1737_0
 0001:0001FD24      __searchenv
 0001:0001FD24      ___org__searchenv
 0001:0001FD54      __searchstr
 0001:0001FD54      ___org__searchstr
 0001:0001FD54      c1745_0
 0001:0001FE4C      c1759_0
 0001:0001FE4C      c1759_2
 0001:0001FE84      c1759_3
 0001:0001FE94      __dummy_add_pid
 0001:0001FE94      c1765_0
 0001:000200A4      __LoadProg
 0001:000204D0      c1773_4
 0001:000204D0      c1773_0
 0001:00020504      __expandblock
 0001:00020650      c1773_3
 0001:00020670      c1777_0
 0001:00020898      _signal
 0001:000208F8      _raise
 0001:000208F8      ___org_raise
 0001:00020968      c1781_0
 0001:00020968      _system
 0001:00020A50      c1787_0
 0001:00020A50      __getpid
 0001:00020A58      c1797_0
 0001:00020A58      __terminate
 0001:00020A68      __create_shmem
 0001:00020A70      __init_exit_proc
 0001:00020B44      __cleanup
 0001:00020BB0      __startup
 0001:00020BB0      c1799_0
 0001:00020D54      ___CRTL_TLS_Alloc
 0001:00020D54      c1813_0
 0001:00020D5C      ___CRTL_TLS_Free
 0001:00020D6C      ___CRTL_TLS_GetValue
 0001:00020D7C      ___CRTL_TLS_SetValue
 0001:00020D90      ___CRTL_TLS_InitThread
 0001:00020D98      ___CRTL_TLS_ExitThread
 0001:00020DA0      ___CRTL_TLS_GetInfo
 0001:00020DA4      c1815_0
 0001:00020DA4      __atime
 0001:00020DFC      _asctime
 0001:00020DFC      ___org_asctime
 0001:00020E28      _ctime
 0001:00020E28      ___org_ctime
 0001:00020E50      c1821_0
 0001:00020FBC      _gmtime
 0001:00020FBC      ___org_gmtime
 0001:00020FD4      _localtime
 0001:00020FD4      ___org_localtime
 0001:00020FFC      c1831_0
 0001:00020FFC      __isDST
 0001:00021110      __totalsec
 0001:000212A0      c1833_0
 0001:000212A0      c1833_2
 0001:000212A8      __tzset
 0001:000212A8      c1835_0
 0001:00021470      c1837_0
 0001:00021470      _tzset
 0001:00021478      c1863_0
 0001:00021478      ___org_time
 0001:00021478      _time
 0001:000214C8      c1891_0
 0001:000214C8      c1891_3
 0001:000214F3      ___JumpToCatch__
 0001:0002175D      ___raiseDebuggerException
 0001:00021B18      _ThrowExceptionLDTC(void *, void *, void *, void *, unsigned int, unsigned int, unsigned int, unsigned char *, void *)
 0001:00021B4D      _ReThrowException(unsigned int, unsigned char *)
 0001:00021BB8      __Global_unwind
 0001:00021CF4      _CatchCleanup()
 0001:00022224      __Local_unwind
 0001:00022237      __Return_unwind
 0001:00022298      ____ExceptionHandler
 0001:00023016      __CurrExcContext
 0002:0000009C      d1_1
 0002:000000E0      ___isGUI
 0002:00000118      ___isVCLPackage
 0002:00000119      ___isDLL
 0002:00000126      ___useDynamicTLS
 0002:00000127      __TLS_index
 0002:0000012B      __TLS_index4
 0002:0000012F      __hInstance
 0002:00000134      ___CPPdebugHook
 0002:00000134      ___CPPdebugHook_segment
 0002:00000138      __PackageInfoTable
 0002:00000140      d2_1
 0002:000001E8      d3_1
 0002:0000023C      d4_1
 0002:0000023C      _pathname
 0002:00000394      d5_1
 0002:00000490      d7_1
 0002:000004AC      d8_1
 0002:00000574      d10_1
 0002:00000574      _envars
 0002:000006EC      _funcs
 0002:00000E58      d11_1
 0002:00001300      d12_1
 0002:000014B4      d13_1
 0002:00001508      d14_1
 0002:00001570      d15_1
 0002:000015C0      d16_1
 0002:00001630      d18_1
 0002:00001630      _names
 0002:00001B98      _fillcol
 0002:00001B9C      _execstr
 0002:00001BA0      _golabel
 0002:00001DA1      _paralead
 0002:00001FA1      _fmtlead
 0002:000021A2      _mainbuf
 0002:000021A8      _wlflag
 0002:000021AC      _clearflag
 0002:000021B0      _execlevel
 0002:000021B4      _eolexist
 0002:000021B8      _revexist
 0002:000021BC      _exec_error
 0002:000021C0      _flickcode
 0002:000021C4      _mouse_move
 0002:000021C8      _mmove_flag
 0002:000021CC      _newscreenflag
 0002:000021D0      _overlap
 0002:000021D4      _modename
 0002:00002200      _numfunc
 0002:00002204      _gmode
 0002:00002208      _gflags
 0002:0000220C      _gfcolor
 0002:00002210      _gbcolor
 0002:00002214      _deskcolor
 0002:00002218      _gasave
 0002:0000221C      _gacount
 0002:00002220      _sgarbf
 0002:00002224      _mpresf
 0002:00002228      _clexec
 0002:0000222C      _mstore
 0002:00002230      _discmd
 0002:00002234      _disinp
 0002:00002238      _modeflag
 0002:0000223C      _timeflag
 0002:00002240      _undoflag
 0002:00002244      _undoing
 0002:00002248      _lasttime
 0002:00002250      _popflag
 0002:00002254      _popwait
 0002:00002258      _posflag
 0002:0000225C      _cpending
 0002:00002260      _sscroll
 0002:00002264      _hscroll
 0002:00002268      _hscrollbar
 0002:0000226C      _vscrollbar
 0002:00002270      _hjump
 0002:00002274      _ssave
 0002:00002278      _bstore
 0002:0000227C      _vtrow
 0002:00002280      _vtcol
 0002:00002284      _ttrow
 0002:00002288      _ttcol
 0002:0000228C      _lbound
 0002:00002290      _taboff
 0002:00002294      _tabsize
 0002:00002298      _stabsize
 0002:0000229C      _reptc
 0002:000022A0      _abortc
 0002:000022A4      _sterm
 0002:000022A8      _isterm
 0002:000022AC      _searchtype
 0002:000022B0      _yankflag
 0002:000022B4      _prefix
 0002:000022B8      _prenum
 0002:000022BC      _predef
 0002:000022C0      _quotec
 0002:000022C4      _cname
 0002:00002304      _swindow
 0002:00002308      _cryptflag
 0002:0000230C      _oldcrypt
 0002:00002310      _kbdend
 0002:00002314      _kbdmode
 0002:00002318      _kbdrep
 0002:0000231C      _restflag
 0002:00002320      _lastkey
 0002:00002324      _seed
 0002:00002328      _envram
 0002:0000232C      _access_time
 0002:00002330      _macbug
 0002:00002334      _mouseflag
 0002:00002338      _diagflag
 0002:0000233C      _cmdstatus
 0002:00002340      _palstr
 0002:00002372      _lastmesg
 0002:00002573      _rval
 0002:00002774      _lastptr
 0002:00002778      _saveflag
 0002:0000277C      _fline
 0002:00002780      _flen
 0002:00002784      _eexitflag
 0002:00002788      _eexitval
 0002:0000278C      _xpos
 0002:00002790      _ypos
 0002:00002794      _nclicks
 0002:00002798      _disphigh
 0002:0000279C      _dispundo
 0002:000027A0      _defferupdate
 0002:000027A4      _notquiescent
 0002:000027A8      _fbusy
 0002:000027AC      _hilite
 0002:000027B0      _patmatch
 0002:000027B4      _magical
 0002:000027B6      _rmagical
 0002:000027B8      _dname
 0002:000027E0      _dname_len
 0002:000027F4      _keytab
 0002:00003AED      _modecode
 0002:00003B5B      _errorm
 0002:00003B61      _truem
 0002:00003B66      _falsem
 0002:00003D30      d19_1
 0002:00003D30      _lastypos
 0002:00003D34      _lastxpos
 0002:00003D38      _lastmcmd
 0002:00003D48      d20_1
 0002:00003DC4      d21_1
 0002:00003E18      _revflag
 0002:00003E1C      _term
 0002:00003E70      _in_next
 0002:00003E74      _in_last
 0002:00003F18      d22_1
 0002:00003FC0      d23_1
 0002:00004088      d24_1
 0002:00004170      d25_1
 0002:0000424C      d26_1
 0002:00004304      d27_1
 0002:00004410      d28_1
 0002:00004494      d29_1
 0002:000045A0      d30_1
 0002:000045F0      d229_1
 0002:000045F4      d231_1
 0002:0000468C      d241_1
 0002:00004690      __heap_redirector
 0002:000046AC      d247_1
 0002:000046AC      __virt_heap_size
 0002:000046B0      __virt_chunk_size
 0002:000046B4      __virt_chunk_size2
 0002:000046B8      __nv_heap_size
 0002:000046BC      __smalloc_threshold
 0002:000046C0      __virt_chunk_free
 0002:000046C4      __virt_chunk_free2
 0002:000046C8      __firstHeap
 0002:000046CC      __lastHeap
 0002:000046D0      __linktable
 0002:000046D4      __freeStart
 0002:000046E0      __rover
 0002:000046E8      ___allocated
 0002:000046EC      d543_0
 0002:000046EC      ___xxPersonality
 0002:000046F0      d545_1
 0002:00004A10      d547_1
 0002:00004A10      ___terminatePTR
 0002:00004A14      ___unexpectdPTR
 0002:00004A18      __chtbl__ std::terminate()
 0002:00004A38      __ectbl__ std::terminate()
 0002:00004A4C      d549_1
 0002:00004A4C      ___CPPexceptionList
 0002:00004A50      ___exceptFlags
 0002:00004A54      ___throwFileName
 0002:00004A58      ___throwLineNumber
 0002:00004A5C      ___throwExceptionName
 0002:00004A60      ___exceptStaticBuffP
 0002:00004A64      ___exceptMemAllocVars
 0002:00004A68      ___ExceptStaticXbuff
 0002:00004AE8      __ExceptVarsSize
 0002:00004AFC      __chtbl__ __call_terminate()
 0002:00004B1C      __ectbl__ __call_terminate()
 0002:00004B30      __stkchk
 0002:00004B30      d555_1
 0002:00004B44      d591_1
 0002:00004B44      __cfinfo_get
 0002:00004B48      __notUmask
 0002:00004B48      d645_1
 0002:00004B4C      __fileinfo
 0002:00004B4C      d671_0
 0002:00004B50      d743_0
 0002:00004B50      __streams
 0002:00005000      d745_0
 0002:00005000      __nfile
 0002:00005004      __openfd
 0002:000050CC      __fmode
 0002:000050CC      d755_0
 0002:000050D0      d757_1
 0002:000050D0      __fmodeptr
 0002:000050D4      d821_1
 0002:000050D4      __dosErrorToSV
 0002:00005200      d845_1
 0002:0000520C      d847_1
 0002:00005214      d853_1
 0002:00005214      __sys_errlist
 0002:000052D8      __sys_nerr
 0002:00005690      d881_1
 0002:00005714      d949_1
 0002:0000578C      d1029_0
 0002:0000578C      __chartype
 0002:00005990      d1031_1
 0002:00005990      __localeconvention
 0002:000059CC      d1033_1
 0002:00005A1C      __lower
 0002:00005A1C      d1035_0
 0002:00005B1C      d1039_0
 0002:00005B1C      __upper
 0002:00005C1C      d1057_1
 0002:00005C1C      ___mb_cur_max
 0002:00005C20      ___localeLock
 0002:00005D34      d1059_0
 0002:00005D34      _CMonetary
 0002:00005D68      _CNumeric
 0002:00005D80      _CTimeDate
 0002:00005E44      _CLOCALE
 0002:00005E70      ___locale
 0002:00005F94      d1061_1
 0002:00005FFC      d1191_1
 0002:000060BC      __realcvtptr
 0002:000060BC      d1247_1
 0002:000060C0      __nextrealptr
 0002:000060C4      __scantodptr
 0002:000060C8      __scanrsltptr
 0002:00006124      __realcvtwptr
 0002:00006124      d1249_1
 0002:00006128      __nextrealwptr
 0002:0000612C      __scanwtodptr
 0002:00006130      __scanwrsltptr
 0002:0000618C      d1251_0
 0002:0000618C      __default87
 0002:00006190      d1305_0
 0002:00006190      __huge_flt
 0002:00006194      __huge_dble
 0002:0000619C      __huge_ldble
 0002:000061A6      __max_flt
 0002:000061AA      __max_dble
 0002:000061B2      __max_ldble
 0002:000061BC      __indefinite
 0002:000061C0      __tiny_ldble
 0002:000061CC      ___ieee_64_p_inf
 0002:000061D4      ___ieee_64_n_inf
 0002:000061DC      ___ieee_64_p_nanq
 0002:000061E4      ___ieee_64_n_nanq
 0002:000061EC      ___ieee_64_p_nans
 0002:000061F4      ___ieee_64_n_nans
 0002:000061FC      ___ieee_64_p_zero
 0002:00006204      ___ieee_64_n_zero
 0002:0000620C      d1315_0
 0002:0000620C      __turboFloat
 0002:00006210      __floatconvert
 0002:00006214      __pmatherr
 0002:00006214      d1353_1
 0002:00006218      __pmatherrl
 0002:0000621C      d1381_1
 0002:00006230      d1383_1
 0002:00006258      d1391_1
 0002:00006280      d1393_1
 0002:000062A8      d1451_1
 0002:000062A8      __kalpha
 0002:000062AA      __kpunct
 0002:000062F0      d1587_1
 0002:00006314      d1603_1
 0002:00006338      _errno
 0002:00006338      d1605_1
 0002:0000633C      d1607_1
 0002:0000633C      __messagefunc
 0002:00006340      __messagefile
 0002:0000634C      d1615_1
 0002:00006374      d1635_1
 0002:00006394      d1637_0
 0002:00006394      ___pCallAtExitProcs
 0002:00006398      d1673_1
 0002:00006398      __exitbuf
 0002:0000639C      __exitfopen
 0002:000063A0      __exitopen
 0002:000063A4      d1693_0
 0002:000063A4      __setargv_ptr
 0002:000063A8      __exitargv_ptr
 0002:000063AC      d1695_0
 0002:000063AC      __wsetargv_ptr
 0002:000063B0      __wexitargv_ptr
 0002:000063B4      __setargv__
 0002:000063B4      d1697_1
 0002:00006408      d1699_1
 0002:00006408      __cmdline_escapes
 0002:00006430      d1701_1
 0002:00006454      d1737_1
 0002:00006458      d1745_1
 0002:0000645C      d1755_0
 0002:0000645C      __argv_expand_ptr
 0002:00006460      d1757_0
 0002:00006460      __wargv_expand_ptr
 0002:00006464      __argv0
 0002:00006464      d1759_1
 0002:00006484      __add_pid_ptr
 0002:00006484      d1765_1
 0002:000064B4      __setenvp__
 0002:000064B4      d1773_1
 0002:00006508      d1777_1
 0002:00006568      d1781_1
 0002:00006584      __isWindows
 0002:00006584      d1795_0
 0002:00006588      d1797_1
 0002:0000658C      d1815_1
 0002:000065B0      __SWeekday
 0002:000065B0      d1827_0
 0002:000065CC      __LWeekday
 0002:000065E8      __SMonth
 0002:00006618      __LMonth
 0002:00006648      __AmPm
 0002:00006650      __Days
 0002:0000665C      __YDays
 0002:00006774      d1833_1
 0002:00006774      __timezone
 0002:00006778      __daylight
 0002:0000677C      d1835_1
 0002:0000677C      __tzname
 0002:0000678C      ___debuggerDisableTerminateCallback
 0002:0000678C      d1891_1
 0003:00000000      b4_2
 0003:00000100      b8_2
 0003:00000108      b10_2
 0003:00000F24      _ffp
 0003:00000F24      b13_2
 0003:00000F2C      b14_2
 0003:0000112C      b15_2
 0003:00001534      b18_2
 0003:00001534      _kbdm
 0003:00003534      _lterm
 0003:00003734      _wordlist
 0003:00003834      _obj
 0003:00003838      _charpending
 0003:0000383C      _kill_index
 0003:00003840      _kbufp
 0003:00003880      _kbufh
 0003:000038C0      _kskip
 0003:00003900      _kused
 0003:00003940      _kbdptr
 0003:00003944      _oquote
 0003:00003948      _cquote
 0003:0000394C      _currow
 0003:00003950      _curcol
 0003:00003954      _thisflag
 0003:00003958      _lastflag
 0003:0000395C      _curgoal
 0003:00003960      _curwp
 0003:00003964      _curbp
 0003:00003968      _wheadp
 0003:0000396C      _bheadp
 0003:00003970      _uv_head
 0003:00003974      _uv_global
 0003:00003978      _ab_head
 0003:0000397C      _ab_bell
 0003:00003980      _ab_cap
 0003:00003984      _ab_quick
 0003:00003988      _ab_word
 0003:00003B88      _ab_pos
 0003:00003B8C      _ab_end
 0003:00003B90      _first_screen
 0003:00003B94      _blistp
 0003:00003B98      _ulistp
 0003:00003B9C      _slistp
 0003:00003BA0      _sres
 0003:00003C20      _os
 0003:00003CA0      _lowcase
 0003:00003DA0      _upcase
 0003:00003EA0      _pat
 0003:000040A0      _tap
 0003:000042A0      _rpat
 0003:000044A0      _readhook
 0003:000044A8      _wraphook
 0003:000044B0      _cmdhook
 0003:000044B8      _writehook
 0003:000044C0      _exbhook
 0003:000044C8      _bufhook
 0003:000044D0      _exithook
 0003:000044D8      _matchlen
 0003:000044DC      _matchoff
 0003:000044E0      _matchline
 0003:000044E4      _mcpat
 0003:000054E4      _tapcm
 0003:000064E4      _mcdeltapat
 0003:000064F4      _tapatledcm
 0003:00006504      _rmcpat
 0003:00007504      _grpmatch
 0003:0000752C      _deltapat
 0003:00007B34      _tapatled
 0003:0000813C      _outline
 0003:0000833C      b20_2
 0003:0000893C      _pBuf
 0003:00008A54      _lDir
 0003:00008A58      _num_found
 0003:00008A5C      _path
 0003:00008B5C      _rbuf
 0003:00008C5C      b21_2
 0003:00013298      _in_buf
 0003:000132D8      b24_2
 0003:000132DC      b26_2
 0003:00013380      b231_2
 0003:00013380      __bormm_pfn_FreeMem
 0003:00013384      __bormm_pfn_GetMem
 0003:00013388      __bormm_pfn_ReallocMem
 0003:0001338C      __bormm_pfn_HeapAddRef
 0003:00013390      __bormm_pfn_HeapRelease
 0003:00013398      b545_2
 0003:000137A8      b549_2
 0003:000137A8      __DestructorCountPtr
 0003:000137B0      b555_2
 0003:000137B0      __HandlerPtr
 0003:000137B4      __UserHandlerPtr
 0003:000137B8      __pidtab
 0003:000137B8      b745_1
 0003:00013880      __handles
 0003:00013948      __doserrno
 0003:00013948      b821_2
 0003:0001394C      b827_1
 0003:00013950      __tmpnum
 0003:00013950      b845_2
 0003:00013960      __mbctype
 0003:00013960      b1451_2
 0003:00013A64      __mbcsCodePage
 0003:00013A68      b1587_2
 0003:00013B68      b1603_2
 0003:00013B84      __ostype
 0003:00013B84      b1615_2
 0003:00013B88      __argv
 0003:00013B88      b1697_2
 0003:00013B94      b1699_2
 0003:00013B98      b1701_2
 0003:00013B9C      __environ
 0003:00013B9C      b1773_2
 0003:00013BA4      __envsize
 0003:00013BA8      __env_lock
 0003:00013BAC      __C0argc
 0003:00013BAC      b1795_1
 0003:00013BB0      __C0argv
 0003:00013BB4      __C0environ
 0003:00013BB8      __oscmd
 0003:00013BBC      __osenv
 0003:00013BC0      __argc
 0003:00013BC4      __dll_table
 0003:00013BCC      __ExcRegPtr
 0003:00013BD0      __wosenv
 0003:00013BD4      __woscmd
 0003:00013BD8      __wC0argv
 0003:00013BDC      __wC0environ
 0003:00013BE0      __exe_table
 0003:00013BE8      __stkbase
 0003:00013BEC      b1815_2
 0003:00013C08      b1821_1
 0003:00013C2C      b1835_2
 0003:00013C34      b1891_2
 0003:00013C38      ___pCPPdebugHook
 0004:00000000      t549_3
 0004:00000000      ___xxInfo
