
 Start         Length     Name                   Class
 0001:00401000 000023874H _TEXT                  CODE
 0002:00425000 000006F98H _DATA                  DATA
 0003:0042BF98 00004974CH _BSS                   BSS
 0004:00000000 00000009CH _TLS                   TLS


Detailed map of segments
 0001:00000000 0000014F C=CODE    S=_TEXT    G=(none)   M=C:\BORLAND\BCC55\LIB\C0X32.OBJ ACBP=A9
 0001:00000150 00000587 C=CODE    S=_TEXT    G=(none)   M=C:\USERS\PETER\SOURCE\REPOS\MEMACS\XP\BCPP55\OBJ\ABBREV.OBJ ACBP=A9
 0001:000006D8 000008B3 C=CODE    S=_TEXT    G=(none)   M=C:\USERS\PETER\SOURCE\REPOS\MEMACS\XP\BCPP55\OBJ\BASIC.OBJ ACBP=A9
 0001:00000F8C 00000CF0 C=CODE    S=_TEXT    G=(none)   M=C:\USERS\PETER\SOURCE\REPOS\MEMACS\XP\BCPP55\OBJ\BIND.OBJ ACBP=A9
 0001:00001C7C 000009A7 C=CODE    S=_TEXT    G=(none)   M=C:\USERS\PETER\SOURCE\REPOS\MEMACS\XP\BCPP55\OBJ\BUFFER.OBJ ACBP=A9
 0001:00002624 000001D3 C=CODE    S=_TEXT    G=(none)   M=C:\USERS\PETER\SOURCE\REPOS\MEMACS\XP\BCPP55\OBJ\CHAR.OBJ ACBP=A9
 0001:000027F8 00000198 C=CODE    S=_TEXT    G=(none)   M=C:\USERS\PETER\SOURCE\REPOS\MEMACS\XP\BCPP55\OBJ\CRYPT.OBJ ACBP=A9
 0001:00002990 00001B06 C=CODE    S=_TEXT    G=(none)   M=C:\USERS\PETER\SOURCE\REPOS\MEMACS\XP\BCPP55\OBJ\DISPLAY.OBJ ACBP=A9
 0001:00004498 00002E8A C=CODE    S=_TEXT    G=(none)   M=C:\USERS\PETER\SOURCE\REPOS\MEMACS\XP\BCPP55\OBJ\EVAL.OBJ ACBP=A9
 0001:00007324 000014DA C=CODE    S=_TEXT    G=(none)   M=C:\USERS\PETER\SOURCE\REPOS\MEMACS\XP\BCPP55\OBJ\EXEC.OBJ ACBP=A9
 0001:00008800 00000E25 C=CODE    S=_TEXT    G=(none)   M=C:\USERS\PETER\SOURCE\REPOS\MEMACS\XP\BCPP55\OBJ\FILE.OBJ ACBP=A9
 0001:00009628 00000371 C=CODE    S=_TEXT    G=(none)   M=C:\USERS\PETER\SOURCE\REPOS\MEMACS\XP\BCPP55\OBJ\FILEIO.OBJ ACBP=A9
 0001:0000999C 0000110B C=CODE    S=_TEXT    G=(none)   M=C:\USERS\PETER\SOURCE\REPOS\MEMACS\XP\BCPP55\OBJ\INPUT.OBJ ACBP=A9
 0001:0000AAA8 0000064B C=CODE    S=_TEXT    G=(none)   M=C:\USERS\PETER\SOURCE\REPOS\MEMACS\XP\BCPP55\OBJ\ISEARCH.OBJ ACBP=A9
 0001:0000B0F4 00001126 C=CODE    S=_TEXT    G=(none)   M=C:\USERS\PETER\SOURCE\REPOS\MEMACS\XP\BCPP55\OBJ\LINE.OBJ ACBP=A9
 0001:0000C21C 00000FD1 C=CODE    S=_TEXT    G=(none)   M=C:\USERS\PETER\SOURCE\REPOS\MEMACS\XP\BCPP55\OBJ\MAIN.OBJ ACBP=A9
 0001:0000D1F0 00000C38 C=CODE    S=_TEXT    G=(none)   M=C:\USERS\PETER\SOURCE\REPOS\MEMACS\XP\BCPP55\OBJ\MOUSE.OBJ ACBP=A9
 0001:0000DE28 0000166E C=CODE    S=_TEXT    G=(none)   M=C:\USERS\PETER\SOURCE\REPOS\MEMACS\XP\BCPP55\OBJ\RANDOM.OBJ ACBP=A9
 0001:0000F498 0000097F C=CODE    S=_TEXT    G=(none)   M=C:\USERS\PETER\SOURCE\REPOS\MEMACS\XP\BCPP55\OBJ\REGION.OBJ ACBP=A9
 0001:0000FE18 0000088A C=CODE    S=_TEXT    G=(none)   M=C:\USERS\PETER\SOURCE\REPOS\MEMACS\XP\BCPP55\OBJ\REPLACE.OBJ ACBP=A9
 0001:000106A4 0000065E C=CODE    S=_TEXT    G=(none)   M=C:\USERS\PETER\SOURCE\REPOS\MEMACS\XP\BCPP55\OBJ\SCREEN.OBJ ACBP=A9
 0001:00010D04 0000137B C=CODE    S=_TEXT    G=(none)   M=C:\USERS\PETER\SOURCE\REPOS\MEMACS\XP\BCPP55\OBJ\SEARCH.OBJ ACBP=A9
 0001:00012080 0000095F C=CODE    S=_TEXT    G=(none)   M=C:\USERS\PETER\SOURCE\REPOS\MEMACS\XP\BCPP55\OBJ\TAGS.OBJ ACBP=A9
 0001:000129E0 000006F5 C=CODE    S=_TEXT    G=(none)   M=C:\USERS\PETER\SOURCE\REPOS\MEMACS\XP\BCPP55\OBJ\UNDO.OBJ ACBP=A9
 0001:000130D8 00000D18 C=CODE    S=_TEXT    G=(none)   M=C:\USERS\PETER\SOURCE\REPOS\MEMACS\XP\BCPP55\OBJ\WINDOW.OBJ ACBP=A9
 0001:00013DF0 00000B65 C=CODE    S=_TEXT    G=(none)   M=C:\USERS\PETER\SOURCE\REPOS\MEMACS\XP\BCPP55\OBJ\WORD.OBJ ACBP=A9
 0001:00014958 000008BC C=CODE    S=_TEXT    G=(none)   M=C:\USERS\PETER\SOURCE\REPOS\MEMACS\XP\BCPP55\OBJ\XP.OBJ ACBP=A9
 0001:00015214 00000ACF C=CODE    S=_TEXT    G=(none)   M=C:\USERS\PETER\SOURCE\REPOS\MEMACS\XP\BCPP55\OBJ\XPCONIO.OBJ ACBP=A9
 0001:00015CE4 0000002B C=CODE    S=_TEXT    G=(none)   M=C:\BORLAND\BCC55\LIB\CW32.LIB|calloc ACBP=A9
 0001:00015D10 0000000F C=CODE    S=_TEXT    G=(none)   M=C:\BORLAND\BCC55\LIB\CW32.LIB|del ACBP=A9
 0001:00015D20 0000000F C=CODE    S=_TEXT    G=(none)   M=C:\BORLAND\BCC55\LIB\CW32.LIB|delarray ACBP=A9
 0001:00015D30 00000111 C=CODE    S=_TEXT    G=(none)   M=C:\BORLAND\BCC55\LIB\CW32.LIB|virtmem ACBP=A9
 0001:00015E44 0000009F C=CODE    S=_TEXT    G=(none)   M=C:\BORLAND\BCC55\LIB\CW32.LIB|hrdir_b ACBP=A9
 0001:00015EE4 00000020 C=CODE    S=_TEXT    G=(none)   M=C:\BORLAND\BCC55\LIB\CW32.LIB|hrdir_mf ACBP=A9
 0001:00015F04 00000016 C=CODE    S=_TEXT    G=(none)   M=C:\BORLAND\BCC55\LIB\CW32.LIB|hrdir_r ACBP=A9
 0001:00015F1C 000000B8 C=CODE    S=_TEXT    G=(none)   M=C:\BORLAND\BCC55\LIB\CW32.LIB|hrdir_s ACBP=A9
 0001:00015FD4 00000001 C=CODE    S=_TEXT    G=(none)   M=C:\BORLAND\BCC55\LIB\CW32.LIB|hrdir_us ACBP=A9
 0001:00015FD8 000009CC C=CODE    S=_TEXT    G=(none)   M=C:\BORLAND\BCC55\LIB\CW32.LIB|heap ACBP=A9
 0001:000169A4 00000292 C=CODE    S=_TEXT    G=(none)   M=C:\BORLAND\BCC55\LIB\CW32.LIB|realloc ACBP=A9
 0001:00016C38 00000001 C=CODE    S=_TEXT    G=(none)   M=C:\BORLAND\BCC55\LIB\CW32.LIB|crtlst_i ACBP=A9
 0001:00016C3C 00000001 C=CODE    S=_TEXT    G=(none)   M=C:\BORLAND\BCC55\LIB\CW32.LIB|crtlst_l ACBP=A9
 0001:00016C40 0000001E C=CODE    S=_TEXT    G=(none)   M=C:\BORLAND\BCC55\LIB\CW32.LIB|memchr ACBP=A9
 0001:00016C60 00000024 C=CODE    S=_TEXT    G=(none)   M=C:\BORLAND\BCC55\LIB\CW32.LIB|memcpy ACBP=A9
 0001:00016C84 0000004A C=CODE    S=_TEXT    G=(none)   M=C:\BORLAND\BCC55\LIB\CW32.LIB|memmove ACBP=A9
 0001:00016CD0 0000008A C=CODE    S=_TEXT    G=(none)   M=C:\BORLAND\BCC55\LIB\CW32.LIB|memset ACBP=A9
 0001:00016D5C 00000018 C=CODE    S=_TEXT    G=(none)   M=C:\BORLAND\BCC55\LIB\CW32.LIB|wmemset ACBP=A9
 0001:00016D74 0000003C C=CODE    S=_TEXT    G=(none)   M=C:\BORLAND\BCC55\LIB\CW32.LIB|strcat ACBP=A9
 0001:00016DB0 00000053 C=CODE    S=_TEXT    G=(none)   M=C:\BORLAND\BCC55\LIB\CW32.LIB|strchr ACBP=A9
 0001:00016E04 0000004B C=CODE    S=_TEXT    G=(none)   M=C:\BORLAND\BCC55\LIB\CW32.LIB|strcmp ACBP=A9
 0001:00016E50 0000002F C=CODE    S=_TEXT    G=(none)   M=C:\BORLAND\BCC55\LIB\CW32.LIB|strcpy ACBP=A9
 0001:00016E80 0000005A C=CODE    S=_TEXT    G=(none)   M=C:\BORLAND\BCC55\LIB\CW32.LIB|strlen ACBP=A9
 0001:00016EDC 0000006E C=CODE    S=_TEXT    G=(none)   M=C:\BORLAND\BCC55\LIB\CW32.LIB|strncat ACBP=A9
 0001:00016F4C 00000027 C=CODE    S=_TEXT    G=(none)   M=C:\BORLAND\BCC55\LIB\CW32.LIB|strncmp ACBP=A9
 0001:00016F74 0000006C C=CODE    S=_TEXT    G=(none)   M=C:\BORLAND\BCC55\LIB\CW32.LIB|memcmp ACBP=A9
 0001:00016FE0 00000032 C=CODE    S=_TEXT    G=(none)   M=C:\BORLAND\BCC55\LIB\CW32.LIB|strdup ACBP=A9
 0001:00017014 0000004F C=CODE    S=_TEXT    G=(none)   M=C:\BORLAND\BCC55\LIB\CW32.LIB|strncpy ACBP=A9
 0001:00017064 0000003F C=CODE    S=_TEXT    G=(none)   M=C:\BORLAND\BCC55\LIB\CW32.LIB|strrev ACBP=A9
 0001:000170A4 00000054 C=CODE    S=_TEXT    G=(none)   M=C:\BORLAND\BCC55\LIB\CW32.LIB|strstr ACBP=A9
 0001:000170F8 00000037 C=CODE    S=_TEXT    G=(none)   M=C:\BORLAND\BCC55\LIB\CW32.LIB|_stpcpy ACBP=A9
 0001:00017130 00000018 C=CODE    S=_TEXT    G=(none)   M=C:\BORLAND\BCC55\LIB\CW32.LIB|wcslen ACBP=A9
 0001:00017148 0000003F C=CODE    S=_TEXT    G=(none)   M=C:\BORLAND\BCC55\LIB\CW32.LIB|wcscpy ACBP=A9
 0001:00017188 00000070 C=CODE    S=_TEXT    G=(none)   M=C:\BORLAND\BCC55\LIB\CW32.LIB|xxa ACBP=A9
 0001:000171F8 00000778 C=CODE    S=_TEXT    G=(none)   M=C:\BORLAND\BCC55\LIB\CW32.LIB|xxtype ACBP=A9
 0001:0001794A 000000B6 C=CODE    S=_TEXT    G=(none)   M=C:\BORLAND\BCC55\LIB\CW32.LIB|xxut ACBP=A9
 0001:000179EC 0000014B C=CODE    S=_TEXT    G=(none)   M=C:\BORLAND\BCC55\LIB\CW32.LIB|xxv ACBP=A9
 0001:00017B38 0000000A C=CODE    S=_TEXT    G=(none)   M=C:\BORLAND\BCC55\LIB\CW32.LIB|defhandl ACBP=A9
 0001:00017B44 00000179 C=CODE    S=_TEXT    G=(none)   M=C:\BORLAND\BCC55\LIB\CW32.LIB|except ACBP=A9
 0001:00017CC0 00000046 C=CODE    S=_TEXT    G=(none)   M=C:\BORLAND\BCC55\LIB\CW32.LIB|setexc ACBP=A9
 0001:00017D08 00000022 C=CODE    S=_TEXT    G=(none)   M=C:\BORLAND\BCC55\LIB\CW32.LIB|ta ACBP=A9
 0001:00017D2C 0000003C C=CODE    S=_TEXT    G=(none)   M=C:\BORLAND\BCC55\LIB\CW32.LIB|__access ACBP=A9
 0001:00017D68 00000060 C=CODE    S=_TEXT    G=(none)   M=C:\BORLAND\BCC55\LIB\CW32.LIB|__close ACBP=A9
 0001:00017DC8 00000086 C=CODE    S=_TEXT    G=(none)   M=C:\BORLAND\BCC55\LIB\CW32.LIB|__eof ACBP=A9
 0001:00017E50 00000047 C=CODE    S=_TEXT    G=(none)   M=C:\BORLAND\BCC55\LIB\CW32.LIB|__isatty ACBP=A9
 0001:00017E98 00000076 C=CODE    S=_TEXT    G=(none)   M=C:\BORLAND\BCC55\LIB\CW32.LIB|__lseek ACBP=A9
 0001:00017F10 000001FA C=CODE    S=_TEXT    G=(none)   M=C:\BORLAND\BCC55\LIB\CW32.LIB|__open ACBP=A9
 0001:0001810C 0000019A C=CODE    S=_TEXT    G=(none)   M=C:\BORLAND\BCC55\LIB\CW32.LIB|__read ACBP=A9
 0001:000182A8 0000011C C=CODE    S=_TEXT    G=(none)   M=C:\BORLAND\BCC55\LIB\CW32.LIB|__write ACBP=A9
 0001:000183C4 00000011 C=CODE    S=_TEXT    G=(none)   M=C:\BORLAND\BCC55\LIB\CW32.LIB|_cfinfo ACBP=A9
 0001:000183D8 00000038 C=CODE    S=_TEXT    G=(none)   M=C:\BORLAND\BCC55\LIB\CW32.LIB|_flshall ACBP=A9
 0001:00018410 0000001D C=CODE    S=_TEXT    G=(none)   M=C:\BORLAND\BCC55\LIB\CW32.LIB|_fputc ACBP=A9
 0001:00018430 00000008 C=CODE    S=_TEXT    G=(none)   M=C:\BORLAND\BCC55\LIB\CW32.LIB|_mktemp ACBP=A9
 0001:00018438 00000061 C=CODE    S=_TEXT    G=(none)   M=C:\BORLAND\BCC55\LIB\CW32.LIB|_read ACBP=A9
 0001:00018499 00000017 C=CODE    S=_TEXT    G=(none)   M=C:\BORLAND\BCC55\LIB\CW32.LIB|_umask ACBP=A9
 0001:0001849C 00000008 C=CODE    S=_TEXT    G=(none)   M=C:\BORLAND\BCC55\LIB\CW32.LIB|_unlink ACBP=A9
 0001:000184A4 00000061 C=CODE    S=_TEXT    G=(none)   M=C:\BORLAND\BCC55\LIB\CW32.LIB|_write ACBP=A9
 0001:00018508 00000008 C=CODE    S=_TEXT    G=(none)   M=C:\BORLAND\BCC55\LIB\CW32.LIB|access ACBP=A9
 0001:00018510 0000007D C=CODE    S=_TEXT    G=(none)   M=C:\BORLAND\BCC55\LIB\CW32.LIB|allocbuf ACBP=A9
 0001:00018590 0000008E C=CODE    S=_TEXT    G=(none)   M=C:\BORLAND\BCC55\LIB\CW32.LIB|fclose ACBP=A9
 0001:00018620 0000025B C=CODE    S=_TEXT    G=(none)   M=C:\BORLAND\BCC55\LIB\CW32.LIB|ffile ACBP=A9
 0001:0001887C 0000007F C=CODE    S=_TEXT    G=(none)   M=C:\BORLAND\BCC55\LIB\CW32.LIB|fflush ACBP=A9
 0001:000188FC 0000012D C=CODE    S=_TEXT    G=(none)   M=C:\BORLAND\BCC55\LIB\CW32.LIB|fgets ACBP=A9
 0001:00018A2C 0000005A C=CODE    S=_TEXT    G=(none)   M=C:\BORLAND\BCC55\LIB\CW32.LIB|flushout ACBP=A9
 0001:00018A88 00000023 C=CODE    S=_TEXT    G=(none)   M=C:\BORLAND\BCC55\LIB\CW32.LIB|fmodeptr ACBP=A9
 0001:00018AAC 000001DD C=CODE    S=_TEXT    G=(none)   M=C:\BORLAND\BCC55\LIB\CW32.LIB|fopen ACBP=A9
 0001:00018C8C 000000D9 C=CODE    S=_TEXT    G=(none)   M=C:\BORLAND\BCC55\LIB\CW32.LIB|fputn ACBP=A9
 0001:00018D68 0000013E C=CODE    S=_TEXT    G=(none)   M=C:\BORLAND\BCC55\LIB\CW32.LIB|fseek ACBP=A9
 0001:00018EA8 000000D4 C=CODE    S=_TEXT    G=(none)   M=C:\BORLAND\BCC55\LIB\CW32.LIB|fullpath ACBP=A9
 0001:00018F7C 00000140 C=CODE    S=_TEXT    G=(none)   M=C:\BORLAND\BCC55\LIB\CW32.LIB|getdcwd ACBP=A9
 0001:000190BC 000002B9 C=CODE    S=_TEXT    G=(none)   M=C:\BORLAND\BCC55\LIB\CW32.LIB|handles ACBP=A9
 0001:00019378 00000076 C=CODE    S=_TEXT    G=(none)   M=C:\BORLAND\BCC55\LIB\CW32.LIB|ioerror ACBP=A9
 0001:000193F0 0000019E C=CODE    S=_TEXT    G=(none)   M=C:\BORLAND\BCC55\LIB\CW32.LIB|lgetc ACBP=A9
 0001:00019590 00000110 C=CODE    S=_TEXT    G=(none)   M=C:\BORLAND\BCC55\LIB\CW32.LIB|lputc ACBP=A9
 0001:000196A0 00000091 C=CODE    S=_TEXT    G=(none)   M=C:\BORLAND\BCC55\LIB\CW32.LIB|mkname ACBP=A9
 0001:00019734 000000A9 C=CODE    S=_TEXT    G=(none)   M=C:\BORLAND\BCC55\LIB\CW32.LIB|mktemp ACBP=A9
 0001:000197DD 00000079 C=CODE    S=_TEXT    G=(none)   M=C:\BORLAND\BCC55\LIB\CW32.LIB|perror ACBP=A9
 0001:000197E0 00000023 C=CODE    S=_TEXT    G=(none)   M=C:\BORLAND\BCC55\LIB\CW32.LIB|printf ACBP=A9
 0001:00019804 0000004E C=CODE    S=_TEXT    G=(none)   M=C:\BORLAND\BCC55\LIB\CW32.LIB|puts ACBP=A9
 0001:00019854 0000001E C=CODE    S=_TEXT    G=(none)   M=C:\BORLAND\BCC55\LIB\CW32.LIB|rename ACBP=A9
 0001:00019874 00000838 C=CODE    S=_TEXT    G=(none)   M=C:\BORLAND\BCC55\LIB\CW32.LIB|scanner ACBP=A9
 0001:0001A0AC 0000022B C=CODE    S=_TEXT    G=(none)   M=C:\BORLAND\BCC55\LIB\CW32.LIB|scn2i64 ACBP=A9
 0001:0001A2D8 0000004D C=CODE    S=_TEXT    G=(none)   M=C:\BORLAND\BCC55\LIB\CW32.LIB|setvbuf ACBP=A9
 0001:0001A328 00000078 C=CODE    S=_TEXT    G=(none)   M=C:\BORLAND\BCC55\LIB\CW32.LIB|sprintf ACBP=A9
 0001:0001A3A0 00000073 C=CODE    S=_TEXT    G=(none)   M=C:\BORLAND\BCC55\LIB\CW32.LIB|sscanf ACBP=A9
 0001:0001A414 00000115 C=CODE    S=_TEXT    G=(none)   M=C:\BORLAND\BCC55\LIB\CW32.LIB|streams ACBP=A9
 0001:0001A52C 0000001A C=CODE    S=_TEXT    G=(none)   M=C:\BORLAND\BCC55\LIB\CW32.LIB|unlink ACBP=A9
 0001:0001A548 000009EC C=CODE    S=_TEXT    G=(none)   M=C:\BORLAND\BCC55\LIB\CW32.LIB|vprinter ACBP=A9
 0001:0001AF34 0000002E C=CODE    S=_TEXT    G=(none)   M=C:\BORLAND\BCC55\LIB\CW32.LIB|xfclose ACBP=A9
 0001:0001AF64 00000027 C=CODE    S=_TEXT    G=(none)   M=C:\BORLAND\BCC55\LIB\CW32.LIB|xfflush ACBP=A9
 0001:0001AF8B 00000006 C=CODE    S=_TEXT    G=(none)   M=C:\BORLAND\BCC55\LIB\CW32.LIB|cconv ACBP=A9
 0001:0001AF8C 000002C3 C=CODE    S=_TEXT    G=(none)   M=C:\BORLAND\BCC55\LIB\CW32.LIB|convt ACBP=A9
 0001:0001B250 00000051 C=CODE    S=_TEXT    G=(none)   M=C:\BORLAND\BCC55\LIB\CW32.LIB|getinfo ACBP=A9
 0001:0001B2A4 00000102 C=CODE    S=_TEXT    G=(none)   M=C:\BORLAND\BCC55\LIB\CW32.LIB|is ACBP=A9
 0001:0001B3A8 00000103 C=CODE    S=_TEXT    G=(none)   M=C:\BORLAND\BCC55\LIB\CW32.LIB|wis ACBP=A9
 0001:0001B4AC 00000043 C=CODE    S=_TEXT    G=(none)   M=C:\BORLAND\BCC55\LIB\CW32.LIB|isctype ACBP=A9
 0001:0001B4F0 00000055 C=CODE    S=_TEXT    G=(none)   M=C:\BORLAND\BCC55\LIB\CW32.LIB|iswctype ACBP=A9
 0001:0001B548 0000117F C=CODE    S=_TEXT    G=(none)   M=C:\BORLAND\BCC55\LIB\CW32.LIB|locale ACBP=A9
 0001:0001C6C8 0000080E C=CODE    S=_TEXT    G=(none)   M=C:\BORLAND\BCC55\LIB\CW32.LIB|initcat ACBP=A9
 0001:0001CED8 00000097 C=CODE    S=_TEXT    G=(none)   M=C:\BORLAND\BCC55\LIB\CW32.LIB|lconv ACBP=A9
 0001:0001CF70 00000024 C=CODE    S=_TEXT    G=(none)   M=C:\BORLAND\BCC55\LIB\CW32.LIB|lstrlwr ACBP=A9
 0001:0001CF94 00000054 C=CODE    S=_TEXT    G=(none)   M=C:\BORLAND\BCC55\LIB\CW32.LIB|ltolower ACBP=A9
 0001:0001CFE8 00000054 C=CODE    S=_TEXT    G=(none)   M=C:\BORLAND\BCC55\LIB\CW32.LIB|ltoupper ACBP=A9
 0001:0001D03C 000004D0 C=CODE    S=_TEXT    G=(none)   M=C:\BORLAND\BCC55\LIB\CW32.LIB|mbyte1 ACBP=A9
 0001:0001D50C 00000200 C=CODE    S=_TEXT    G=(none)   M=C:\BORLAND\BCC55\LIB\CW32.LIB|_ll ACBP=A9
 0001:0001D70C 00000008 C=CODE    S=_TEXT    G=(none)   M=C:\BORLAND\BCC55\LIB\CW32.LIB|_ltoa1 ACBP=A9
 0001:0001D714 00000188 C=CODE    S=_TEXT    G=(none)   M=C:\BORLAND\BCC55\LIB\CW32.LIB|_pow10 ACBP=A9
 0001:0001D89C 00000077 C=CODE    S=_TEXT    G=(none)   M=C:\BORLAND\BCC55\LIB\CW32.LIB|atol ACBP=A9
 0001:0001D914 00000013 C=CODE    S=_TEXT    G=(none)   M=C:\BORLAND\BCC55\LIB\CW32.LIB|clear87 ACBP=A9
 0001:0001D928 0000002F C=CODE    S=_TEXT    G=(none)   M=C:\BORLAND\BCC55\LIB\CW32.LIB|ctrl87 ACBP=A9
 0001:0001D958 00000018 C=CODE    S=_TEXT    G=(none)   M=C:\BORLAND\BCC55\LIB\CW32.LIB|cvtentry ACBP=A9
 0001:0001D970 00000018 C=CODE    S=_TEXT    G=(none)   M=C:\BORLAND\BCC55\LIB\CW32.LIB|cvtfak ACBP=A9
 0001:0001D988 00000018 C=CODE    S=_TEXT    G=(none)   M=C:\BORLAND\BCC55\LIB\CW32.LIB|cvtfakw ACBP=A9
 0001:0001D9A0 00000016 C=CODE    S=_TEXT    G=(none)   M=C:\BORLAND\BCC55\LIB\CW32.LIB|fpreset ACBP=A9
 0001:0001D9B8 0000002D C=CODE    S=_TEXT    G=(none)   M=C:\BORLAND\BCC55\LIB\CW32.LIB|fuildq ACBP=A9
 0001:0001D9E8 00000021 C=CODE    S=_TEXT    G=(none)   M=C:\BORLAND\BCC55\LIB\CW32.LIB|fuistq ACBP=A9
 0001:0001DA0C 00000011 C=CODE    S=_TEXT    G=(none)   M=C:\BORLAND\BCC55\LIB\CW32.LIB|fxam ACBP=A9
 0001:0001DA20 000000B1 C=CODE    S=_TEXT    G=(none)   M=C:\BORLAND\BCC55\LIB\CW32.LIB|int64toa ACBP=A9
 0001:0001DAD4 00000117 C=CODE    S=_TEXT    G=(none)   M=C:\BORLAND\BCC55\LIB\CW32.LIB|ldtrunc ACBP=A9
 0001:0001DBEC 0000008F C=CODE    S=_TEXT    G=(none)   M=C:\BORLAND\BCC55\LIB\CW32.LIB|longtoa ACBP=A9
 0001:0001DC7C 00000075 C=CODE    S=_TEXT    G=(none)   M=C:\BORLAND\BCC55\LIB\CW32.LIB|ltoa1 ACBP=A9
 0001:0001DCF4 0000002A C=CODE    S=_TEXT    G=(none)   M=C:\BORLAND\BCC55\LIB\CW32.LIB|matherr ACBP=A9
 0001:0001DD20 0000002E C=CODE    S=_TEXT    G=(none)   M=C:\BORLAND\BCC55\LIB\CW32.LIB|matherrl ACBP=A9
 0001:0001DD50 00000016 C=CODE    S=_TEXT    G=(none)   M=C:\BORLAND\BCC55\LIB\CW32.LIB|mathptr ACBP=A9
 0001:0001DD68 00000025 C=CODE    S=_TEXT    G=(none)   M=C:\BORLAND\BCC55\LIB\CW32.LIB|qdiv10 ACBP=A9
 0001:0001DD90 0000002E C=CODE    S=_TEXT    G=(none)   M=C:\BORLAND\BCC55\LIB\CW32.LIB|qmul10 ACBP=A9
 0001:0001DDC0 000002F9 C=CODE    S=_TEXT    G=(none)   M=C:\BORLAND\BCC55\LIB\CW32.LIB|realcvt ACBP=A9
 0001:0001E0BC 00000331 C=CODE    S=_TEXT    G=(none)   M=C:\BORLAND\BCC55\LIB\CW32.LIB|realcvtw ACBP=A9
 0001:0001E3F0 000004E1 C=CODE    S=_TEXT    G=(none)   M=C:\BORLAND\BCC55\LIB\CW32.LIB|scantod ACBP=A9
 0001:0001E8D4 000004DD C=CODE    S=_TEXT    G=(none)   M=C:\BORLAND\BCC55\LIB\CW32.LIB|scanwtod ACBP=A9
 0001:0001EDB4 000002D2 C=CODE    S=_TEXT    G=(none)   M=C:\BORLAND\BCC55\LIB\CW32.LIB|xcvt ACBP=A9
 0001:0001F088 000002F1 C=CODE    S=_TEXT    G=(none)   M=C:\BORLAND\BCC55\LIB\CW32.LIB|xcvtw ACBP=A9
 0001:0001F37C 00000139 C=CODE    S=_TEXT    G=(none)   M=C:\BORLAND\BCC55\LIB\CW32.LIB|mbctype ACBP=A9
 0001:0001F4B8 0000003D C=CODE    S=_TEXT    G=(none)   M=C:\BORLAND\BCC55\LIB\CW32.LIB|mbisalp ACBP=A9
 0001:0001F4F8 0000001A C=CODE    S=_TEXT    G=(none)   M=C:\BORLAND\BCC55\LIB\CW32.LIB|mbisdgt ACBP=A9
 0001:0001F514 0000001A C=CODE    S=_TEXT    G=(none)   M=C:\BORLAND\BCC55\LIB\CW32.LIB|mbisspc ACBP=A9
 0001:0001F530 00000050 C=CODE    S=_TEXT    G=(none)   M=C:\BORLAND\BCC55\LIB\CW32.LIB|mbschr ACBP=A9
 0001:0001F580 00000076 C=CODE    S=_TEXT    G=(none)   M=C:\BORLAND\BCC55\LIB\CW32.LIB|mbscmp ACBP=A9
 0001:0001F5F8 00000055 C=CODE    S=_TEXT    G=(none)   M=C:\BORLAND\BCC55\LIB\CW32.LIB|mbsdec ACBP=A9
 0001:0001F650 0000009B C=CODE    S=_TEXT    G=(none)   M=C:\BORLAND\BCC55\LIB\CW32.LIB|mbsicmp ACBP=A9
 0001:0001F6EC 00000054 C=CODE    S=_TEXT    G=(none)   M=C:\BORLAND\BCC55\LIB\CW32.LIB|mbsnbcpy ACBP=A9
 0001:0001F740 000000BF C=CODE    S=_TEXT    G=(none)   M=C:\BORLAND\BCC55\LIB\CW32.LIB|mbsnbicm ACBP=A9
 0001:0001F800 00000056 C=CODE    S=_TEXT    G=(none)   M=C:\BORLAND\BCC55\LIB\CW32.LIB|mbsrchr ACBP=A9
 0001:0001F858 000000A6 C=CODE    S=_TEXT    G=(none)   M=C:\BORLAND\BCC55\LIB\CW32.LIB|assert ACBP=A9
 0001:0001F900 000000B8 C=CODE    S=_TEXT    G=(none)   M=C:\BORLAND\BCC55\LIB\CW32.LIB|ermsghlp ACBP=A9
 0001:0001F9B8 00000006 C=CODE    S=_TEXT    G=(none)   M=C:\BORLAND\BCC55\LIB\CW32.LIB|errno ACBP=A9
 0001:0001F9B8 0000019B C=CODE    S=_TEXT    G=(none)   M=C:\BORLAND\BCC55\LIB\CW32.LIB|errormsg ACBP=A9
 0001:0001FB54 00000089 C=CODE    S=_TEXT    G=(none)   M=C:\BORLAND\BCC55\LIB\CW32.LIB|platform ACBP=A9
 0001:0001FBE0 00000022 C=CODE    S=_TEXT    G=(none)   M=C:\BORLAND\BCC55\LIB\CW32.LIB|abort ACBP=A9
 0001:0001FC04 000000A7 C=CODE    S=_TEXT    G=(none)   M=C:\BORLAND\BCC55\LIB\CW32.LIB|exit ACBP=A9
 0001:0001FCAC 00000057 C=CODE    S=_TEXT    G=(none)   M=C:\BORLAND\BCC55\LIB\CW32.LIB|getenv ACBP=A9
 0001:0001FD04 0000001A C=CODE    S=_TEXT    G=(none)   M=C:\BORLAND\BCC55\LIB\CW32.LIB|initwild ACBP=A9
 0001:0001FD20 00000011 C=CODE    S=_TEXT    G=(none)   M=C:\BORLAND\BCC55\LIB\CW32.LIB|exparg ACBP=A9
 0001:0001FD34 00000011 C=CODE    S=_TEXT    G=(none)   M=C:\BORLAND\BCC55\LIB\CW32.LIB|wexparg ACBP=A9
 0001:0001FD48 00000027 C=CODE    S=_TEXT    G=(none)   M=C:\BORLAND\BCC55\LIB\CW32.LIB|initargv ACBP=A9
 0001:0001FD70 0000016C C=CODE    S=_TEXT    G=(none)   M=C:\BORLAND\BCC55\LIB\CW32.LIB|setargv ACBP=A9
 0001:0001FEDC 000001E5 C=CODE    S=_TEXT    G=(none)   M=C:\BORLAND\BCC55\LIB\CW32.LIB|hsargv ACBP=A9
 0001:000200C4 00000227 C=CODE    S=_TEXT    G=(none)   M=C:\BORLAND\BCC55\LIB\CW32.LIB|whsargv ACBP=A9
 0001:000202EC 0000001D C=CODE    S=_TEXT    G=(none)   M=C:\BORLAND\BCC55\LIB\CW32.LIB|spawnl ACBP=A9
 0001:0002030C 0000001D C=CODE    S=_TEXT    G=(none)   M=C:\BORLAND\BCC55\LIB\CW32.LIB|spawnlp ACBP=A9
 0001:0002032C 0000002D C=CODE    S=_TEXT    G=(none)   M=C:\BORLAND\BCC55\LIB\CW32.LIB|srchenv ACBP=A9
 0001:0002035C 000000F5 C=CODE    S=_TEXT    G=(none)   M=C:\BORLAND\BCC55\LIB\CW32.LIB|srchstr ACBP=A9
 0001:00020454 00000045 C=CODE    S=_TEXT    G=(none)   M=C:\BORLAND\BCC55\LIB\CW32.LIB|setargv0 ACBP=A9
 0001:0002049C 0000063B C=CODE    S=_TEXT    G=(none)   M=C:\BORLAND\BCC55\LIB\CW32.LIB|loadprog ACBP=A9
 0001:00020AD8 000001A0 C=CODE    S=_TEXT    G=(none)   M=C:\BORLAND\BCC55\LIB\CW32.LIB|setenvp ACBP=A9
 0001:00020C78 000002F8 C=CODE    S=_TEXT    G=(none)   M=C:\BORLAND\BCC55\LIB\CW32.LIB|signal ACBP=A9
 0001:00020F70 000000E5 C=CODE    S=_TEXT    G=(none)   M=C:\BORLAND\BCC55\LIB\CW32.LIB|system ACBP=A9
 0001:00021058 00000006 C=CODE    S=_TEXT    G=(none)   M=C:\BORLAND\BCC55\LIB\CW32.LIB|_getpid ACBP=A9
 0001:00021060 00000157 C=CODE    S=_TEXT    G=(none)   M=C:\BORLAND\BCC55\LIB\CW32.LIB|initexit ACBP=A9
 0001:000211B8 000001A4 C=CODE    S=_TEXT    G=(none)   M=C:\BORLAND\BCC55\LIB\CW32.LIB|startup ACBP=A9
 0001:0002135C 0000004F C=CODE    S=_TEXT    G=(none)   M=C:\BORLAND\BCC55\LIB\CW32.LIB|tlsstat ACBP=A9
 0001:000213AC 000000AC C=CODE    S=_TEXT    G=(none)   M=C:\BORLAND\BCC55\LIB\CW32.LIB|ctime ACBP=A9
 0001:00021458 000001A9 C=CODE    S=_TEXT    G=(none)   M=C:\BORLAND\BCC55\LIB\CW32.LIB|gmtime ACBP=A9
 0001:00021604 000002A4 C=CODE    S=_TEXT    G=(none)   M=C:\BORLAND\BCC55\LIB\CW32.LIB|timefunc ACBP=A9
 0001:000218A8 00000006 C=CODE    S=_TEXT    G=(none)   M=C:\BORLAND\BCC55\LIB\CW32.LIB|tzdata ACBP=A9
 0001:000218B0 000001C8 C=CODE    S=_TEXT    G=(none)   M=C:\BORLAND\BCC55\LIB\CW32.LIB|tzset ACBP=A9
 0001:00021A78 00000008 C=CODE    S=_TEXT    G=(none)   M=C:\BORLAND\BCC55\LIB\CW32.LIB|_tzset ACBP=A9
 0001:00021A80 0000004D C=CODE    S=_TEXT    G=(none)   M=C:\BORLAND\BCC55\LIB\CW32.LIB|time ACBP=A9
 0001:00021AD0 00001BA2 C=CODE    S=_TEXT    G=(none)   M=C:\BORLAND\BCC55\LIB\CW32.LIB|xx ACBP=A9
 0002:0000009C 000000A4 C=DATA    S=_DATA    G=DGROUP   M=C:\BORLAND\BCC55\LIB\C0X32.OBJ ACBP=A9
 0002:00000140 000000A8 C=DATA    S=_DATA    G=DGROUP   M=C:\USERS\PETER\SOURCE\REPOS\MEMACS\XP\BCPP55\OBJ\ABBREV.OBJ ACBP=A9
 0002:000001E8 00000054 C=DATA    S=_DATA    G=DGROUP   M=C:\USERS\PETER\SOURCE\REPOS\MEMACS\XP\BCPP55\OBJ\BASIC.OBJ ACBP=A9
 0002:0000023C 00000158 C=DATA    S=_DATA    G=DGROUP   M=C:\USERS\PETER\SOURCE\REPOS\MEMACS\XP\BCPP55\OBJ\BIND.OBJ ACBP=A9
 0002:00000394 000000FC C=DATA    S=_DATA    G=DGROUP   M=C:\USERS\PETER\SOURCE\REPOS\MEMACS\XP\BCPP55\OBJ\BUFFER.OBJ ACBP=A9
 0002:00000490 0000001C C=DATA    S=_DATA    G=DGROUP   M=C:\USERS\PETER\SOURCE\REPOS\MEMACS\XP\BCPP55\OBJ\CRYPT.OBJ ACBP=A9
 0002:000004AC 000000C8 C=DATA    S=_DATA    G=DGROUP   M=C:\USERS\PETER\SOURCE\REPOS\MEMACS\XP\BCPP55\OBJ\DISPLAY.OBJ ACBP=A9
 0002:00000574 000008E4 C=DATA    S=_DATA    G=DGROUP   M=C:\USERS\PETER\SOURCE\REPOS\MEMACS\XP\BCPP55\OBJ\EVAL.OBJ ACBP=A9
 0002:00000E58 000004A8 C=DATA    S=_DATA    G=DGROUP   M=C:\USERS\PETER\SOURCE\REPOS\MEMACS\XP\BCPP55\OBJ\EXEC.OBJ ACBP=A9
 0002:00001300 000001B4 C=DATA    S=_DATA    G=DGROUP   M=C:\USERS\PETER\SOURCE\REPOS\MEMACS\XP\BCPP55\OBJ\FILE.OBJ ACBP=A9
 0002:000014B4 00000054 C=DATA    S=_DATA    G=DGROUP   M=C:\USERS\PETER\SOURCE\REPOS\MEMACS\XP\BCPP55\OBJ\FILEIO.OBJ ACBP=A9
 0002:00001508 00000068 C=DATA    S=_DATA    G=DGROUP   M=C:\USERS\PETER\SOURCE\REPOS\MEMACS\XP\BCPP55\OBJ\INPUT.OBJ ACBP=A9
 0002:00001570 00000050 C=DATA    S=_DATA    G=DGROUP   M=C:\USERS\PETER\SOURCE\REPOS\MEMACS\XP\BCPP55\OBJ\ISEARCH.OBJ ACBP=A9
 0002:000015C0 00000070 C=DATA    S=_DATA    G=DGROUP   M=C:\USERS\PETER\SOURCE\REPOS\MEMACS\XP\BCPP55\OBJ\LINE.OBJ ACBP=A9
 0002:00001630 00002700 C=DATA    S=_DATA    G=DGROUP   M=C:\USERS\PETER\SOURCE\REPOS\MEMACS\XP\BCPP55\OBJ\MAIN.OBJ ACBP=A9
 0002:00003D30 00000018 C=DATA    S=_DATA    G=DGROUP   M=C:\USERS\PETER\SOURCE\REPOS\MEMACS\XP\BCPP55\OBJ\MOUSE.OBJ ACBP=A9
 0002:00003D48 000000A8 C=DATA    S=_DATA    G=DGROUP   M=C:\USERS\PETER\SOURCE\REPOS\MEMACS\XP\BCPP55\OBJ\RANDOM.OBJ ACBP=A9
 0002:00003DF0 000000C8 C=DATA    S=_DATA    G=DGROUP   M=C:\USERS\PETER\SOURCE\REPOS\MEMACS\XP\BCPP55\OBJ\REGION.OBJ ACBP=A9
 0002:00003EB8 000000E8 C=DATA    S=_DATA    G=DGROUP   M=C:\USERS\PETER\SOURCE\REPOS\MEMACS\XP\BCPP55\OBJ\REPLACE.OBJ ACBP=A9
 0002:00003FA0 000000DC C=DATA    S=_DATA    G=DGROUP   M=C:\USERS\PETER\SOURCE\REPOS\MEMACS\XP\BCPP55\OBJ\SCREEN.OBJ ACBP=A9
 0002:0000407C 000000B8 C=DATA    S=_DATA    G=DGROUP   M=C:\USERS\PETER\SOURCE\REPOS\MEMACS\XP\BCPP55\OBJ\SEARCH.OBJ ACBP=A9
 0002:00004134 0000010C C=DATA    S=_DATA    G=DGROUP   M=C:\USERS\PETER\SOURCE\REPOS\MEMACS\XP\BCPP55\OBJ\TAGS.OBJ ACBP=A9
 0002:00004240 00000084 C=DATA    S=_DATA    G=DGROUP   M=C:\USERS\PETER\SOURCE\REPOS\MEMACS\XP\BCPP55\OBJ\UNDO.OBJ ACBP=A9
 0002:000042C4 0000010C C=DATA    S=_DATA    G=DGROUP   M=C:\USERS\PETER\SOURCE\REPOS\MEMACS\XP\BCPP55\OBJ\WINDOW.OBJ ACBP=A9
 0002:000043D0 00000050 C=DATA    S=_DATA    G=DGROUP   M=C:\USERS\PETER\SOURCE\REPOS\MEMACS\XP\BCPP55\OBJ\WORD.OBJ ACBP=A9
 0002:00004420 0000007C C=DATA    S=_DATA    G=DGROUP   M=C:\USERS\PETER\SOURCE\REPOS\MEMACS\XP\BCPP55\OBJ\XP.OBJ ACBP=A9
 0002:0000449C 000000D4 C=DATA    S=_DATA    G=DGROUP   M=C:\USERS\PETER\SOURCE\REPOS\MEMACS\XP\BCPP55\OBJ\XPCONIO.OBJ ACBP=A9
 0002:00004570 00000004 C=DATA    S=_DATA    G=DGROUP   M=C:\BORLAND\BCC55\LIB\CW32.LIB|virtmem ACBP=A9
 0002:00004574 00000098 C=DATA    S=_DATA    G=DGROUP   M=C:\BORLAND\BCC55\LIB\CW32.LIB|hrdir_b ACBP=A9
 0002:0000460C 00000020 C=DATA    S=_DATA    G=DGROUP   M=C:\BORLAND\BCC55\LIB\CW32.LIB|hrdir_s ACBP=A9
 0002:0000462C 00000040 C=DATA    S=_DATA    G=DGROUP   M=C:\BORLAND\BCC55\LIB\CW32.LIB|heap ACBP=A9
 0002:0000466C 00000004 C=DATA    S=_DATA    G=DGROUP   M=C:\BORLAND\BCC55\LIB\CW32.LIB|xx_xpf ACBP=A9
 0002:00004670 00000330 C=DATA    S=_DATA    G=DGROUP   M=C:\BORLAND\BCC55\LIB\CW32.LIB|xxtype ACBP=A9
 0002:00004990 0000003C C=DATA    S=_DATA    G=DGROUP   M=C:\BORLAND\BCC55\LIB\CW32.LIB|xxut ACBP=A9
 0002:000049CC 000000E4 C=DATA    S=_DATA    G=DGROUP   M=C:\BORLAND\BCC55\LIB\CW32.LIB|xxv ACBP=A9
 0002:00004AB0 00000014 C=DATA    S=_DATA    G=DGROUP   M=C:\BORLAND\BCC55\LIB\CW32.LIB|except ACBP=A9
 0002:00004AC4 00000004 C=DATA    S=_DATA    G=DGROUP   M=C:\BORLAND\BCC55\LIB\CW32.LIB|_cfinfo ACBP=A9
 0002:00004AC8 00000004 C=DATA    S=_DATA    G=DGROUP   M=C:\BORLAND\BCC55\LIB\CW32.LIB|_umask ACBP=A9
 0002:00004ACC 00000004 C=DATA    S=_DATA    G=DGROUP   M=C:\BORLAND\BCC55\LIB\CW32.LIB|cfinfo ACBP=A9
 0002:00004AD0 000004B0 C=DATA    S=_DATA    G=DGROUP   M=C:\BORLAND\BCC55\LIB\CW32.LIB|files ACBP=A9
 0002:00004F80 000000CC C=DATA    S=_DATA    G=DGROUP   M=C:\BORLAND\BCC55\LIB\CW32.LIB|files2 ACBP=A9
 0002:0000504C 00000004 C=DATA    S=_DATA    G=DGROUP   M=C:\BORLAND\BCC55\LIB\CW32.LIB|fmode ACBP=A9
 0002:00005050 00000004 C=DATA    S=_DATA    G=DGROUP   M=C:\BORLAND\BCC55\LIB\CW32.LIB|fmodeptr ACBP=A9
 0002:00005054 0000012B C=DATA    S=_DATA    G=DGROUP   M=C:\BORLAND\BCC55\LIB\CW32.LIB|ioerror ACBP=A9
 0002:00005180 0000000C C=DATA    S=_DATA    G=DGROUP   M=C:\BORLAND\BCC55\LIB\CW32.LIB|mkname ACBP=A9
 0002:0000518C 00000008 C=DATA    S=_DATA    G=DGROUP   M=C:\BORLAND\BCC55\LIB\CW32.LIB|mktemp ACBP=A9
 0002:00005194 0000047C C=DATA    S=_DATA    G=DGROUP   M=C:\BORLAND\BCC55\LIB\CW32.LIB|perror ACBP=A9
 0002:00005610 00000082 C=DATA    S=_DATA    G=DGROUP   M=C:\BORLAND\BCC55\LIB\CW32.LIB|scanner ACBP=A9
 0002:00005694 00000076 C=DATA    S=_DATA    G=DGROUP   M=C:\BORLAND\BCC55\LIB\CW32.LIB|vprinter ACBP=A9
 0002:0000570C 00000202 C=DATA    S=_DATA    G=DGROUP   M=C:\BORLAND\BCC55\LIB\CW32.LIB|bigctype ACBP=A9
 0002:00005910 0000003C C=DATA    S=_DATA    G=DGROUP   M=C:\BORLAND\BCC55\LIB\CW32.LIB|cconv ACBP=A9
 0002:0000594C 00000050 C=DATA    S=_DATA    G=DGROUP   M=C:\BORLAND\BCC55\LIB\CW32.LIB|convt ACBP=A9
 0002:0000599C 00000100 C=DATA    S=_DATA    G=DGROUP   M=C:\BORLAND\BCC55\LIB\CW32.LIB|clower ACBP=A9
 0002:00005A9C 00000100 C=DATA    S=_DATA    G=DGROUP   M=C:\BORLAND\BCC55\LIB\CW32.LIB|cupper ACBP=A9
 0002:00005B9C 00000118 C=DATA    S=_DATA    G=DGROUP   M=C:\BORLAND\BCC55\LIB\CW32.LIB|locale ACBP=A9
 0002:00005CB4 00000260 C=DATA    S=_DATA    G=DGROUP   M=C:\BORLAND\BCC55\LIB\CW32.LIB|clocale ACBP=A9
 0002:00005F14 00000068 C=DATA    S=_DATA    G=DGROUP   M=C:\BORLAND\BCC55\LIB\CW32.LIB|initcat ACBP=A9
 0002:00005F7C 000000C0 C=DATA    S=_DATA    G=DGROUP   M=C:\BORLAND\BCC55\LIB\CW32.LIB|_pow10 ACBP=A9
 0002:0000603C 00000068 C=DATA    S=_DATA    G=DGROUP   M=C:\BORLAND\BCC55\LIB\CW32.LIB|cvtfak ACBP=A9
 0002:000060A4 00000068 C=DATA    S=_DATA    G=DGROUP   M=C:\BORLAND\BCC55\LIB\CW32.LIB|cvtfakw ACBP=A9
 0002:0000610C 00000004 C=DATA    S=_DATA    G=DGROUP   M=C:\BORLAND\BCC55\LIB\CW32.LIB|deflt87 ACBP=A9
 0002:00006110 0000007C C=DATA    S=_DATA    G=DGROUP   M=C:\BORLAND\BCC55\LIB\CW32.LIB|hugeval ACBP=A9
 0002:0000618C 00000008 C=DATA    S=_DATA    G=DGROUP   M=C:\BORLAND\BCC55\LIB\CW32.LIB|initcvt ACBP=A9
 0002:00006194 00000008 C=DATA    S=_DATA    G=DGROUP   M=C:\BORLAND\BCC55\LIB\CW32.LIB|mathptr ACBP=A9
 0002:0000619C 00000014 C=DATA    S=_DATA    G=DGROUP   M=C:\BORLAND\BCC55\LIB\CW32.LIB|realcvt ACBP=A9
 0002:000061B0 00000028 C=DATA    S=_DATA    G=DGROUP   M=C:\BORLAND\BCC55\LIB\CW32.LIB|realcvtw ACBP=A9
 0002:000061D8 00000028 C=DATA    S=_DATA    G=DGROUP   M=C:\BORLAND\BCC55\LIB\CW32.LIB|scantod ACBP=A9
 0002:00006200 00000028 C=DATA    S=_DATA    G=DGROUP   M=C:\BORLAND\BCC55\LIB\CW32.LIB|scanwtod ACBP=A9
 0002:00006228 00000048 C=DATA    S=_DATA    G=DGROUP   M=C:\BORLAND\BCC55\LIB\CW32.LIB|mbctype ACBP=A9
 0002:00006270 00000024 C=DATA    S=_DATA    G=DGROUP   M=C:\BORLAND\BCC55\LIB\CW32.LIB|assert ACBP=A9
 0002:00006294 00000024 C=DATA    S=_DATA    G=DGROUP   M=C:\BORLAND\BCC55\LIB\CW32.LIB|ermsghlp ACBP=A9
 0002:000062B8 00000004 C=DATA    S=_DATA    G=DGROUP   M=C:\BORLAND\BCC55\LIB\CW32.LIB|errno ACBP=A9
 0002:000062BC 00000010 C=DATA    S=_DATA    G=DGROUP   M=C:\BORLAND\BCC55\LIB\CW32.LIB|errormsg ACBP=A9
 0002:000062CC 00000028 C=DATA    S=_DATA    G=DGROUP   M=C:\BORLAND\BCC55\LIB\CW32.LIB|platform ACBP=A9
 0002:000062F4 00000020 C=DATA    S=_DATA    G=DGROUP   M=C:\BORLAND\BCC55\LIB\CW32.LIB|abort ACBP=A9
 0002:00006314 00000004 C=DATA    S=_DATA    G=DGROUP   M=C:\BORLAND\BCC55\LIB\CW32.LIB|patexit ACBP=A9
 0002:00006318 0000000C C=DATA    S=_DATA    G=DGROUP   M=C:\BORLAND\BCC55\LIB\CW32.LIB|exit ACBP=A9
 0002:00006324 00000008 C=DATA    S=_DATA    G=DGROUP   M=C:\BORLAND\BCC55\LIB\CW32.LIB|saptr ACBP=A9
 0002:0000632C 00000008 C=DATA    S=_DATA    G=DGROUP   M=C:\BORLAND\BCC55\LIB\CW32.LIB|wsaptr ACBP=A9
 0002:00006334 00000054 C=DATA    S=_DATA    G=DGROUP   M=C:\BORLAND\BCC55\LIB\CW32.LIB|setargv ACBP=A9
 0002:00006388 00000028 C=DATA    S=_DATA    G=DGROUP   M=C:\BORLAND\BCC55\LIB\CW32.LIB|hsargv ACBP=A9
 0002:000063B0 00000024 C=DATA    S=_DATA    G=DGROUP   M=C:\BORLAND\BCC55\LIB\CW32.LIB|whsargv ACBP=A9
 0002:000063D4 00000004 C=DATA    S=_DATA    G=DGROUP   M=C:\BORLAND\BCC55\LIB\CW32.LIB|srchenv ACBP=A9
 0002:000063D8 00000004 C=DATA    S=_DATA    G=DGROUP   M=C:\BORLAND\BCC55\LIB\CW32.LIB|srchstr ACBP=A9
 0002:000063DC 00000004 C=DATA    S=_DATA    G=DGROUP   M=C:\BORLAND\BCC55\LIB\CW32.LIB|wildptr ACBP=A9
 0002:000063E0 00000004 C=DATA    S=_DATA    G=DGROUP   M=C:\BORLAND\BCC55\LIB\CW32.LIB|wwildptr ACBP=A9
 0002:000063E4 00000020 C=DATA    S=_DATA    G=DGROUP   M=C:\BORLAND\BCC55\LIB\CW32.LIB|setargv0 ACBP=A9
 0002:00006404 00000030 C=DATA    S=_DATA    G=DGROUP   M=C:\BORLAND\BCC55\LIB\CW32.LIB|loadprog ACBP=A9
 0002:00006434 00000054 C=DATA    S=_DATA    G=DGROUP   M=C:\BORLAND\BCC55\LIB\CW32.LIB|setenvp ACBP=A9
 0002:00006488 0000005E C=DATA    S=_DATA    G=DGROUP   M=C:\BORLAND\BCC55\LIB\CW32.LIB|signal ACBP=A9
 0002:000064E8 0000001C C=DATA    S=_DATA    G=DGROUP   M=C:\BORLAND\BCC55\LIB\CW32.LIB|system ACBP=A9
 0002:00006504 00000004 C=DATA    S=_DATA    G=DGROUP   M=C:\BORLAND\BCC55\LIB\CW32.LIB|globals ACBP=A9
 0002:00006508 00000004 C=DATA    S=_DATA    G=DGROUP   M=C:\BORLAND\BCC55\LIB\CW32.LIB|initexit ACBP=A9
 0002:0000650C 00000024 C=DATA    S=_DATA    G=DGROUP   M=C:\BORLAND\BCC55\LIB\CW32.LIB|ctime ACBP=A9
 0002:00006530 000001C4 C=DATA    S=_DATA    G=DGROUP   M=C:\BORLAND\BCC55\LIB\CW32.LIB|timedata ACBP=A9
 0002:000066F4 00000008 C=DATA    S=_DATA    G=DGROUP   M=C:\BORLAND\BCC55\LIB\CW32.LIB|tzdata ACBP=A9
 0002:000066FC 00000010 C=DATA    S=_DATA    G=DGROUP   M=C:\BORLAND\BCC55\LIB\CW32.LIB|tzset ACBP=A9
 0002:0000670C 0000088C C=DATA    S=_DATA    G=DGROUP   M=C:\BORLAND\BCC55\LIB\CW32.LIB|xx ACBP=A9
 0003:00000000 00000100 C=BSS     S=_BSS     G=DGROUP   M=C:\USERS\PETER\SOURCE\REPOS\MEMACS\XP\BCPP55\OBJ\BIND.OBJ ACBP=A9
 0003:00000100 00000008 C=BSS     S=_BSS     G=DGROUP   M=C:\USERS\PETER\SOURCE\REPOS\MEMACS\XP\BCPP55\OBJ\DISPLAY.OBJ ACBP=A9
 0003:00000108 00000E1A C=BSS     S=_BSS     G=DGROUP   M=C:\USERS\PETER\SOURCE\REPOS\MEMACS\XP\BCPP55\OBJ\EVAL.OBJ ACBP=A9
 0003:00000F24 00000008 C=BSS     S=_BSS     G=DGROUP   M=C:\USERS\PETER\SOURCE\REPOS\MEMACS\XP\BCPP55\OBJ\FILEIO.OBJ ACBP=A9
 0003:00000F2C 00000200 C=BSS     S=_BSS     G=DGROUP   M=C:\USERS\PETER\SOURCE\REPOS\MEMACS\XP\BCPP55\OBJ\INPUT.OBJ ACBP=A9
 0003:0000112C 00000408 C=BSS     S=_BSS     G=DGROUP   M=C:\USERS\PETER\SOURCE\REPOS\MEMACS\XP\BCPP55\OBJ\ISEARCH.OBJ ACBP=A9
 0003:00001534 00006E08 C=BSS     S=_BSS     G=DGROUP   M=C:\USERS\PETER\SOURCE\REPOS\MEMACS\XP\BCPP55\OBJ\MAIN.OBJ ACBP=A9
 0003:0000833C 00000004 C=BSS     S=_BSS     G=DGROUP   M=C:\USERS\PETER\SOURCE\REPOS\MEMACS\XP\BCPP55\OBJ\REPLACE.OBJ ACBP=A9
 0003:00008340 000000A4 C=BSS     S=_BSS     G=DGROUP   M=C:\USERS\PETER\SOURCE\REPOS\MEMACS\XP\BCPP55\OBJ\SEARCH.OBJ ACBP=A9
 0003:000083E4 00000920 C=BSS     S=_BSS     G=DGROUP   M=C:\USERS\PETER\SOURCE\REPOS\MEMACS\XP\BCPP55\OBJ\XP.OBJ ACBP=A9
 0003:00008D04 00040184 C=BSS     S=_BSS     G=DGROUP   M=C:\USERS\PETER\SOURCE\REPOS\MEMACS\XP\BCPP55\OBJ\XPCONIO.OBJ ACBP=A9
 0003:00048E88 00000018 C=BSS     S=_BSS     G=DGROUP   M=C:\BORLAND\BCC55\LIB\CW32.LIB|hrdir_b ACBP=A9
 0003:00048EA0 00000410 C=BSS     S=_BSS     G=DGROUP   M=C:\BORLAND\BCC55\LIB\CW32.LIB|xxtype ACBP=A9
 0003:000492B0 00000008 C=BSS     S=_BSS     G=DGROUP   M=C:\BORLAND\BCC55\LIB\CW32.LIB|xxv ACBP=A9
 0003:000492B8 00000008 C=BSS     S=_BSS     G=DGROUP   M=C:\BORLAND\BCC55\LIB\CW32.LIB|except ACBP=A9
 0003:000492C0 00000190 C=BSS     S=_BSS     G=DGROUP   M=C:\BORLAND\BCC55\LIB\CW32.LIB|files2 ACBP=A9
 0003:00049450 00000004 C=BSS     S=_BSS     G=DGROUP   M=C:\BORLAND\BCC55\LIB\CW32.LIB|ioerror ACBP=A9
 0003:00049454 00000001 C=BSS     S=_BSS     G=DGROUP   M=C:\BORLAND\BCC55\LIB\CW32.LIB|lgetc ACBP=A9
 0003:00049458 0000000F C=BSS     S=_BSS     G=DGROUP   M=C:\BORLAND\BCC55\LIB\CW32.LIB|mkname ACBP=A9
 0003:00049468 00000108 C=BSS     S=_BSS     G=DGROUP   M=C:\BORLAND\BCC55\LIB\CW32.LIB|mbctype ACBP=A9
 0003:00049570 00000100 C=BSS     S=_BSS     G=DGROUP   M=C:\BORLAND\BCC55\LIB\CW32.LIB|assert ACBP=A9
 0003:00049670 00000019 C=BSS     S=_BSS     G=DGROUP   M=C:\BORLAND\BCC55\LIB\CW32.LIB|ermsghlp ACBP=A9
 0003:0004968C 00000004 C=BSS     S=_BSS     G=DGROUP   M=C:\BORLAND\BCC55\LIB\CW32.LIB|platform ACBP=A9
 0003:00049690 0000000C C=BSS     S=_BSS     G=DGROUP   M=C:\BORLAND\BCC55\LIB\CW32.LIB|setargv ACBP=A9
 0003:0004969C 00000004 C=BSS     S=_BSS     G=DGROUP   M=C:\BORLAND\BCC55\LIB\CW32.LIB|hsargv ACBP=A9
 0003:000496A0 00000004 C=BSS     S=_BSS     G=DGROUP   M=C:\BORLAND\BCC55\LIB\CW32.LIB|whsargv ACBP=A9
 0003:000496A4 00000010 C=BSS     S=_BSS     G=DGROUP   M=C:\BORLAND\BCC55\LIB\CW32.LIB|setenvp ACBP=A9
 0003:000496B4 00000040 C=BSS     S=_BSS     G=DGROUP   M=C:\BORLAND\BCC55\LIB\CW32.LIB|globals ACBP=A9
 0003:000496F4 0000001A C=BSS     S=_BSS     G=DGROUP   M=C:\BORLAND\BCC55\LIB\CW32.LIB|ctime ACBP=A9
 0003:00049710 00000024 C=BSS     S=_BSS     G=DGROUP   M=C:\BORLAND\BCC55\LIB\CW32.LIB|gmtime ACBP=A9
 0003:00049734 00000008 C=BSS     S=_BSS     G=DGROUP   M=C:\BORLAND\BCC55\LIB\CW32.LIB|tzset ACBP=A9
 0003:0004973C 00000010 C=BSS     S=_BSS     G=DGROUP   M=C:\BORLAND\BCC55\LIB\CW32.LIB|xx ACBP=A9
 0004:00000000 0000009C C=TLS     S=_TLS     G=DGROUP   M=C:\BORLAND\BCC55\LIB\CW32.LIB|xxv ACBP=A9

  Address         Publics by Name

 0001:00000140      Sysinit::__linkproc__ __fastcall GetTls()
 0002:00005DC4      _CLOCALE
 0002:00005CB4      _CMonetary
 0002:00005CE8      _CNumeric
 0002:00005D00      _CTimeDate
 0001:000222FC      _CatchCleanup()
 0001:0001794C      _InitTermAndUnexPtrs()
 0001:00015848      _PendingScreenResize
 0001:00022155      _ReThrowException(unsigned int, unsigned char *)
 0001:00022120      _ThrowExceptionLDTC(void *, void *, void *, void *, unsigned int, unsigned int, unsigned int, unsigned char *, void *)
 0002:000065C8      __AmPm
 0003:000496B4      __C0argc
 0003:000496B8      __C0argv
 0003:000496BC      __C0environ
 0001:0002361E      __CurrExcContext
 0002:000065D0      __Days
 0003:000492B0      __DestructorCountPtr
 0001:0001FB3C      __ErrorExit
 0001:0001FA10      __ErrorMessage
 0001:0001F950      __ErrorMessageHelper
 0003:000496D4      __ExcRegPtr
 0001:00017AC4      __ExceptInit
 0002:00004A68      __ExceptVarsSize
 0001:000171CF      __ExceptionHandler
 0001:000171C1      __ExitExceptBlock
 0001:00000059      __GetExceptDLLinfo
 0001:00017B10      __GetExceptDLLinfoInternal
 0001:000221C0      __Global_unwind
 0003:000492B8      __HandlerPtr
 0001:00017CAC      __InitDefaultHander
 0001:00017188      __InitExceptBlockLDTC
 0002:00006598      __LMonth
 0002:0000654C      __LWeekday
 0001:000206AC      __LoadProg
 0001:0002282C      __Local_unwind
 0002:00000138      __PackageInfoTable
 0001:0002283F      __Return_unwind
 0002:00006568      __SMonth
 0002:00006530      __SWeekday
 0001:00017CC0      __SetExceptionHandler
 0001:00017C60      __SetUserHandler
 0002:00000127      __TLS_index
 0002:0000012B      __TLS_index4
 0001:00017CD5      __UnsetExceptionHandler
 0001:00017D01      __UnwindException
 0003:000492BC      __UserHandlerPtr
 0002:000065DC      __YDays
 0002:00000134      ___CPPdebugHook
 0002:00000134      ___CPPdebugHook_segment
 0002:000049CC      ___CPPexceptionList
 0001:00015EE0      ___CRTL_MEM_CheckBorMem
 0001:00015E64      ___CRTL_MEM_GetBorMemPtrs
 0001:00015F1C      ___CRTL_MEM_Revector
 0001:00015FD4      ___CRTL_MEM_UseBorMM
 0001:0002135C      ___CRTL_TLS_Alloc
 0001:000213A0      ___CRTL_TLS_ExitThread
 0001:00021364      ___CRTL_TLS_Free
 0001:000213A8      ___CRTL_TLS_GetInfo
 0001:00021374      ___CRTL_TLS_GetValue
 0001:00021398      ___CRTL_TLS_InitThread
 0001:00021384      ___CRTL_TLS_SetValue
 0001:00016C3C      ___CRTL_VCLLIB_Linkage
 0001:00016C38      ___CRTL_VCL_Init
 0001:000193BC      ___DOSerror
 0001:00017B38      ___DefHandler
 0001:0001FB2C      ___ErrorMessage
 0002:000049E8      ___ExceptStaticXbuff
 0001:00019378      ___IOerror
 0001:00021AFB      ___JumpToCatch__
 0001:000193DC      ___NTerror
 0001:00000140      ___System__GetTls
 0001:000228A0      ____ExceptionHandler
 0001:00017D2C      ___access
 0002:00004668      ___allocated
 0001:00017A18      ___call_terminate
 0001:00017A8C      ___call_unexpected
 0001:00017D68      ___close
 0002:0000670C      ___debuggerDisableTerminateCallback
 0001:00017D0E      ___doGlobalUnwind
 0001:00017DC8      ___eof
 0002:000049D0      ___exceptFlags
 0002:000049E4      ___exceptMemAllocVars
 0002:000049E0      ___exceptStaticBuffP
 0001:00018C8C      ___fputn
 0001:00018C34      ___getfp
 0002:00006154      ___ieee_64_n_inf
 0002:00006164      ___ieee_64_n_nanq
 0002:00006174      ___ieee_64_n_nans
 0002:00006184      ___ieee_64_n_zero
 0002:0000614C      ___ieee_64_p_inf
 0002:0000615C      ___ieee_64_p_nanq
 0002:0000616C      ___ieee_64_p_nans
 0002:0000617C      ___ieee_64_p_zero
 0001:0001DA20      ___int64toa
 0002:00000119      ___isDLL
 0002:000000E0      ___isGUI
 0002:00000118      ___isVCLPackage
 0001:00017E50      ___isatty
 0001:00017E80      ___isatty_osfhandle
 0001:0001B4AC      ___isctype
 0001:0001B4F0      ___iswctype
 0001:0001DAD4      ___ldtrunc
 0002:00005DF0      ___locale
 0002:00005BA0      ___localeLock
 0001:0001DBEC      ___longtoa
 0001:00017E98      ___lseek
 0002:00005B9C      ___mb_cur_max
 0001:000196A0      ___mkname
 0001:0001D95E      ___nextreal
 0001:00017F10      ___open
 0001:00018B88      ___openfp
 0001:000169A4      ___org__expand
 0001:00019490      ___org__fgetc
 0001:00018410      ___org__fputc
 0001:00018EA8      ___org__fullpath
 0001:00018F7C      ___org__getdcwd
 0001:0001DCF4      ___org__matherr
 0001:0001DD20      ___org__matherrl
 0001:00016C1C      ___org__msize
 0001:00018480      ___org__read
 0001:00018438      ___org__rtl_read
 0001:000184A4      ___org__rtl_write
 0001:0002032C      ___org__searchenv
 0001:0002035C      ___org__searchstr
 0001:000184EC      ___org__write
 0001:00018508      ___org_access
 0001:00021404      ___org_asctime
 0001:0001D904      ___org_atoi
 0001:0001D89C      ___org_atol
 0001:00015CE4      ___org_calloc
 0001:00021430      ___org_ctime
 0001:00015D10      ___org_delete
 0001:00015D20      ___org_deletea
 0001:00018590      ___org_fclose
 0001:0001887C      ___org_fflush
 0001:000194A8      ___org_fgetc
 0001:000188FC      ___org_fgets
 0001:00018C60      ___org_fopen
 0001:00019590      ___org_fputc
 0001:00015EF4      ___org_free
 0001:00018DC4      ___org_fseek
 0001:00018E28      ___org_ftell
 0001:0001FCAC      ___org_getenv
 0001:000215C4      ___org_gmtime
 0001:0001DC7C      ___org_itoa
 0001:000215DC      ___org_localtime
 0001:0001D70C      ___org_ltoa
 0001:00015EE4      ___org_malloc
 0001:0001D03C      ___org_mblen
 0001:0001D200      ___org_mbstowcs
 0001:0001D0B8      ___org_mbtowc
 0001:00016C40      ___org_memchr
 0001:00016F74      ___org_memcmp
 0001:00016C60      ___org_memcpy
 0001:00016C84      ___org_memmove
 0001:00016CD0      ___org_memset
 0001:00018430      ___org_mktemp
 0001:000197E0      ___org_printf
 0001:00019804      ___org_puts
 0001:00020F00      ___org_raise
 0001:00015F04      ___org_realloc
 0001:00019854      ___org_rename
 0001:0001A2D8      ___org_setvbuf
 0001:000202EC      ___org_spawnl
 0001:0002030C      ___org_spawnlp
 0001:0001A350      ___org_sprintf
 0001:0001A3CC      ___org_sscanf
 0001:00016D74      ___org_strcat
 0001:00016DB0      ___org_strchr
 0001:00016E04      ___org_strcmp
 0001:00016E50      ___org_strcpy
 0001:00016FE0      ___org_strdup
 0001:00016E80      ___org_strlen
 0001:00016EDC      ___org_strncat
 0001:00016F4C      ___org_strncmp
 0001:00017014      ___org_strncpy
 0001:00017064      ___org_strrev
 0001:000170A4      ___org_strstr
 0001:00021A80      ___org_time
 0001:0001DCAC      ___org_ultoa
 0001:0001849C      ___org_unlink
 0001:0001A378      ___org_vsprintf
 0001:0001A3F0      ___org_vsscanf
 0001:0001D368      ___org_wcstombs
 0001:0001D18C      ___org_wctomb
 0003:00049740      ___pCPPdebugHook
 0002:00006314      ___pCallAtExitProcs
 0001:00021D65      ___raiseDebuggerException
 0001:00018178      ___read
 0001:0001D958      ___realcvt
 0001:0001A0AC      ___scantoint64
 0002:00004990      ___terminatePTR
 0002:000049DC      ___throwExceptionName
 0002:000049D4      ___throwFileName
 0002:000049D8      ___throwLineNumber
 0001:000196F0      ___tmpnam
 0002:00004994      ___unexpectdPTR
 0002:00000126      ___useDynamicTLS
 0001:0001DC60      ___utoa
 0001:0001A5F8      ___vprinter
 0001:000182A8      ___write
 0001:0001EDB4      ___xcvt
 0001:0001F088      ___xcvtw
 0004:00000000      ___xxInfo
 0002:0000466C      ___xxPersonality
 0001:0001FBE0      __abort
 0001:00000000      __acrtused
 0001:0001C528      __addCategoryName
 0002:00006404      __add_pid_ptr
 0001:000178D0      __adjustClassAdr(void *, tpid *, tpid *)
 0001:0001C6C8      __allocAndGetValue
 0001:00018510      __allocbuf
 0003:000496C8      __argc
 0003:00049690      __argv
 0002:000063E4      __argv0
 0001:0001FD20      __argv_default_expand
 0002:000063DC      __argv_expand_ptr
 0001:0001F8A0      __assert
 0001:000213AC      __atime
 0003:00048E88      __bormm_pfn_FreeMem
 0003:00048E8C      __bormm_pfn_GetMem
 0003:00048E94      __bormm_pfn_HeapAddRef
 0003:00048E98      __bormm_pfn_HeapRelease
 0003:00048E90      __bormm_pfn_ReallocMem
 0001:0001FC9C      __c_exit
 0001:0001FC8C      __cexit
 0002:00004AC4      __cfinfo_get
 0002:0000570C      __chartype
 0002:00004A7C      __chtbl__ __call_terminate()
 0002:00004998      __chtbl__ std::terminate()
 0001:0001BF5C      __cleanCategories
 0001:0001BADC      __cleanLocale
 0001:0002114C      __cleanup
 0001:0001D914      __clear87
 0002:00006388      __cmdline_escapes
 0001:0001D928      __control87
 0001:00021070      __create_shmem
 0001:0001E0A4      __cvt_init
 0001:0001E3D8      __cvt_initw
 0002:000066F8      __daylight
 0002:0000610C      __default87
 0003:000496CC      __dll_table
 0002:00005054      __dosErrorToSV
 0003:00049450      __doserrno
 0001:0002049C      __dummy_add_pid
 0001:000190FC      __dup_handle
 0002:00004A9C      __ectbl__ __call_terminate()
 0002:000049B8      __ectbl__ std::terminate()
 0003:000496B0      __env_lock
 0003:000496A4      __environ
 0003:000496AC      __envsize
 0003:000496E8      __exe_table
 0001:0001FC74      __exit
 0001:00017C98      __exit_except
 0001:0001A4D0      __exit_streams
 0001:0001FDF8      __exitargv
 0002:00006328      __exitargv_ptr
 0002:00006318      __exitbuf
 0002:0000631C      __exitfopen
 0002:00006320      __exitopen
 0001:000169A4      __expand
 0001:00020B0C      __expandblock
 0001:00019490      __fgetc
 0002:00004ACC      __fileinfo
 0001:00018858      __findclose
 0001:00018818      __findfirst
 0001:00018620      __findnext
 0002:00004648      __firstHeap
 0002:00006190      __floatconvert
 0001:000183D8      __flushall
 0001:00018A2C      __flushout
 0002:0000504C      __fmode
 0002:00005050      __fmodeptr
 0001:0001D9A0      __fpreset
 0001:00018410      __fputc
 0002:00004654      __freeStart
 0001:00019164      __free_handle
 0001:00015FC4      __free_heaps
 0001:0001D9B8      __fuildq
 0001:0001D9E8      __fuistq
 0001:00018EA8      __fullpath
 0001:0001DA0C      __fxam
 0001:00000066      __getHInstance
 0001:0001BB48      __getLocale
 0001:0001B250      __getLocaleNumericInfo
 0001:0001C724      __getShortValue
 0001:000190BC      __get_handle
 0001:00018F7C      __getdcwd
 0001:0001F4A0      __getmbcp
 0001:00021058      __getpid
 0002:0000012F      __hInstance
 0001:00020034      __handle_exitargv
 0001:0001FEDC      __handle_setargv
 0001:00020258      __handle_wexitargv
 0001:000200C4      __handle_wsetargv
 0003:00049388      __handles
 0002:00004610      __heap_redirector
 0002:00006114      __huge_dble
 0002:00006110      __huge_flt
 0002:0000611C      __huge_ldble
 0002:0000613C      __indefinite
 0001:0001BAD8      __initLocale
 0001:0001F4A8      __initMBCSTable
 0001:00017C80      __init_except
 0001:00021078      __init_exit_proc
 0001:0001921C      __init_handles
 0001:0001FD48      __init_setargv_handlers
 0001:0001A414      __init_streams
 0001:0001FD04      __init_wild_handlers
 0001:00018A98      __initfileinfo
 0001:00018A88      __initfmode
 0001:0001DD50      __initmatherr
 0001:000165BC      __internal_free
 0001:00016944      __internal_free_heaps
 0001:0001672C      __internal_malloc
 0001:00016B84      __internal_realloc
 0001:000177C0      __isCompatTypeID(tpid *, tpid *, int, tpid * *)
 0001:0000005E      __isDLL
 0001:00021604      __isDST
 0001:000176E4      __isSameTypeID(tpid *, tpid *)
 0002:00006504      __isWindows
 0001:0001F4B8      __ismbcalpha
 0001:0001F4F8      __ismbcdigit
 0001:0001F514      __ismbcspace
 0002:00006228      __kalpha
 0002:0000622A      __kpunct
 0002:0000464C      __lastHeap
 0002:00004650      __linktable
 0001:0001D52F      __lldiv
 0001:0001D5F0      __llmod
 0001:0001D50C      __llmul
 0001:0001CED8      __llocaleconv
 0001:0001D6B8      __llshl
 0001:0001D6D4      __llshr
 0001:0001D5A7      __lludiv
 0001:0001D66A      __llumod
 0001:0001D6F0      __llushr
 0002:00005910      __localeconvention
 0001:0001BAC0      __lockLocale
 0002:0000599C      __lower
 0001:0001CF70      __lstrlwr
 0001:0001DCCC      __ltoa
 0001:0001CF94      __ltolower
 0001:0001CFE8      __ltoupper
 0001:0001DCF4      __matherr
 0001:0001DD20      __matherrl
 0002:0000612A      __max_dble
 0002:00006126      __max_flt
 0002:00006132      __max_ldble
 0003:0004956C      __mbcsCodePage
 0003:00049468      __mbctype
 0001:0001F530      __mbschr
 0001:0001F580      __mbscmp
 0001:0001F5F8      __mbsdec
 0001:0001F650      __mbsicmp
 0001:0001F6EC      __mbsnbcpy
 0001:0001F740      __mbsnbicmp
 0001:0001F800      __mbsrchr
 0002:000062C0      __messagefile
 0002:000062BC      __messagefunc
 0001:00019734      __mktemp
 0001:00016C1C      __msize
 0002:00006040      __nextrealptr
 0002:000060A8      __nextrealwptr
 0002:00004F80      __nfile
 0002:00004AC8      __notUmask
 0002:00004638      __nv_heap_size
 0002:00004F84      __openfd
 0003:000496C0      __oscmd
 0003:000496C4      __osenv
 0003:0004968C      __ostype
 0001:0001692C      __phys_avail
 0003:000492C0      __pidtab
 0002:00006194      __pmatherr
 0002:00006198      __pmatherrl
 0001:0001D714      __pow10
 0001:0001DD68      __qdiv10
 0001:0001DD90      __qmul10
 0001:00018480      __read
 0002:0000603C      __realcvtptr
 0002:000060A4      __realcvtwptr
 0002:00004660      __rover
 0001:00018438      __rtl_read
 0001:000184A4      __rtl_write
 0001:0001E8BC      __scan_init
 0001:0001ED9C      __scan_initw
 0001:00019874      __scanner
 0001:0001D96A      __scanrslt
 0002:00006048      __scanrsltptr
 0001:0001D964      __scantod
 0002:00006044      __scantodptr
 0002:000060B0      __scanwrsltptr
 0002:000060AC      __scanwtodptr
 0001:0002032C      __searchenv
 0001:0002035C      __searchstr
 0001:0001C780      __setCType
 0001:0001CECC      __setCollate
 0001:0001B5F8      __setLocale32A
 0001:0001B548      __setLocale32W
 0001:0001C308      __setLocaleFromString
 0001:0001C868      __setMonetary
 0001:0001BDA0      __setNewCategories
 0001:0001CE44      __setNumeric
 0001:0001C9E8      __setTime
 0001:0001FD70      __setargv
 0002:00006334      __setargv__
 0002:00006324      __setargv_ptr
 0002:00006434      __setenvp__
 0001:00017C34      __setexc
 0001:0001F37C      __setmbcp
 0002:0000463C      __smalloc_threshold
 0001:000211B8      __startup
 0003:000496F0      __stkbase
 0002:00004AB0      __stkchk
 0001:000170F8      __stpcpy
 0002:00004AD0      __streams
 0002:00005194      __sys_errlist
 0002:00005258      __sys_nerr
 0001:00021060      __terminate
 0002:000066F4      __timezone
 0002:00006140      __tiny_ldble
 0003:00049458      __tmpnum
 0001:00021718      __totalsec
 0002:0000618C      __turboFloat
 0001:000176AC      __typeIDname(tpid *)
 0002:000066FC      __tzname
 0001:000218B0      __tzset
 0001:0001A52C      __unlink
 0001:0001BACC      __unlockLocale
 0001:00017C50      __unsetexc
 0001:00017C74      __unsetuserhandler
 0002:00005A9C      __upper
 0002:00004640      __virt_chunk_free
 0002:00004644      __virt_chunk_free2
 0002:00004630      __virt_chunk_size
 0002:00004634      __virt_chunk_size2
 0002:0000462C      __virt_heap_size
 0003:000496E0      __wC0argv
 0003:000496E4      __wC0environ
 0001:0001FD34      __wargv_default_expand
 0002:000063E0      __wargv_expand_ptr
 0002:00006330      __wexitargv_ptr
 0001:0001AF8C      __win32DateTimeToPOSIX
 0001:00016D5C      __wmemset
 0003:000496DC      __woscmd
 0003:000496D8      __wosenv
 0001:000184EC      __write
 0002:0000632C      __wsetargv_ptr
 0001:0001AF34      __xfclose
 0001:0001AF64      __xfflush
 0003:0000397C      _ab_bell
 0003:00003980      _ab_cap
 0001:000006AB      _ab_clean
 0001:00000635      _ab_delete
 0003:00003B8C      _ab_end
 0001:000001A6      _ab_expand
 0003:00003978      _ab_head
 0001:000004E9      _ab_init
 0001:00000520      _ab_insert
 0001:00000601      _ab_lookup
 0003:00003B88      _ab_pos
 0003:00003984      _ab_quick
 0001:00000150      _ab_save
 0003:00003988      _ab_word
 0001:0001FBF4      _abort
 0002:000022A0      _abortc
 0001:00006CA8      _absv
 0001:00018508      _access
 0002:0000232C      _access_time
 0001:00000279      _add_abbrev
 0001:000124C8      _add_path
 0001:0000BD27      _addline
 0001:0000EDEE      _adjustmode
 0001:00012468      _alterpattern
 0001:00011148      _amatch
 0001:000023A0      _anycb
 0001:0000147C      _apro
 0001:0000687F      _asc_int
 0001:00021404      _asctime
 0001:0001D904      _atoi
 0001:0001D89C      _atol
 0001:000006ED      _backchar
 0001:0000EC0D      _backdel
 0001:00010E74      _backhunt
 0001:0000097E      _backline
 0001:00000D6F      _backpage
 0001:00010E2A      _backsearch
 0001:0001297C      _backtagword
 0001:0001242E      _backupword
 0001:00013EBF      _backword
 0001:0000255F      _bclear
 0001:000023C9      _bfind
 0003:0000396C      _bheadp
 0001:00004FFC      _binary
 0001:00001096      _bindtokey
 0001:00012026      _biteq
 0003:00003B94      _blistp
 0001:0001182B      _boundry
 0002:00002278      _bstore
 0003:000044C8      _bufhook
 0001:000014B8      _buildlist
 0001:0000D18D      _bytecopy
 0001:00015CE4      _calloc
 0001:000141D6      _capword
 0001:00011E2D      _cclmake
 0001:0000D15E      _cex
 0003:00003838      _charpending
 0001:00002685      _chcase
 0001:0000AEB8      _checknext
 0001:0000E6D2      _cinsert
 0001:0000C1F6      _clear_ring
 0002:000021AC      _clearflag
 0002:00002228      _clexec
 0001:0000A247      _clist_buffer
 0001:0000A0E3      _clist_command
 0001:0000A3EB      _clist_file
 0001:0000F029      _clrmes
 0003:000044B0      _cmdhook
 0002:0000233C      _cmdstatus
 0001:00001935      _cmdstr
 0002:000022C4      _cname
 0001:0000A16C      _comp_buffer
 0001:00009FF3      _comp_command
 0001:0000A2CB      _comp_file
 0001:00009B4C      _complete
 0001:0000F56D      _copyregion
 0001:0000D1BC      _copystr
 0002:0000225C      _cpending
 0003:00003948      _cquote
 0002:00002308      _cryptflag
 0001:00021430      _ctime
 0001:0000D094      _ctlxe
 0001:0000D009      _ctlxlp
 0001:0000D056      _ctlxrp
 0001:00009A5B      _ctoec
 0001:0000D0DD      _ctrlg
 0003:00003964      _curbp
 0003:00003950      _curcol
 0003:0000395C      _curgoal
 0003:0000394C      _currow
 0003:00003960      _curwp
 0001:0000C160      _cycle_ring
 0001:000106F8      _cycle_screens
 0001:0000C2F0      _dcline
 0001:0000EA45      _deblank
 0001:0000832C      _debug
 0001:0000042B      _def_abbrevs
 0002:000027A0      _defferupdate
 0001:000002F0      _del_abbrev
 0001:000144B7      _delbword
 0001:00010839      _delete_screen
 0001:0001432D      _delfword
 0001:0000EDDD      _delgmode
 0001:000103B3      _delins
 0001:0000EDBB      _delmode
 0003:0000752C      _deltapat
 0001:000133E4      _delwind
 0001:00001468      _desbind
 0001:00000326      _desc_abbrevs
 0001:00007236      _desfunc
 0002:00002214      _deskcolor
 0001:00001029      _deskey
 0001:00006F4C      _desvars
 0001:0000E2B4      _detab
 0002:00002338      _diagflag
 0002:00002230      _discmd
 0002:00002234      _disinp
 0002:00002798      _disphigh
 0002:0000279C      _dispundo
 0001:00006E7A      _dispvar
 0002:000027B8      _dname
 0002:000027E0      _dname_len
 0001:000079FE      _dobuf
 0001:00007453      _docmd
 0001:00008761      _dofile
 0001:0000AA36      _echochar
 0001:0000A9D8      _echostring
 0001:0000288D      _ecrypt
 0001:00009A36      _ectoc
 0001:0000CA42      _edinit
 0001:0000C757      _editloop
 0002:00002784      _eexitflag
 0002:00002788      _eexitval
 0001:00013FB4      _endword
 0001:000136F7      _enlargewind
 0001:0000E3A0      _entab
 0002:00000574      _envars
 0002:00002328      _envram
 0001:00004FED      _envval
 0002:000021B4      _eolexist
 0001:0001163B      _eq
 0001:00006CBE      _ernd
 0002:000062B8      _errno
 0002:00003B5B      _errorm
 0001:0000827C      _errormesg
 0003:000044C0      _exbhook
 0002:000021BC      _exec_error
 0001:000079AB      _execbuf
 0001:0000740D      _execcmd
 0001:0000868D      _execfile
 0001:00001B7C      _execkey
 0002:000021B0      _execlevel
 0001:00014A3A      _execprg
 0001:00007912      _execproc
 0001:00014F29      _execprog
 0002:00001B9C      _execstr
 0001:0000CBC8      _execute
 0001:0001FC5C      _exit
 0003:000044D0      _exithook
 0002:00003B66      _falsem
 0001:000113FF      _fbound
 0002:000027A8      _fbusy
 0001:00018590      _fclose
 0001:00009970      _fexist
 0001:000096D2      _ffclose
 0001:0000981C      _ffgetline
 0001:0001887C      _fflush
 0003:00000F24      _ffp
 0001:00009717      _ffputline
 0001:00009628      _ffropen
 0001:00009657      _ffwopen
 0001:000194A8      _fgetc
 0001:000188FC      _fgets
 0001:00008F01      _fileapp
 0001:000088AC      _filefind
 0001:00009252      _filename
 0001:00008800      _fileread
 0001:00008F53      _filesave
 0001:00008E99      _filewrite
 0002:00001B98      _fillcol
 0001:00014631      _fillpara
 0001:00014C95      _filter
 0001:00010716      _find_screen
 0001:0000DFD4      _findcol
 0001:00005C7F      _findvar
 0003:00003B90      _first_screen
 0001:0000AADD      _fisearch
 0001:00012290      _fix_index
 0001:00005771      _fixnull
 0002:00002780      _flen
 0002:000021C0      _flickcode
 0002:0000277C      _fline
 0001:0000234C      _flong_asc
 0001:000017EA      _flook
 0001:0000F233      _fmatch
 0002:00001FA1      _fmtlead
 0001:00001A42      _fncmatch
 0001:00018C60      _fopen
 0001:0000077C      _forwchar
 0001:0000EBB4      _forwdel
 0001:00010D4E      _forwhunt
 0001:000008E1      _forwline
 0001:00000CD7      _forwpage
 0001:00010D04      _forwsearch
 0001:00013F48      _forwword
 0001:00019590      _fputc
 0001:00015EF4      _free
 0001:0001079E      _free_screen
 0001:0000866F      _freewhile
 0001:00018DC4      _fseek
 0001:00018E28      _ftell
 0002:000006EC      _funcs
 0001:00004FDE      _funval
 0002:0000221C      _gacount
 0002:00002218      _gasave
 0002:00002210      _gbcolor
 0001:0000AFAF      _get_char
 0001:0000A54E      _get_key
 0001:000019BF      _getbind
 0001:00009AAC      _getcbuf
 0001:0000DF59      _getccol
 0001:00001720      _getckey
 0001:0000A5B2      _getcmd
 0001:0000BA81      _getctext
 0001:00013DB9      _getcwnum
 0001:00001F31      _getdefb
 0001:00004022      _getdtime
 0001:0001FCAC      _getenv
 0001:0000F081      _getfence
 0001:0001503C      _getffile
 0001:000089EF      _getfile
 0001:000019E1      _getfname
 0001:00000C78      _getgoal
 0001:00005784      _getkill
 0001:0000DF34      _getlinenum
 0001:00009A84      _getname
 0001:00015175      _getnfile
 0001:000025EC      _getoldb
 0001:0000FC58      _getreg
 0001:0000FAAA      _getregion
 0001:0000A61F      _getstring
 0001:00013DD7      _gettwnum
 0001:00006990      _gettyp
 0001:00006A4F      _getval
 0001:00006DE8      _getwlist
 0001:00013D95      _getwpos
 0002:0000220C      _gfcolor
 0002:00002208      _gflags
 0001:00005A53      _global_var
 0002:00002204      _gmode
 0001:000215C4      _gmtime
 0002:00001BA0      _golabel
 0001:0000087F      _gotobob
 0001:000006D8      _gotobol
 0001:00000A24      _gotobop
 0001:000008B1      _gotoeob
 0001:0000075D      _gotoeol
 0001:00000B3D      _gotoeop
 0001:000007F6      _gotoline
 0001:00000F28      _gotomark
 0003:00007504      _grpmatch
 0001:00005045      _gtenv
 0001:00009ADC      _gtfilename
 0001:00004556      _gtfun
 0001:00004F6A      _gtusr
 0001:00000F8C      _help
 0002:000027AC      _hilite
 0002:00002270      _hjump
 0002:00002264      _hscroll
 0002:00002268      _hscrollbar
 0001:000092E6      _ifile
 0003:00048E48      _in_buf
 0001:00015225      _in_check
 0001:00015261      _in_get
 0001:00015214      _in_init
 0002:0000454C      _in_last
 0002:00004548      _in_next
 0001:00015240      _in_put
 0001:0000EAC5      _indent
 0001:0000FC95      _indent_region
 0001:000108C2      _init_screen
 0001:00002773      _initchars
 0001:000003DE      _ins_abbrevs
 0001:0000E7C1      _insbrace
 0001:00008839      _insfile
 0001:0000E9CD      _inspound
 0001:0000B236      _insspace
 0001:000068D3      _int_asc
 0001:0001459E      _inword
 0001:00002624      _is_letter
 0001:0000264D      _is_lower
 0001:00006E1D      _is_num
 0001:00002669      _is_upper
 0001:0001B2A4      _isalnum
 0001:0001B2D0      _isalpha
 0001:0001B2BC      _isascii
 0001:0001B2E8      _iscntrl
 0001:0001B2FC      _isdigit
 0001:0000AB06      _isearch
 0001:0001B310      _isgraph
 0001:000145DC      _isinword
 0001:0001B328      _islower
 0001:0000DD32      _ismodeline
 0001:0001B33C      _isprint
 0001:0001B354      _ispunct
 0001:0001B368      _isspace
 0002:000022A8      _isterm
 0001:0000F38D      _istring
 0001:0001B37C      _isupper
 0001:0001B3A8      _iswalnum
 0001:0001B3D4      _iswalpha
 0001:0001B3C0      _iswascii
 0001:0001B3EC      _iswcntrl
 0001:0001B400      _iswdigit
 0001:0001B414      _iswgraph
 0001:0001B42C      _iswlower
 0001:0001B440      _iswprint
 0001:0001B458      _iswpunct
 0001:0001B46C      _iswspace
 0001:0001B480      _iswupper
 0001:0001B494      _iswxdigit
 0001:0001B390      _isxdigit
 0001:0001DC7C      _itoa
 0002:00002310      _kbdend
 0003:00001534      _kbdm
 0002:00002314      _kbdmode
 0003:00003940      _kbdptr
 0002:00002318      _kbdrep
 0003:00003880      _kbufh
 0003:00003840      _kbufp
 0001:0000BD92      _kdelete
 0002:000027F4      _keytab
 0001:0000031C      _kill_abbrevs
 0003:0000383C      _kill_index
 0001:00001EAF      _killbuffer
 0001:00014808      _killpara
 0001:0000F4EC      _killregion
 0001:0000EC8D      _killtext
 0001:0000BE2A      _kinsert
 0003:000038C0      _kskip
 0003:00003900      _kused
 0003:00008AFC      _lDir
 0001:0000B0F4      _lalloc
 0003:00003958      _lastflag
 0002:00002320      _lastkey
 0002:00003D38      _lastmcmd
 0002:00002372      _lastmesg
 0002:00002774      _lastptr
 0002:00002248      _lasttime
 0002:00003D34      _lastxpos
 0002:00003D30      _lastypos
 0002:0000228C      _lbound
 0001:0000B1E0      _lchange
 0001:0000B723      _ldelete
 0001:0000BB11      _ldelnewline
 0001:0000B12B      _lfree
 0001:0000B2E3      _linsert
 0001:0000B262      _linstr
 0001:00010AEC      _list_screens
 0001:00002092      _listbuffers
 0001:000118CB      _liteq
 0001:00011F44      _litmake
 0001:0000B5F7      _lnewline
 0001:00005B69      _local_var
 0001:000215DC      _localtime
 0001:00006942      _long_asc
 0001:00012159      _lookup
 0001:0000F467      _lookup_color
 0001:000109C8      _lookup_screen
 0001:0000B5A8      _lover
 0003:00003CA0      _lowcase
 0001:00002747      _lowerc
 0001:000026F2      _lowercase
 0001:0000F605      _lowerregion
 0001:000140FB      _lowerword
 0001:0000B533      _lowrite
 0003:00003534      _lterm
 0001:0001D70C      _ltoa
 0001:00006C4F      _ltos
 0001:0000772C      _macarg
 0002:00002330      _macbug
 0001:0000121A      _macrotokey
 0002:000027B4      _magical
 0001:0000C21C      _main
 0002:000021A2      _mainbuf
 0001:0001153C      _make_delta
 0001:000020B8      _makelist
 0001:00008E02      _makename
 0001:00015EE4      _malloc
 0003:000044D8      _matchlen
 0003:000044E0      _matchline
 0003:000044DC      _matchoff
 0001:0001D03C      _mblen
 0001:0001D200      _mbstowcs
 0001:0001D0B8      _mbtowc
 0001:00011C41      _mcclear
 0003:000064E4      _mcdeltapat
 0001:00011D0D      _mceq
 0003:000044E4      _mcpat
 0001:00010F50      _mcscanner
 0001:00011937      _mcstr
 0001:0000CFE6      _meexit
 0001:00016C40      _memchr
 0001:00016F74      _memcmp
 0001:00016C60      _memcpy
 0001:00016C84      _memmove
 0001:00016CD0      _memset
 0001:0000D139      _meta
 0001:00006C87      _mklower
 0001:00018430      _mktemp
 0001:00006C66      _mkupper
 0001:0000436E      _mlabort
 0001:000040F1      _mlerase
 0001:000040CF      _mlferase
 0001:00004341      _mlforce
 0001:00004167      _mlout
 0001:0000A8EB      _mlprompt
 0001:00004430      _mlputf
 0001:000043A1      _mlputi
 0001:000043EB      _mlputli
 0001:0000437C      _mlputs
 0001:00009A17      _mlreply
 0001:000102BE      _mlrquery
 0001:000041E3      _mlwrite
 0001:0000999C      _mlyesno
 0001:0000D317      _mmove
 0002:000021C8      _mmove_flag
 0002:00003AED      _modecode
 0002:00002238      _modeflag
 0001:00003B82      _modeline
 0002:000021D4      _modename
 0002:000021C4      _mouse_move
 0001:0000DC90      _mouse_screen
 0002:00002334      _mouseflag
 0001:0000DBC2      _mouseline
 0001:0000DC15      _mouseoffset
 0001:0000DB8F      _mousewindow
 0001:0000409E      _movecursor
 0001:000114BA      _movelocalpoint
 0001:0000D1F0      _movemd
 0001:0000D910      _movemu
 0002:00002224      _mpresf
 0001:0000D428      _mregdown
 0001:0000D6B0      _mregup
 0002:0000222C      _mstore
 0001:000131F4      _mvdnwind
 0001:0001320A      _mvupwind
 0001:00002014      _namebuffer
 0001:00007324      _namedcmd
 0002:00001630      _names
 0001:00001A75      _namval
 0001:0000F817      _narrow
 0002:00002794      _nclicks
 0001:00013CFD      _new_col_org
 0001:00013D49      _new_row_org
 0001:0000E608      _newline
 0002:000021CC      _newscreenflag
 0001:00013B01      _newsize
 0001:00012080      _newtags
 0001:00013C7B      _newwidth
 0001:0000BE0A      _next_kill
 0001:00007767      _nextarg
 0001:00001CC2      _nextbuffer
 0001:00011877      _nextch
 0001:00013A7F      _nextdown
 0001:00013A54      _nextup
 0001:0001312F      _nextwind
 0002:000027A4      _notquiescent
 0001:00015294      _ntbcol
 0001:00015B01      _ntbeep
 0001:00015C6C      _ntclose
 0001:00015AED      _ntcres
 0001:000159DE      _nteeol
 0001:00015A4B      _nteeop
 0001:0001527F      _ntfcol
 0001:00015363      _ntflush
 0001:00015883      _ntgetc
 0001:00015CC8      _ntkclose
 0001:00015C85      _ntkopen
 0001:00015331      _ntmove
 0001:00015B1A      _ntopen
 0001:00015950      _ntputc
 0001:00015AE0      _ntrev
 0001:0000D12F      _nullproc
 0003:00008B00      _num_found
 0002:00002200      _numfunc
 0003:00003834      _obj
 0002:0000230C      _oldcrypt
 0001:000132BC      _onlywind
 0001:0000E5B4      _openline
 0003:00003944      _oquote
 0003:00003C20      _os
 0001:0000A8C3      _ostring
 0003:0000813C      _outline
 0001:0000A89B      _outstring
 0002:000021D0      _overlap
 0001:0000F3FA      _ovstring
 0003:000089E4      _pBuf
 0001:000072F4      _pad
 0002:00002340      _palstr
 0002:00001DA1      _paralead
 0003:00003EA0      _pat
 0003:00008B04      _path
 0002:0000023C      _pathname
 0002:000027B0      _patmatch
 0001:00014ACF      _pipecmd
 0001:00003660      _pop
 0001:00001EEB      _popbuffer
 0002:00002250      _popflag
 0002:00002254      _popwait
 0002:00002258      _posflag
 0002:000022BC      _predef
 0002:000022B4      _prefix
 0002:000022B8      _prenum
 0001:000131A7      _prevwind
 0001:000197E0      _printf
 0001:0000BAC1      _putctext
 0001:00019804      _puts
 0001:0000FE2D      _qreplace
 0001:0000CF13      _quickexit
 0001:0000CF9B      _quit
 0001:0000E1D1      _quote
 0002:000022C0      _quotec
 0001:00020F00      _raise
 0003:00008C04      _rbuf
 0001:0000D0FF      _rdonly
 0003:000044A0      _readhook
 0001:00008BD2      _readin
 0001:00011694      _readpattern
 0001:00015F04      _realloc
 0001:0000B0C7      _reeat
 0001:000147AC      _reform
 0001:00002D07      _reframe
 0001:00013100      _refresh
 0001:000106A4      _refresh_screen
 0001:0000F498      _reglines
 0001:0000FC16      _regtostr
 0001:00000E62      _remmark
 0001:00019854      _rename
 0001:00010C87      _rename_screen
 0001:0000FE42      _replaces
 0001:000130D8      _reposition
 0002:0000229C      _reptc
 0001:00013055      _reroom
 0001:0000893B      _resetkey
 0001:0001391E      _resize
 0001:0000DD65      _resizm
 0001:0000DDEA      _resizm2
 0001:0000D117      _resterr
 0002:0000231C      _restflag
 0001:00013ABE      _restwnd
 0001:0001239A      _restword
 0001:0001293D      _retagword
 0002:000021B8      _revexist
 0002:000044F0      _revflag
 0001:0000AAA8      _risearch
 0002:000027B6      _rmagical
 0001:0001064C      _rmcclear
 0003:00006504      _rmcpat
 0001:0001048C      _rmcstr
 0001:00012FEB      _room
 0003:000042A0      _rpat
 0002:00002573      _rval
 0002:00002778      _saveflag
 0001:00011748      _savematch
 0001:00013AAA      _savewnd
 0001:0000AE6F      _scanmore
 0001:00010B12      _screenlist
 0002:000022AC      _searchtype
 0002:00002324      _seed
 0001:000109FA      _select_screen
 0001:00001BD5      _set_key
 0001:0001205E      _setbit
 0001:0000E03D      _setccol
 0001:000027F8      _setekey
 0001:0000EDCC      _setgmode
 0001:000115FD      _setjtable
 0001:000027B1      _setlower
 0001:00000E0B      _setmark
 0001:0000EDAA      _setmod
 0001:000027D4      _setupper
 0001:000058C2      _setvar
 0001:0001A2D8      _setvbuf
 0001:00006DA0      _setwlist
 0002:00002220      _sgarbf
 0001:00014EFE      _shell
 0001:0000DE28      _showcpos
 0001:00009566      _showfiles
 0001:00013808      _shrinkwind
 0001:00020EA0      _signal
 0001:00006D15      _sindex
 0003:00003B9C      _slistp
 0001:00015AF7      _spal
 0001:000149A5      _spawn
 0001:00014958      _spawncli
 0001:000202EC      _spawnl
 0001:0002030C      _spawnlp
 0001:0001353C      _splitwind
 0001:0001A350      _sprintf
 0001:0000FE18      _sreplace
 0003:00003BA0      _sres
 0002:00002274      _ssave
 0001:0001A3CC      _sscanf
 0002:00002260      _sscroll
 0002:00002298      _stabsize
 0001:00001764      _startup
 0002:000022A4      _sterm
 0001:00001A84      _stock
 0001:00006C1F      _stol
 0001:000077EF      _storeproc
 0001:00016D74      _strcat
 0001:00016DB0      _strchr
 0001:00016E04      _strcmp
 0001:00016E50      _strcpy
 0001:00016FE0      _strdup
 0001:000016E8      _strinc
 0001:00016E80      _strlen
 0001:00016EDC      _strncat
 0001:00016F4C      _strncmp
 0001:00017014      _strncpy
 0001:00017064      _strrev
 0001:000170A4      _strstr
 0001:00005E03      _svar
 0001:00000EAB      _swapmark
 0001:00001D04      _swbuffer
 0002:00002304      _swindow
 0001:00020F70      _system
 0001:0000E256      _tab
 0002:00002290      _taboff
 0002:00002294      _tabsize
 0001:0001254A      _tagger
 0001:000127BE      _tagword
 0003:000040A0      _tap
 0003:00007B34      _tapatled
 0003:000064F4      _tapatledcm
 0003:000054E4      _tapcm
 0002:000044F4      _term
 0001:0000A479      _tgetc
 0003:00003954      _thisflag
 0001:00021A80      _time
 0002:0000223C      _timeflag
 0001:000151E4      _timeset
 0001:00007634      _token
 0001:00001B57      _transbind
 0001:0000E51E      _trim
 0001:00005897      _trimstr
 0002:00003B61      _truem
 0002:00002288      _ttcol
 0002:00002284      _ttrow
 0001:0000E0D2      _twiddle
 0001:00015909      _typahead
 0001:00021A78      _tzset
 0003:00003B98      _ulistp
 0001:0001DCAC      _ultoa
 0001:0000D183      _unarg
 0001:00001432      _unbind_buf
 0001:000013AE      _unbindchar
 0001:0000135A      _unbindkey
 0001:0000FD52      _undent_region
 0001:00012C6F      _undo
 0001:00012CD9      _undo_delete
 0001:00012FCD      _undo_dump
 0001:000129E0      _undo_insert
 0001:00012CEF      _undo_list
 0001:00012B27      _undo_op
 0001:00012C3A      _undo_zot
 0002:00002240      _undoflag
 0002:00002244      _undoing
 0001:00012D11      _undolist
 0001:0000B0A9      _uneat
 0001:0001849C      _unlink
 0001:0001081A      _unlist_screen
 0001:000025D4      _unmark
 0001:00008E56      _unqname
 0003:00003DA0      _upcase
 0001:00003261      _updall
 0001:00002BF3      _update
 0001:00002E3D      _update_hilite
 0001:00003910      _update_line
 0001:000035D5      _update_size
 0001:00003434      _upddex
 0001:00003867      _updext
 0001:00003525      _updgar
 0001:000031C4      _updone
 0001:0000335E      _updpos
 0001:0000381D      _updupd
 0001:0000406E      _upmode
 0001:0000271B      _upperc
 0001:000026C9      _uppercase
 0001:0000F70E      _upperregion
 0001:00014020      _upperword
 0001:00002BE1      _upscreen
 0001:00004086      _upwind
 0001:00001C7C      _usebuffer
 0001:00004504      _uv_clean
 0003:00003974      _uv_global
 0003:00003970      _uv_head
 0001:00004498      _uv_init
 0001:00004531      _varclean
 0001:000044BD      _varinit
 0001:000088E5      _viewfile
 0001:00015D9C      _virt_alloc
 0001:00015DC4      _virt_commit
 0001:00015E10      _virt_decommit
 0001:00015E28      _virt_release
 0001:00015D30      _virt_reserve
 0002:0000226C      _vscrollbar
 0001:0001A378      _vsprintf
 0001:0001A3F0      _vsscanf
 0002:00002280      _vtcol
 0001:00002BAD      _vteeol
 0001:00002990      _vtinit
 0001:00002AA8      _vtmove
 0001:00002ABE      _vtputc
 0002:0000227C      _vtrow
 0001:00002A7A      _vttidy
 0001:00017148      _wcscpy
 0001:00017130      _wcslen
 0001:0001D368      _wcstombs
 0001:0001D18C      _wctomb
 0003:00003968      _wheadp
 0001:0000F999      _widen
 0002:000021A8      _wlflag
 0001:00014882      _wordcount
 0003:00003734      _wordlist
 0001:00013956      _wpopup
 0003:000044A8      _wraphook
 0001:00013DF0      _wrapword
 0003:000044B8      _writehook
 0001:0000F03E      _writemsg
 0001:00009016      _writeout
 0001:00006D5A      _xlat
 0002:0000278C      _xpos
 0001:0000BF9C      _yank
 0001:0000C1A2      _yank_pop
 0002:000022B0      _yankflag
 0002:00002790      _ypos
 0001:00001F62      _zotbuf
 0003:00000108      b10_2
 0003:00000F24      b13_2
 0003:00049468      b1451_2
 0003:00000F2C      b14_2
 0003:00049570      b1587_2
 0003:0000112C      b15_2
 0003:00049670      b1603_2
 0003:0004968C      b1615_2
 0003:00049690      b1697_2
 0003:0004969C      b1699_2
 0003:000496A0      b1701_2
 0003:000496A4      b1773_2
 0003:000496B4      b1795_1
 0003:000496F4      b1815_2
 0003:00049710      b1821_1
 0003:00049734      b1835_2
 0003:0004973C      b1891_2
 0003:00001534      b18_2
 0003:0000833C      b22_2
 0003:00048E88      b231_2
 0003:00008340      b24_2
 0003:000083E4      b29_2
 0003:00008D04      b30_2
 0003:00000000      b4_2
 0003:00048EA0      b545_2
 0003:000492B0      b549_2
 0003:000492B8      b555_2
 0003:000492C0      b745_1
 0003:00049450      b821_2
 0003:00049454      b827_1
 0003:00049458      b845_2
 0003:00000100      b8_2
 0001:0001AF34      c1025_0
 0001:0001AF64      c1027_0
 0001:0001AF8C      c1033_0
 0001:0001B250      c1041_0
 0001:0001B2A4      c1049_0
 0001:0001B3A8      c1051_0
 0001:0001B4AC      c1053_0
 0001:0001B4F0      c1055_0
 0001:0001B548      c1057_0
 0001:0001BAD8      c1057_2
 0001:0001BADC      c1057_3
 0001:0001C6C8      c1061_0
 0001:0001CED8      c1063_0
 0001:0001CF70      c1081_0
 0001:0001CF94      c1093_0
 0001:0001CFE8      c1097_0
 0001:00004498      c10_0
 0001:0001D03C      c1101_0
 0001:0001D50C      c1151_0
 0001:0001D70C      c1181_0
 0001:0001D714      c1191_0
 0001:00007324      c11_0
 0001:0001D89C      c1215_0
 0001:0001D914      c1227_0
 0001:0001D928      c1241_0
 0001:0001D958      c1243_0
 0001:0001D970      c1247_0
 0001:0001D988      c1249_0
 0001:0001D9A0      c1289_0
 0001:0001D9B8      c1297_0
 0001:0001D9E8      c1299_0
 0001:00008800      c12_0
 0001:0001DA0C      c1301_0
 0001:0001DA20      c1317_0
 0001:0001DAD4      c1327_0
 0001:0001DBEC      c1337_0
 0001:0001DC7C      c1345_0
 0001:0001DCF4      c1349_0
 0001:0001DD20      c1351_0
 0001:0001DD50      c1353_0
 0001:0001DD68      c1375_0
 0001:0001DD90      c1377_0
 0001:0001DDC0      c1381_0
 0001:0001E0BC      c1383_0
 0001:0001E3F0      c1391_0
 0001:0001E8D4      c1393_0
 0001:00009628      c13_0
 0001:0001EDB4      c1437_0
 0001:0001F088      c1439_0
 0001:0001F37C      c1451_0
 0001:0001F4A8      c1451_3
 0001:0001F4B8      c1453_0
 0001:0001F4F8      c1455_0
 0001:0001F514      c1473_0
 0001:0001F530      c1485_0
 0001:0001F580      c1487_0
 0001:0001F5F8      c1491_0
 0001:0001F650      c1493_0
 0001:0000999C      c14_0
 0001:0001F6EC      c1511_0
 0001:0001F740      c1513_0
 0001:0001F800      c1535_0
 0001:0001F858      c1587_0
 0001:0000AAA8      c15_0
 0001:0001F900      c1603_0
 0001:0001F9B8      c1607_0
 0001:0001FB54      c1615_0
 0001:0001FB54      c1615_3
 0001:0001FBE0      c1635_0
 0001:0001FC04      c1673_0
 0001:0001FCAC      c1675_0
 0001:0001FD04      c1681_0
 0001:0001FD20      c1683_0
 0001:0001FD34      c1685_0
 0001:0001FD48      c1691_0
 0001:0001FD70      c1697_0
 0001:0001FD70      c1697_3
 0001:0001FDF8      c1697_4
 0001:0001FEDC      c1699_0
 0001:0000B0F4      c16_0
 0001:000200C4      c1701_0
 0001:000202EC      c1705_0
 0001:0002030C      c1713_0
 0001:0002032C      c1737_0
 0001:0002035C      c1745_0
 0001:00020454      c1759_0
 0001:00020454      c1759_2
 0001:0002048C      c1759_3
 0001:0002049C      c1765_0
 0001:00020AD8      c1773_0
 0001:00020C58      c1773_3
 0001:00020AD8      c1773_4
 0001:00020C78      c1777_0
 0001:00020F70      c1781_0
 0001:00021058      c1787_0
 0001:00021060      c1797_0
 0001:000211B8      c1799_0
 0001:0002135C      c1813_0
 0001:000213AC      c1815_0
 0001:00021458      c1821_0
 0001:00021604      c1831_0
 0001:000218A8      c1833_0
 0001:000218A8      c1833_2
 0001:000218B0      c1835_0
 0001:00021A78      c1837_0
 0001:00021A80      c1863_0
 0001:00021AD0      c1891_0
 0001:00021AD0      c1891_3
 0001:0000C21C      c18_0
 0001:00015CE4      c199_0
 0001:0000D1F0      c19_0
 0001:00000000      c1_0
 0001:00015D10      c201_0
 0001:00015D20      c203_0
 0001:0000DE28      c20_0
 0001:0000F498      c21_0
 0001:00015D30      c229_0
 0001:0000FE18      c22_0
 0001:00015E44      c231_0
 0001:00015EE4      c237_0
 0001:00015F04      c239_0
 0001:000106A4      c23_0
 0001:00015F1C      c241_0
 0001:00015FB8      c241_2
 0001:00015FD4      c243_0
 0001:00015FD8      c247_0
 0001:00010D04      c24_0
 0001:00012080      c25_0
 0001:000169A4      c267_0
 0001:00016C38      c269_0
 0001:000129E0      c26_0
 0001:00016C3C      c273_0
 0001:000130D8      c27_0
 0001:00013DF0      c28_0
 0001:00014958      c29_0
 0001:00000150      c2_0
 0001:00015214      c30_0
 0001:000006D8      c3_0
 0001:00016C40      c413_0
 0001:00016C60      c417_0
 0001:00016C84      c421_0
 0001:00016CD0      c423_0
 0001:00016D5C      c425_0
 0001:00016D74      c439_0
 0001:00016DB0      c441_0
 0001:00016E04      c443_0
 0001:00016E50      c445_0
 0001:00016E80      c447_0
 0001:00016EDC      c449_0
 0001:00016F4C      c451_0
 0001:00016F74      c465_0
 0001:00016FE0      c471_0
 0001:00017014      c477_0
 0001:00017064      c487_0
 0001:000170A4      c493_0
 0001:000170F8      c497_0
 0001:00017130      c499_0
 0001:00000F8C      c4_0
 0001:00017148      c501_0
 0001:00017188      c541_0
 0001:000171F8      c545_0
 0001:0001734F      c545_3
 0001:000179EC      c549_0
 0001:000179EC      c549_4
 0001:00017B38      c551_0
 0001:00017B44      c555_0
 0001:00017C80      c555_3
 0001:00017C98      c555_4
 0001:00017CC0      c559_0
 0001:00017D08      c561_0
 0001:00017D2C      c565_0
 0001:00017D68      c567_0
 0001:00017DC8      c573_0
 0001:00017E50      c577_0
 0001:00017E98      c579_0
 0001:00017F10      c581_0
 0001:0001810C      c583_0
 0001:000182A8      c589_0
 0001:000183C4      c591_0
 0001:00001C7C      c5_0
 0001:000183D8      c609_0
 0001:00018410      c611_0
 0001:00018430      c623_0
 0001:00018438      c633_0
 0001:0001849C      c647_0
 0001:000184A4      c665_0
 0001:00018508      c667_0
 0001:00018510      c669_0
 0001:00002624      c6_0
 0001:00018590      c723_0
 0001:00018620      c727_0
 0001:0001887C      c731_0
 0001:000188FC      c737_0
 0001:00018A2C      c753_0
 0001:00018A88      c757_0
 0001:00018AAC      c763_0
 0001:00018C8C      c771_0
 0001:00018D68      c789_0
 0001:00018EA8      c797_0
 0001:000027F8      c7_0
[...]
 0001:0001DC60      ___utoa
 0001:0001DC7C      c1345_0
 0001:0001DC7C      ___org_itoa
 0001:0001DC7C      _itoa
 0001:0001DCAC      ___org_ultoa
 0001:0001DCAC      _ultoa
 0001:0001DCCC      __ltoa
 0001:0001DCF4      __matherr
 0001:0001DCF4      c1349_0
 0001:0001DCF4      ___org__matherr
 0001:0001DD20      c1351_0
 0001:0001DD20      __matherrl
 0001:0001DD20      ___org__matherrl
 0001:0001DD50      c1353_0
 0001:0001DD50      __initmatherr
 0001:0001DD68      c1375_0
 0001:0001DD68      __qdiv10
 0001:0001DD90      __qmul10
 0001:0001DD90      c1377_0
 0001:0001DDC0      c1381_0
 0001:0001E0A4      __cvt_init
 0001:0001E0BC      c1383_0
 0001:0001E3D8      __cvt_initw
 0001:0001E3F0      c1391_0
 0001:0001E8BC      __scan_init
 0001:0001E8D4      c1393_0
 0001:0001ED9C      __scan_initw
 0001:0001EDB4      c1437_0
 0001:0001EDB4      ___xcvt
 0001:0001F088      ___xcvtw
 0001:0001F088      c1439_0
 0001:0001F37C      __setmbcp
 0001:0001F37C      c1451_0
 0001:0001F4A0      __getmbcp
 0001:0001F4A8      c1451_3
 0001:0001F4A8      __initMBCSTable
 0001:0001F4B8      c1453_0
 0001:0001F4B8      __ismbcalpha
 0001:0001F4F8      c1455_0
 0001:0001F4F8      __ismbcdigit
 0001:0001F514      __ismbcspace
 0001:0001F514      c1473_0
 0001:0001F530      __mbschr
 0001:0001F530      c1485_0
 0001:0001F580      c1487_0
 0001:0001F580      __mbscmp
 0001:0001F5F8      c1491_0
 0001:0001F5F8      __mbsdec
 0001:0001F650      __mbsicmp
 0001:0001F650      c1493_0
 0001:0001F6EC      __mbsnbcpy
 0001:0001F6EC      c1511_0
 0001:0001F740      __mbsnbicmp
 0001:0001F740      c1513_0
 0001:0001F800      __mbsrchr
 0001:0001F800      c1535_0
 0001:0001F858      c1587_0
 0001:0001F8A0      __assert
 0001:0001F900      c1603_0
 0001:0001F950      __ErrorMessageHelper
 0001:0001F9B8      c1607_0
 0001:0001FA10      __ErrorMessage
 0001:0001FB2C      ___ErrorMessage
 0001:0001FB3C      __ErrorExit
 0001:0001FB54      c1615_3
 0001:0001FB54      c1615_0
 0001:0001FBE0      c1635_0
 0001:0001FBE0      __abort
 0001:0001FBF4      _abort
 0001:0001FC04      c1673_0
 0001:0001FC5C      _exit
 0001:0001FC74      __exit
 0001:0001FC8C      __cexit
 0001:0001FC9C      __c_exit
 0001:0001FCAC      ___org_getenv
 0001:0001FCAC      _getenv
 0001:0001FCAC      c1675_0
 0001:0001FD04      __init_wild_handlers
 0001:0001FD04      c1681_0
 0001:0001FD20      __argv_default_expand
 0001:0001FD20      c1683_0
 0001:0001FD34      __wargv_default_expand
 0001:0001FD34      c1685_0
 0001:0001FD48      c1691_0
 0001:0001FD48      __init_setargv_handlers
 0001:0001FD70      __setargv
 0001:0001FD70      c1697_3
 0001:0001FD70      c1697_0
 0001:0001FDF8      __exitargv
 0001:0001FDF8      c1697_4
 0001:0001FEDC      __handle_setargv
 0001:0001FEDC      c1699_0
 0001:00020034      __handle_exitargv
 0001:000200C4      c1701_0
 0001:000200C4      __handle_wsetargv
 0001:00020258      __handle_wexitargv
 0001:000202EC      ___org_spawnl
 0001:000202EC      _spawnl
 0001:000202EC      c1705_0
 0001:0002030C      c1713_0
 0001:0002030C      ___org_spawnlp
 0001:0002030C      _spawnlp
 0001:0002032C      ___org__searchenv
 0001:0002032C      c1737_0
 0001:0002032C      __searchenv
 0001:0002035C      ___org__searchstr
 0001:0002035C      c1745_0
 0001:0002035C      __searchstr
 0001:00020454      c1759_2
 0001:00020454      c1759_0
 0001:0002048C      c1759_3
 0001:0002049C      __dummy_add_pid
 0001:0002049C      c1765_0
 0001:000206AC      __LoadProg
 0001:00020AD8      c1773_0
 0001:00020AD8      c1773_4
 0001:00020B0C      __expandblock
 0001:00020C58      c1773_3
 0001:00020C78      c1777_0
 0001:00020EA0      _signal
 0001:00020F00      _raise
 0001:00020F00      ___org_raise
 0001:00020F70      c1781_0
 0001:00020F70      _system
 0001:00021058      __getpid
 0001:00021058      c1787_0
 0001:00021060      __terminate
 0001:00021060      c1797_0
 0001:00021070      __create_shmem
 0001:00021078      __init_exit_proc
 0001:0002114C      __cleanup
 0001:000211B8      c1799_0
 0001:000211B8      __startup
 0001:0002135C      c1813_0
 0001:0002135C      ___CRTL_TLS_Alloc
 0001:00021364      ___CRTL_TLS_Free
 0001:00021374      ___CRTL_TLS_GetValue
 0001:00021384      ___CRTL_TLS_SetValue
 0001:00021398      ___CRTL_TLS_InitThread
 0001:000213A0      ___CRTL_TLS_ExitThread
 0001:000213A8      ___CRTL_TLS_GetInfo
 0001:000213AC      __atime
 0001:000213AC      c1815_0
 0001:00021404      _asctime
 0001:00021404      ___org_asctime
 0001:00021430      _ctime
 0001:00021430      ___org_ctime
 0001:00021458      c1821_0
 0001:000215C4      _gmtime
 0001:000215C4      ___org_gmtime
 0001:000215DC      _localtime
 0001:000215DC      ___org_localtime
 0001:00021604      c1831_0
 0001:00021604      __isDST
 0001:00021718      __totalsec
 0001:000218A8      c1833_0
 0001:000218A8      c1833_2
 0001:000218B0      c1835_0
 0001:000218B0      __tzset
 0001:00021A78      c1837_0
 0001:00021A78      _tzset
 0001:00021A80      ___org_time
 0001:00021A80      _time
 0001:00021A80      c1863_0
 0001:00021AD0      c1891_0
 0001:00021AD0      c1891_3
 0001:00021AFB      ___JumpToCatch__
 0001:00021D65      ___raiseDebuggerException
 0001:00022120      _ThrowExceptionLDTC(void *, void *, void *, void *, unsigned int, unsigned int, unsigned int, unsigned char *, void *)
 0001:00022155      _ReThrowException(unsigned int, unsigned char *)
 0001:000221C0      __Global_unwind
 0001:000222FC      _CatchCleanup()
 0001:0002282C      __Local_unwind
 0001:0002283F      __Return_unwind
 0001:000228A0      ____ExceptionHandler
 0001:0002361E      __CurrExcContext
 0002:0000009C      d1_1
 0002:000000E0      ___isGUI
 0002:00000118      ___isVCLPackage
 0002:00000119      ___isDLL
 0002:00000126      ___useDynamicTLS
 0002:00000127      __TLS_index
 0002:0000012B      __TLS_index4
 0002:0000012F      __hInstance
 0002:00000134      ___CPPdebugHook_segment
 0002:00000134      ___CPPdebugHook
 0002:00000138      __PackageInfoTable
 0002:00000140      d2_1
 0002:000001E8      d3_1
 0002:0000023C      _pathname
 0002:0000023C      d4_1
 0002:00000394      d5_1
 0002:00000490      d7_1
 0002:000004AC      d8_1
 0002:00000574      d10_1
 0002:00000574      _envars
 0002:000006EC      _funcs
 0002:00000E58      d11_1
 0002:00001300      d12_1
 0002:000014B4      d13_1
 0002:00001508      d14_1
 0002:00001570      d15_1
 0002:000015C0      d16_1
 0002:00001630      d18_1
 0002:00001630      _names
 0002:00001B98      _fillcol
 0002:00001B9C      _execstr
 0002:00001BA0      _golabel
 0002:00001DA1      _paralead
 0002:00001FA1      _fmtlead
 0002:000021A2      _mainbuf
 0002:000021A8      _wlflag
 0002:000021AC      _clearflag
 0002:000021B0      _execlevel
 0002:000021B4      _eolexist
 0002:000021B8      _revexist
 0002:000021BC      _exec_error
 0002:000021C0      _flickcode
 0002:000021C4      _mouse_move
 0002:000021C8      _mmove_flag
 0002:000021CC      _newscreenflag
 0002:000021D0      _overlap
 0002:000021D4      _modename
 0002:00002200      _numfunc
 0002:00002204      _gmode
 0002:00002208      _gflags
 0002:0000220C      _gfcolor
 0002:00002210      _gbcolor
 0002:00002214      _deskcolor
 0002:00002218      _gasave
 0002:0000221C      _gacount
 0002:00002220      _sgarbf
 0002:00002224      _mpresf
 0002:00002228      _clexec
 0002:0000222C      _mstore
 0002:00002230      _discmd
 0002:00002234      _disinp
 0002:00002238      _modeflag
 0002:0000223C      _timeflag
 0002:00002240      _undoflag
 0002:00002244      _undoing
 0002:00002248      _lasttime
 0002:00002250      _popflag
 0002:00002254      _popwait
 0002:00002258      _posflag
 0002:0000225C      _cpending
 0002:00002260      _sscroll
 0002:00002264      _hscroll
 0002:00002268      _hscrollbar
 0002:0000226C      _vscrollbar
 0002:00002270      _hjump
 0002:00002274      _ssave
 0002:00002278      _bstore
 0002:0000227C      _vtrow
 0002:00002280      _vtcol
 0002:00002284      _ttrow
 0002:00002288      _ttcol
 0002:0000228C      _lbound
 0002:00002290      _taboff
 0002:00002294      _tabsize
 0002:00002298      _stabsize
 0002:0000229C      _reptc
 0002:000022A0      _abortc
 0002:000022A4      _sterm
 0002:000022A8      _isterm
 0002:000022AC      _searchtype
 0002:000022B0      _yankflag
 0002:000022B4      _prefix
 0002:000022B8      _prenum
 0002:000022BC      _predef
 0002:000022C0      _quotec
 0002:000022C4      _cname
 0002:00002304      _swindow
 0002:00002308      _cryptflag
 0002:0000230C      _oldcrypt
 0002:00002310      _kbdend
 0002:00002314      _kbdmode
 0002:00002318      _kbdrep
 0002:0000231C      _restflag
 0002:00002320      _lastkey
 0002:00002324      _seed
 0002:00002328      _envram
 0002:0000232C      _access_time
 0002:00002330      _macbug
 0002:00002334      _mouseflag
 0002:00002338      _diagflag
 0002:0000233C      _cmdstatus
 0002:00002340      _palstr
 0002:00002372      _lastmesg
 0002:00002573      _rval
 0002:00002774      _lastptr
 0002:00002778      _saveflag
 0002:0000277C      _fline
 0002:00002780      _flen
 0002:00002784      _eexitflag
 0002:00002788      _eexitval
 0002:0000278C      _xpos
 0002:00002790      _ypos
 0002:00002794      _nclicks
 0002:00002798      _disphigh
 0002:0000279C      _dispundo
 0002:000027A0      _defferupdate
 0002:000027A4      _notquiescent
 0002:000027A8      _fbusy
 0002:000027AC      _hilite
 0002:000027B0      _patmatch
 0002:000027B4      _magical
 0002:000027B6      _rmagical
 0002:000027B8      _dname
 0002:000027E0      _dname_len
 0002:000027F4      _keytab
 0002:00003AED      _modecode
 0002:00003B5B      _errorm
 0002:00003B61      _truem
 0002:00003B66      _falsem
 0002:00003D30      d19_1
 0002:00003D30      _lastypos
 0002:00003D34      _lastxpos
 0002:00003D38      _lastmcmd
 0002:00003D48      d20_1
 0002:00003DF0      d21_1
 0002:00003EB8      d22_1
 0002:00003FA0      d23_1
 0002:0000407C      d24_1
 0002:00004134      d25_1
 0002:00004240      d26_1
 0002:000042C4      d27_1
 0002:000043D0      d28_1
 0002:00004420      d29_1
 0002:0000449C      d30_1
 0002:000044F0      _revflag
 0002:000044F4      _term
 0002:00004548      _in_next
 0002:0000454C      _in_last
 0002:00004570      d229_1
 0002:00004574      d231_1
 0002:0000460C      d241_1
 0002:00004610      __heap_redirector
 0002:0000462C      d247_1
 0002:0000462C      __virt_heap_size
 0002:00004630      __virt_chunk_size
 0002:00004634      __virt_chunk_size2
 0002:00004638      __nv_heap_size
 0002:0000463C      __smalloc_threshold
 0002:00004640      __virt_chunk_free
 0002:00004644      __virt_chunk_free2
 0002:00004648      __firstHeap
 0002:0000464C      __lastHeap
 0002:00004650      __linktable
 0002:00004654      __freeStart
 0002:00004660      __rover
 0002:00004668      ___allocated
 0002:0000466C      ___xxPersonality
 0002:0000466C      d543_0
 0002:00004670      d545_1
 0002:00004990      d547_1
 0002:00004990      ___terminatePTR
 0002:00004994      ___unexpectdPTR
 0002:00004998      __chtbl__ std::terminate()
 0002:000049B8      __ectbl__ std::terminate()
 0002:000049CC      d549_1
 0002:000049CC      ___CPPexceptionList
 0002:000049D0      ___exceptFlags
 0002:000049D4      ___throwFileName
 0002:000049D8      ___throwLineNumber
 0002:000049DC      ___throwExceptionName
 0002:000049E0      ___exceptStaticBuffP
 0002:000049E4      ___exceptMemAllocVars
 0002:000049E8      ___ExceptStaticXbuff
 0002:00004A68      __ExceptVarsSize
 0002:00004A7C      __chtbl__ __call_terminate()
 0002:00004A9C      __ectbl__ __call_terminate()
 0002:00004AB0      d555_1
 0002:00004AB0      __stkchk
 0002:00004AC4      d591_1
 0002:00004AC4      __cfinfo_get
 0002:00004AC8      d645_1
 0002:00004AC8      __notUmask
 0002:00004ACC      __fileinfo
 0002:00004ACC      d671_0
 0002:00004AD0      d743_0
 0002:00004AD0      __streams
 0002:00004F80      d745_0
 0002:00004F80      __nfile
 0002:00004F84      __openfd
 0002:0000504C      d755_0
 0002:0000504C      __fmode
 0002:00005050      d757_1
 0002:00005050      __fmodeptr
 0002:00005054      __dosErrorToSV
 0002:00005054      d821_1
 0002:00005180      d845_1
 0002:0000518C      d847_1
 0002:00005194      d853_1
 0002:00005194      __sys_errlist
 0002:00005258      __sys_nerr
 0002:00005610      d881_1
 0002:00005694      d949_1
 0002:0000570C      d1029_0
 0002:0000570C      __chartype
 0002:00005910      d1031_1
 0002:00005910      __localeconvention
 0002:0000594C      d1033_1
 0002:0000599C      d1035_0
 0002:0000599C      __lower
 0002:00005A9C      d1039_0
 0002:00005A9C      __upper
 0002:00005B9C      d1057_1
 0002:00005B9C      ___mb_cur_max
 0002:00005BA0      ___localeLock
 0002:00005CB4      _CMonetary
 0002:00005CB4      d1059_0
 0002:00005CE8      _CNumeric
 0002:00005D00      _CTimeDate
 0002:00005DC4      _CLOCALE
 0002:00005DF0      ___locale
 0002:00005F14      d1061_1
 0002:00005F7C      d1191_1
 0002:0000603C      __realcvtptr
 0002:0000603C      d1247_1
 0002:00006040      __nextrealptr
 0002:00006044      __scantodptr
 0002:00006048      __scanrsltptr
 0002:000060A4      d1249_1
 0002:000060A4      __realcvtwptr
 0002:000060A8      __nextrealwptr
 0002:000060AC      __scanwtodptr
 0002:000060B0      __scanwrsltptr
 0002:0000610C      d1251_0
 0002:0000610C      __default87
 0002:00006110      d1305_0
 0002:00006110      __huge_flt
 0002:00006114      __huge_dble
 0002:0000611C      __huge_ldble
 0002:00006126      __max_flt
 0002:0000612A      __max_dble
 0002:00006132      __max_ldble
 0002:0000613C      __indefinite
 0002:00006140      __tiny_ldble
 0002:0000614C      ___ieee_64_p_inf
 0002:00006154      ___ieee_64_n_inf
 0002:0000615C      ___ieee_64_p_nanq
 0002:00006164      ___ieee_64_n_nanq
 0002:0000616C      ___ieee_64_p_nans
 0002:00006174      ___ieee_64_n_nans
 0002:0000617C      ___ieee_64_p_zero
 0002:00006184      ___ieee_64_n_zero
 0002:0000618C      d1315_0
 0002:0000618C      __turboFloat
 0002:00006190      __floatconvert
 0002:00006194      d1353_1
 0002:00006194      __pmatherr
 0002:00006198      __pmatherrl
 0002:0000619C      d1381_1
 0002:000061B0      d1383_1
 0002:000061D8      d1391_1
 0002:00006200      d1393_1
 0002:00006228      d1451_1
 0002:00006228      __kalpha
 0002:0000622A      __kpunct
 0002:00006270      d1587_1
 0002:00006294      d1603_1
 0002:000062B8      _errno
 0002:000062B8      d1605_1
 0002:000062BC      d1607_1
 0002:000062BC      __messagefunc
 0002:000062C0      __messagefile
 0002:000062CC      d1615_1
 0002:000062F4      d1635_1
 0002:00006314      d1637_0
 0002:00006314      ___pCallAtExitProcs
 0002:00006318      __exitbuf
 0002:00006318      d1673_1
 0002:0000631C      __exitfopen
 0002:00006320      __exitopen
 0002:00006324      __setargv_ptr
 0002:00006324      d1693_0
 0002:00006328      __exitargv_ptr
 0002:0000632C      d1695_0
 0002:0000632C      __wsetargv_ptr
 0002:00006330      __wexitargv_ptr
 0002:00006334      __setargv__
 0002:00006334      d1697_1
 0002:00006388      __cmdline_escapes
 0002:00006388      d1699_1
 0002:000063B0      d1701_1
 0002:000063D4      d1737_1
 0002:000063D8      d1745_1
 0002:000063DC      __argv_expand_ptr
 0002:000063DC      d1755_0
 0002:000063E0      d1757_0
 0002:000063E0      __wargv_expand_ptr
 0002:000063E4      __argv0
 0002:000063E4      d1759_1
 0002:00006404      d1765_1
 0002:00006404      __add_pid_ptr
 0002:00006434      d1773_1
 0002:00006434      __setenvp__
 0002:00006488      d1777_1
 0002:000064E8      d1781_1
 0002:00006504      __isWindows
 0002:00006504      d1795_0
 0002:00006508      d1797_1
 0002:0000650C      d1815_1
 0002:00006530      d1827_0
 0002:00006530      __SWeekday
 0002:0000654C      __LWeekday
 0002:00006568      __SMonth
 0002:00006598      __LMonth
 0002:000065C8      __AmPm
 0002:000065D0      __Days
 0002:000065DC      __YDays
 0002:000066F4      __timezone
 0002:000066F4      d1833_1
 0002:000066F8      __daylight
 0002:000066FC      d1835_1
 0002:000066FC      __tzname
 0002:0000670C      ___debuggerDisableTerminateCallback
 0002:0000670C      d1891_1
 0003:00000000      b4_2
 0003:00000100      b8_2
 0003:00000108      b10_2
 0003:00000F24      b13_2
 0003:00000F24      _ffp
 0003:00000F2C      b14_2
 0003:0000112C      b15_2
 0003:00001534      _kbdm
 0003:00001534      b18_2
 0003:00003534      _lterm
 0003:00003734      _wordlist
 0003:00003834      _obj
 0003:00003838      _charpending
 0003:0000383C      _kill_index
 0003:00003840      _kbufp
 0003:00003880      _kbufh
 0003:000038C0      _kskip
 0003:00003900      _kused
 0003:00003940      _kbdptr
 0003:00003944      _oquote
 0003:00003948      _cquote
 0003:0000394C      _currow
 0003:00003950      _curcol
 0003:00003954      _thisflag
 0003:00003958      _lastflag
 0003:0000395C      _curgoal
 0003:00003960      _curwp
 0003:00003964      _curbp
 0003:00003968      _wheadp
 0003:0000396C      _bheadp
 0003:00003970      _uv_head
 0003:00003974      _uv_global
 0003:00003978      _ab_head
 0003:0000397C      _ab_bell
 0003:00003980      _ab_cap
 0003:00003984      _ab_quick
 0003:00003988      _ab_word
 0003:00003B88      _ab_pos
 0003:00003B8C      _ab_end
 0003:00003B90      _first_screen
 0003:00003B94      _blistp
 0003:00003B98      _ulistp
 0003:00003B9C      _slistp
 0003:00003BA0      _sres
 0003:00003C20      _os
 0003:00003CA0      _lowcase
 0003:00003DA0      _upcase
 0003:00003EA0      _pat
 0003:000040A0      _tap
 0003:000042A0      _rpat
 0003:000044A0      _readhook
 0003:000044A8      _wraphook
 0003:000044B0      _cmdhook
 0003:000044B8      _writehook
 0003:000044C0      _exbhook
 0003:000044C8      _bufhook
 0003:000044D0      _exithook
 0003:000044D8      _matchlen
 0003:000044DC      _matchoff
 0003:000044E0      _matchline
 0003:000044E4      _mcpat
 0003:000054E4      _tapcm
 0003:000064E4      _mcdeltapat
 0003:000064F4      _tapatledcm
 0003:00006504      _rmcpat
 0003:00007504      _grpmatch
 0003:0000752C      _deltapat
 0003:00007B34      _tapatled
 0003:0000813C      _outline
 0003:0000833C      b22_2
 0003:00008340      b24_2
 0003:000083E4      b29_2
 0003:000089E4      _pBuf
 0003:00008AFC      _lDir
 0003:00008B00      _num_found
 0003:00008B04      _path
 0003:00008C04      _rbuf
 0003:00008D04      b30_2
 0003:00048E48      _in_buf
 0003:00048E88      __bormm_pfn_FreeMem
 0003:00048E88      b231_2
 0003:00048E8C      __bormm_pfn_GetMem
 0003:00048E90      __bormm_pfn_ReallocMem
 0003:00048E94      __bormm_pfn_HeapAddRef
 0003:00048E98      __bormm_pfn_HeapRelease
 0003:00048EA0      b545_2
 0003:000492B0      b549_2
 0003:000492B0      __DestructorCountPtr
 0003:000492B8      __HandlerPtr
 0003:000492B8      b555_2
 0003:000492BC      __UserHandlerPtr
 0003:000492C0      b745_1
 0003:000492C0      __pidtab
 0003:00049388      __handles
 0003:00049450      __doserrno
 0003:00049450      b821_2
 0003:00049454      b827_1
 0003:00049458      b845_2
 0003:00049458      __tmpnum
 0003:00049468      b1451_2
 0003:00049468      __mbctype
 0003:0004956C      __mbcsCodePage
 0003:00049570      b1587_2
 0003:00049670      b1603_2
 0003:0004968C      __ostype
 0003:0004968C      b1615_2
 0003:00049690      __argv
 0003:00049690      b1697_2
 0003:0004969C      b1699_2
 0003:000496A0      b1701_2
 0003:000496A4      b1773_2
 0003:000496A4      __environ
 0003:000496AC      __envsize
 0003:000496B0      __env_lock
 0003:000496B4      b1795_1
 0003:000496B4      __C0argc
 0003:000496B8      __C0argv
 0003:000496BC      __C0environ
 0003:000496C0      __oscmd
 0003:000496C4      __osenv
 0003:000496C8      __argc
 0003:000496CC      __dll_table
 0003:000496D4      __ExcRegPtr
 0003:000496D8      __wosenv
 0003:000496DC      __woscmd
 0003:000496E0      __wC0argv
 0003:000496E4      __wC0environ
 0003:000496E8      __exe_table
 0003:000496F0      __stkbase
 0003:000496F4      b1815_2
 0003:00049710      b1821_1
 0003:00049734      b1835_2
 0003:0004973C      b1891_2
 0003:00049740      ___pCPPdebugHook
 0004:00000000      ___xxInfo
 0004:00000000      t549_3
